<html>
<body>
<pre>
<h1>µVision Build Log</h1>
<h2>Tool Versions:</h2>
IDE-Version: µVision V5.12.0.0
Copyright (C) 2014 ARM Ltd and ARM Germany GmbH. All rights reserved.
License Information: Zachary Garrard, myself, LIC=----
 
Tool Versions:
Toolchain:       MDK-Lite  Version: 5.12.0.0
Toolchain Path:  C:\Keil_v5\ARM\ARMCC\Bin
C Compiler:      Armcc.exe V5.05 (build 41)
Assembler:       Armasm.exe V5.05 (build 41)
Linker/Locator:  ArmLink.exe V5.05 (build 41)
Library Manager: ArmAr.exe V5.05 (build 41)
Hex Converter:   FromElf.exe V5.05 (build 41)
CPU DLL:         SARMCM3.DLL V5.12.0.0
Dialog DLL:      DCM.DLL V1.13.0.0
Target DLL:      lmidk-agdi.dll V???
Dialog DLL:      TCM.DLL V1.14.2.0
 
<h2>Project:</h2>
C:\Users\Bre\Desktop\senior design project files and reciepts\Microcontroller Files\examples\boards\ek-tm4c123gxl\uart_echo\uart_echo.uvproj
Project File Date:  11/06/2015

<h2>Output:</h2>
Build target 'uart_echo'
compiling uart_echo.c...
..\..\..\..\driverlib/pin_map.h(42): warning:  #47-D: incompatible redefinition of macro "PART_TM4C123GH6PM"
  #define PART_TM4C123GH6PM
uart_echo.c: 1 warning, 0 errors
linking...
Program Size: Code=1496 RO-data=996 RW-data=0 ZI-data=256  
After Build - User command #1: fromelf --bin --output .\rvmdk\uart_echo.bin .\rvmdk\uart_echo.axf
".\rvmdk\uart_echo.axf" - 0 Error(s), 1 Warning(s).
Load "C:\\Users\\Bre\\Desktop\\senior design project files and reciepts\\Microcontroller Files\\examples\\boards\\ek-tm4c123gxl\\uart_echo\\rvmdk\\uart_echo.axf" 
Connecting: Mode=JTAG, Speed=1000000Hz
Erase Done.
Programming Done.
Verify OK.
</pre>
</body>
</html>
rget DLL has been cancelled
