Component: ARM Compiler 5.05 (build 41) Tool: armlink [4d0eb9]

==============================================================================

Section Cross References

    main.o(.text) refers to uart.o(.text) for UARTIntStatus
    main.o(.text) refers to gpio.o(.text) for GPIOPinWrite
    main.o(.text) refers to sysctl.o(.text) for SysCtlClockGet
    main.o(.text) refers to sysctl.o(.emb_text) for SysCtlDelay
    main.o(.text) refers to pwm.o(.text) for PWMGenConfigure
    main.o(.text) refers to interrupt.o(i.IntMasterEnable) for IntMasterEnable
    main.o(.text) refers to interrupt.o(i.IntEnable) for IntEnable
    main.o(.text) refers to qei.o(.text) for QEIDisable
    main.o(.text) refers to main.o(.bss) for drawingBuffer
    main.o(.text) refers to main.o(.data) for head
    pwm.o(.text) refers to interrupt.o(i.IntRegister) for IntRegister
    pwm.o(.text) refers to interrupt.o(i.IntEnable) for IntEnable
    pwm.o(.text) refers to interrupt.o(i.IntDisable) for IntDisable
    pwm.o(.text) refers to interrupt.o(i.IntUnregister) for IntUnregister
    sysctl.o(.text) refers to interrupt.o(i.IntRegister) for IntRegister
    sysctl.o(.text) refers to interrupt.o(i.IntEnable) for IntEnable
    sysctl.o(.text) refers to interrupt.o(i.IntDisable) for IntDisable
    sysctl.o(.text) refers to interrupt.o(i.IntUnregister) for IntUnregister
    sysctl.o(.text) refers to sysctl.o(.constdata) for g_sXTALtoMEMTIM
    sysctl.o(.text) refers to cpu.o(.emb_text) for CPUwfi
    sysctl.o(.text) refers to sysctl.o(.emb_text) for SysCtlDelay
    uart.o(.text) refers to interrupt.o(i.IntRegister) for IntRegister
    uart.o(.text) refers to interrupt.o(i.IntEnable) for IntEnable
    uart.o(.text) refers to interrupt.o(i.IntDisable) for IntDisable
    uart.o(.text) refers to interrupt.o(i.IntUnregister) for IntUnregister
    uart.o(.text) refers to uart.o(.constdata) for g_ppui32UARTIntMap
    gpio.o(.text) refers to interrupt.o(i.IntRegister) for IntRegister
    gpio.o(.text) refers to interrupt.o(i.IntEnable) for IntEnable
    gpio.o(.text) refers to interrupt.o(i.IntDisable) for IntDisable
    gpio.o(.text) refers to interrupt.o(i.IntUnregister) for IntUnregister
    gpio.o(.text) refers to gpio.o(.constdata) for g_ppui32GPIOIntMapBlizzard
    qei.o(.text) refers to interrupt.o(i.IntRegister) for IntRegister
    qei.o(.text) refers to interrupt.o(i.IntEnable) for IntEnable
    qei.o(.text) refers to interrupt.o(i.IntDisable) for IntDisable
    qei.o(.text) refers to interrupt.o(i.IntUnregister) for IntUnregister
    startup_tm4c123.o(STACK) refers (Special) to heapauxi.o(.text) for __use_two_region_memory
    startup_tm4c123.o(HEAP) refers (Special) to heapauxi.o(.text) for __use_two_region_memory
    startup_tm4c123.o(RESET) refers (Special) to heapauxi.o(.text) for __use_two_region_memory
    startup_tm4c123.o(RESET) refers to startup_tm4c123.o(STACK) for __initial_sp
    startup_tm4c123.o(RESET) refers to startup_tm4c123.o(.text) for Reset_Handler
    startup_tm4c123.o(RESET) refers to main.o(.text) for UART1_Handler
    startup_tm4c123.o(.text) refers (Special) to heapauxi.o(.text) for __use_two_region_memory
    startup_tm4c123.o(.text) refers to system_tm4c123.o(.text) for SystemInit
    startup_tm4c123.o(.text) refers to __main.o(!!!main) for __main
    startup_tm4c123.o(.text) refers to startup_tm4c123.o(HEAP) for Heap_Mem
    startup_tm4c123.o(.text) refers to startup_tm4c123.o(STACK) for Stack_Mem
    system_tm4c123.o(.text) refers to system_tm4c123.o(.data) for SystemCoreClock
    interrupt.o(i.IntDisable) refers to interrupt.o(.constdata) for .constdata
    interrupt.o(i.IntEnable) refers to interrupt.o(.constdata) for .constdata
    interrupt.o(i.IntIsEnabled) refers to interrupt.o(.constdata) for .constdata
    interrupt.o(i.IntMasterDisable) refers to cpu.o(.emb_text) for CPUcpsid
    interrupt.o(i.IntMasterEnable) refers to cpu.o(.emb_text) for CPUcpsie
    interrupt.o(i.IntPendClear) refers to interrupt.o(.constdata) for .constdata
    interrupt.o(i.IntPendSet) refers to interrupt.o(.constdata) for .constdata
    interrupt.o(i.IntPriorityGet) refers to interrupt.o(.constdata) for .constdata
    interrupt.o(i.IntPriorityGroupingGet) refers to interrupt.o(.constdata) for .constdata
    interrupt.o(i.IntPriorityGroupingSet) refers to interrupt.o(.constdata) for .constdata
    interrupt.o(i.IntPriorityMaskGet) refers to cpu.o(.emb_text) for CPUbasepriGet
    interrupt.o(i.IntPriorityMaskSet) refers to cpu.o(.emb_text) for CPUbasepriSet
    interrupt.o(i.IntPrioritySet) refers to interrupt.o(.constdata) for .constdata
    interrupt.o(i.IntRegister) refers to interrupt.o(vtable) for vtable
    interrupt.o(i.IntUnregister) refers to interrupt.o(i._IntDefaultHandler) for _IntDefaultHandler
    interrupt.o(i.IntUnregister) refers to interrupt.o(vtable) for vtable
    __main.o(!!!main) refers to __rtentry.o(.ARM.Collect$$rtentry$$00000000) for __rt_entry
    __rtentry.o(.ARM.Collect$$rtentry$$00000000) refers (Special) to __rtentry2.o(.ARM.Collect$$rtentry$$0000000A) for __rt_entry_li
    __rtentry.o(.ARM.Collect$$rtentry$$00000000) refers (Special) to __rtentry2.o(.ARM.Collect$$rtentry$$0000000D) for __rt_entry_main
    __rtentry.o(.ARM.Collect$$rtentry$$00000000) refers (Special) to __rtentry2.o(.ARM.Collect$$rtentry$$0000000C) for __rt_entry_postli_1
    __rtentry.o(.ARM.Collect$$rtentry$$00000000) refers (Special) to __rtentry2.o(.ARM.Collect$$rtentry$$00000009) for __rt_entry_postsh_1
    __rtentry.o(.ARM.Collect$$rtentry$$00000000) refers (Special) to __rtentry2.o(.ARM.Collect$$rtentry$$00000002) for __rt_entry_presh_1
    __rtentry.o(.ARM.Collect$$rtentry$$00000000) refers (Special) to __rtentry4.o(.ARM.Collect$$rtentry$$00000004) for __rt_entry_sh
    __rtentry2.o(.ARM.Collect$$rtentry$$00000008) refers to boardinit2.o(.text) for _platform_post_stackheap_init
    __rtentry2.o(.ARM.Collect$$rtentry$$0000000A) refers to libinit.o(.ARM.Collect$$libinit$$00000000) for __rt_lib_init
    __rtentry2.o(.ARM.Collect$$rtentry$$0000000B) refers to boardinit3.o(.text) for _platform_post_lib_init
    __rtentry2.o(.ARM.Collect$$rtentry$$0000000D) refers to main.o(.text) for main
    __rtentry2.o(.ARM.Collect$$rtentry$$0000000D) refers to exit.o(.text) for exit
    __rtentry2.o(.ARM.exidx) refers to __rtentry2.o(.ARM.Collect$$rtentry$$00000001) for .ARM.Collect$$rtentry$$00000001
    __rtentry2.o(.ARM.exidx) refers to __rtentry2.o(.ARM.Collect$$rtentry$$00000008) for .ARM.Collect$$rtentry$$00000008
    __rtentry2.o(.ARM.exidx) refers to __rtentry2.o(.ARM.Collect$$rtentry$$0000000A) for .ARM.Collect$$rtentry$$0000000A
    __rtentry2.o(.ARM.exidx) refers to __rtentry2.o(.ARM.Collect$$rtentry$$0000000B) for .ARM.Collect$$rtentry$$0000000B
    __rtentry2.o(.ARM.exidx) refers to __rtentry2.o(.ARM.Collect$$rtentry$$0000000D) for .ARM.Collect$$rtentry$$0000000D
    __rtentry4.o(.ARM.Collect$$rtentry$$00000004) refers to sys_stackheap_outer.o(.text) for __user_setup_stackheap
    __rtentry4.o(.ARM.exidx) refers to __rtentry4.o(.ARM.Collect$$rtentry$$00000004) for .ARM.Collect$$rtentry$$00000004
    sys_stackheap_outer.o(.text) refers to libspace.o(.text) for __user_perproc_libspace
    sys_stackheap_outer.o(.text) refers to startup_tm4c123.o(.text) for __user_initial_stackheap
    exit.o(.text) refers to rtexit.o(.ARM.Collect$$rtexit$$00000000) for __rt_exit
    libinit.o(.ARM.Collect$$libinit$$00000000) refers (Special) to libinit2.o(.ARM.Collect$$libinit$$0000002E) for __rt_lib_init_alloca_1
    libinit.o(.ARM.Collect$$libinit$$00000000) refers (Special) to libinit2.o(.ARM.Collect$$libinit$$0000002C) for __rt_lib_init_argv_1
    libinit.o(.ARM.Collect$$libinit$$00000000) refers (Special) to libinit2.o(.ARM.Collect$$libinit$$0000001B) for __rt_lib_init_atexit_1
    libinit.o(.ARM.Collect$$libinit$$00000000) refers (Special) to libinit2.o(.ARM.Collect$$libinit$$00000021) for __rt_lib_init_clock_1
    libinit.o(.ARM.Collect$$libinit$$00000000) refers (Special) to libinit2.o(.ARM.Collect$$libinit$$00000032) for __rt_lib_init_cpp_1
    libinit.o(.ARM.Collect$$libinit$$00000000) refers (Special) to libinit2.o(.ARM.Collect$$libinit$$00000030) for __rt_lib_init_exceptions_1
    libinit.o(.ARM.Collect$$libinit$$00000000) refers (Special) to libinit2.o(.ARM.Collect$$libinit$$00000001) for __rt_lib_init_fp_1
    libinit.o(.ARM.Collect$$libinit$$00000000) refers (Special) to libinit2.o(.ARM.Collect$$libinit$$0000001F) for __rt_lib_init_fp_trap_1
    libinit.o(.ARM.Collect$$libinit$$00000000) refers (Special) to libinit2.o(.ARM.Collect$$libinit$$00000023) for __rt_lib_init_getenv_1
    libinit.o(.ARM.Collect$$libinit$$00000000) refers (Special) to libinit2.o(.ARM.Collect$$libinit$$0000000A) for __rt_lib_init_heap_1
    libinit.o(.ARM.Collect$$libinit$$00000000) refers (Special) to libinit2.o(.ARM.Collect$$libinit$$00000011) for __rt_lib_init_lc_collate_1
    libinit.o(.ARM.Collect$$libinit$$00000000) refers (Special) to libinit2.o(.ARM.Collect$$libinit$$00000013) for __rt_lib_init_lc_ctype_1
    libinit.o(.ARM.Collect$$libinit$$00000000) refers (Special) to libinit2.o(.ARM.Collect$$libinit$$00000015) for __rt_lib_init_lc_monetary_1
    libinit.o(.ARM.Collect$$libinit$$00000000) refers (Special) to libinit2.o(.ARM.Collect$$libinit$$00000017) for __rt_lib_init_lc_numeric_1
    libinit.o(.ARM.Collect$$libinit$$00000000) refers (Special) to libinit2.o(.ARM.Collect$$libinit$$00000019) for __rt_lib_init_lc_time_1
    libinit.o(.ARM.Collect$$libinit$$00000000) refers (Special) to libinit2.o(.ARM.Collect$$libinit$$00000004) for __rt_lib_init_preinit_1
    libinit.o(.ARM.Collect$$libinit$$00000000) refers (Special) to libinit2.o(.ARM.Collect$$libinit$$0000000E) for __rt_lib_init_rand_1
    libinit.o(.ARM.Collect$$libinit$$00000000) refers (Special) to libinit2.o(.ARM.Collect$$libinit$$00000033) for __rt_lib_init_return
    libinit.o(.ARM.Collect$$libinit$$00000000) refers (Special) to libinit2.o(.ARM.Collect$$libinit$$0000001D) for __rt_lib_init_signal_1
    libinit.o(.ARM.Collect$$libinit$$00000000) refers (Special) to libinit2.o(.ARM.Collect$$libinit$$00000025) for __rt_lib_init_stdio_1
    libinit.o(.ARM.Collect$$libinit$$00000000) refers (Special) to libinit2.o(.ARM.Collect$$libinit$$0000000C) for __rt_lib_init_user_alloc_1
    libspace.o(.text) refers to libspace.o(.bss) for __libspace_start
    rtexit.o(.ARM.Collect$$rtexit$$00000000) refers (Special) to rtexit2.o(.ARM.Collect$$rtexit$$00000004) for __rt_exit_exit
    rtexit.o(.ARM.Collect$$rtexit$$00000000) refers (Special) to rtexit2.o(.ARM.Collect$$rtexit$$00000003) for __rt_exit_ls
    rtexit.o(.ARM.Collect$$rtexit$$00000000) refers (Special) to rtexit2.o(.ARM.Collect$$rtexit$$00000002) for __rt_exit_prels_1
    rtexit.o(.ARM.exidx) refers (Special) to rtexit2.o(.ARM.Collect$$rtexit$$00000004) for __rt_exit_exit
    rtexit.o(.ARM.exidx) refers (Special) to rtexit2.o(.ARM.Collect$$rtexit$$00000003) for __rt_exit_ls
    rtexit.o(.ARM.exidx) refers (Special) to rtexit2.o(.ARM.Collect$$rtexit$$00000002) for __rt_exit_prels_1
    rtexit.o(.ARM.exidx) refers to rtexit.o(.ARM.Collect$$rtexit$$00000000) for .ARM.Collect$$rtexit$$00000000
    libinit2.o(.ARM.Collect$$libinit$$00000001) refers to fpinit.o(x$fpl$fpinit) for _fp_init
    libinit2.o(.ARM.Collect$$libinit$$00000010) refers to libinit2.o(.ARM.Collect$$libinit$$0000000F) for .ARM.Collect$$libinit$$0000000F
    libinit2.o(.ARM.Collect$$libinit$$00000012) refers to libinit2.o(.ARM.Collect$$libinit$$0000000F) for .ARM.Collect$$libinit$$0000000F
    libinit2.o(.ARM.Collect$$libinit$$00000014) refers to libinit2.o(.ARM.Collect$$libinit$$0000000F) for .ARM.Collect$$libinit$$0000000F
    libinit2.o(.ARM.Collect$$libinit$$00000016) refers to libinit2.o(.ARM.Collect$$libinit$$0000000F) for .ARM.Collect$$libinit$$0000000F
    libinit2.o(.ARM.Collect$$libinit$$00000018) refers to libinit2.o(.ARM.Collect$$libinit$$0000000F) for .ARM.Collect$$libinit$$0000000F
    libinit2.o(.ARM.Collect$$libinit$$00000026) refers to argv_veneer.o(.emb_text) for __ARM_argv_veneer
    libinit2.o(.ARM.Collect$$libinit$$00000027) refers to argv_veneer.o(.emb_text) for __ARM_argv_veneer
    rtexit2.o(.ARM.Collect$$rtexit$$00000003) refers to libshutdown.o(.ARM.Collect$$libshutdown$$00000000) for __rt_lib_shutdown
    rtexit2.o(.ARM.Collect$$rtexit$$00000004) refers to sys_exit.o(.text) for _sys_exit
    rtexit2.o(.ARM.exidx) refers to rtexit2.o(.ARM.Collect$$rtexit$$00000001) for .ARM.Collect$$rtexit$$00000001
    rtexit2.o(.ARM.exidx) refers to rtexit2.o(.ARM.Collect$$rtexit$$00000003) for .ARM.Collect$$rtexit$$00000003
    rtexit2.o(.ARM.exidx) refers to rtexit2.o(.ARM.Collect$$rtexit$$00000004) for .ARM.Collect$$rtexit$$00000004
    argv_veneer.o(.emb_text) refers to no_argv.o(.text) for __ARM_get_argv
    sys_exit.o(.text) refers (Special) to use_no_semi.o(.text) for __I$use$semihosting
    sys_exit.o(.text) refers (Special) to indicate_semi.o(.text) for __semihosting_library_function
    _get_argv_nomalloc.o(.text) refers (Special) to hrguard.o(.text) for __heap_region$guard
    _get_argv_nomalloc.o(.text) refers to defsig_rtmem_outer.o(.text) for __rt_SIGRTMEM
    _get_argv_nomalloc.o(.text) refers to sys_command.o(.text) for _sys_command_string
    libshutdown.o(.ARM.Collect$$libshutdown$$00000000) refers (Special) to libshutdown2.o(.ARM.Collect$$libshutdown$$00000006) for __rt_lib_shutdown_fp_trap_1
    libshutdown.o(.ARM.Collect$$libshutdown$$00000000) refers (Special) to libshutdown2.o(.ARM.Collect$$libshutdown$$0000000E) for __rt_lib_shutdown_heap_1
    libshutdown.o(.ARM.Collect$$libshutdown$$00000000) refers (Special) to libshutdown2.o(.ARM.Collect$$libshutdown$$0000000F) for __rt_lib_shutdown_return
    libshutdown.o(.ARM.Collect$$libshutdown$$00000000) refers (Special) to libshutdown2.o(.ARM.Collect$$libshutdown$$00000009) for __rt_lib_shutdown_signal_1
    libshutdown.o(.ARM.Collect$$libshutdown$$00000000) refers (Special) to libshutdown2.o(.ARM.Collect$$libshutdown$$00000003) for __rt_lib_shutdown_stdio_1
    libshutdown.o(.ARM.Collect$$libshutdown$$00000000) refers (Special) to libshutdown2.o(.ARM.Collect$$libshutdown$$0000000B) for __rt_lib_shutdown_user_alloc_1
    sys_command.o(.text) refers (Special) to use_no_semi.o(.text) for __I$use$semihosting
    sys_command.o(.text) refers (Special) to indicate_semi.o(.text) for __semihosting_library_function
    defsig_rtmem_outer.o(.text) refers to defsig_rtmem_inner.o(.text) for __rt_SIGRTMEM_inner
    defsig_rtmem_outer.o(.text) refers to defsig_exit.o(.text) for __sig_exit
    defsig_rtmem_formal.o(.text) refers to rt_raise.o(.text) for __rt_raise
    rt_raise.o(.text) refers to __raise.o(.text) for __raise
    rt_raise.o(.text) refers to sys_exit.o(.text) for _sys_exit
    defsig_exit.o(.text) refers to sys_exit.o(.text) for _sys_exit
    defsig_rtmem_inner.o(.text) refers to defsig_general.o(.text) for __default_signal_display
    __raise.o(.text) refers to defsig.o(CL$$defsig) for __default_signal_handler
    defsig_general.o(.text) refers to sys_wrch.o(.text) for _ttywrch
    sys_wrch.o(.text) refers (Special) to use_no_semi.o(.text) for __I$use$semihosting
    sys_wrch.o(.text) refers (Special) to indicate_semi.o(.text) for __semihosting_library_function
    defsig.o(CL$$defsig) refers to defsig_rtmem_inner.o(.text) for __rt_SIGRTMEM_inner
    defsig_abrt_inner.o(.text) refers to defsig_general.o(.text) for __default_signal_display
    defsig_fpe_inner.o(.text) refers to defsig_general.o(.text) for __default_signal_display
    defsig_rtred_inner.o(.text) refers to defsig_general.o(.text) for __default_signal_display
    defsig_stak_inner.o(.text) refers to defsig_general.o(.text) for __default_signal_display
    defsig_pvfn_inner.o(.text) refers to defsig_general.o(.text) for __default_signal_display
    defsig_cppl_inner.o(.text) refers to defsig_general.o(.text) for __default_signal_display
    defsig_segv_inner.o(.text) refers to defsig_general.o(.text) for __default_signal_display
    defsig_other.o(.text) refers to defsig_general.o(.text) for __default_signal_display


==============================================================================

Removing Unused input sections from the image.

    Removing system_tm4c123.o(.rev16_text), (4 bytes).
    Removing system_tm4c123.o(.revsh_text), (4 bytes).
    Removing system_tm4c123.o(.rrx_text), (6 bytes).
    Removing interrupt.o(i.IntIsEnabled), (96 bytes).
    Removing interrupt.o(i.IntMasterDisable), (14 bytes).
    Removing interrupt.o(i.IntPendClear), (68 bytes).
    Removing interrupt.o(i.IntPendSet), (84 bytes).
    Removing interrupt.o(i.IntPriorityGet), (28 bytes).
    Removing interrupt.o(i.IntPriorityGroupingGet), (36 bytes).
    Removing interrupt.o(i.IntPriorityGroupingSet), (28 bytes).
    Removing interrupt.o(i.IntPriorityMaskGet), (4 bytes).
    Removing interrupt.o(i.IntPriorityMaskSet), (4 bytes).
    Removing interrupt.o(i.IntPrioritySet), (40 bytes).
    Removing interrupt.o(i.IntTrigger), (12 bytes).

14 unused section(s) (total 428 bytes) removed from the image.

==============================================================================

Image Symbol Table

    Local Symbols

    Symbol Name                              Value     Ov Type        Size  Object(Section)

    RESET                                    0x00000000   Section      620  startup_tm4c123.o(RESET)
    ../clib/angel/boardlib.s                 0x00000000   Number         0  boardinit3.o ABSOLUTE
    ../clib/angel/boardlib.s                 0x00000000   Number         0  boardinit2.o ABSOLUTE
    ../clib/angel/boardlib.s                 0x00000000   Number         0  boardinit1.o ABSOLUTE
    ../clib/angel/boardlib.s                 0x00000000   Number         0  boardshut.o ABSOLUTE
    ../clib/angel/dczerorl.s                 0x00000000   Number         0  __dczerorl.o ABSOLUTE
    ../clib/angel/handlers.s                 0x00000000   Number         0  __scatter_zi.o ABSOLUTE
    ../clib/angel/kernel.s                   0x00000000   Number         0  rtexit2.o ABSOLUTE
    ../clib/angel/kernel.s                   0x00000000   Number         0  __rtentry2.o ABSOLUTE
    ../clib/angel/kernel.s                   0x00000000   Number         0  __rtentry.o ABSOLUTE
    ../clib/angel/kernel.s                   0x00000000   Number         0  rtexit.o ABSOLUTE
    ../clib/angel/kernel.s                   0x00000000   Number         0  __rtentry4.o ABSOLUTE
    ../clib/angel/rt.s                       0x00000000   Number         0  rt_raise.o ABSOLUTE
    ../clib/angel/scatter.s                  0x00000000   Number         0  __scatter.o ABSOLUTE
    ../clib/angel/startup.s                  0x00000000   Number         0  __main.o ABSOLUTE
    ../clib/angel/sys.s                      0x00000000   Number         0  use_no_semi.o ABSOLUTE
    ../clib/angel/sys.s                      0x00000000   Number         0  indicate_semi.o ABSOLUTE
    ../clib/angel/sys.s                      0x00000000   Number         0  libspace.o ABSOLUTE
    ../clib/angel/sys.s                      0x00000000   Number         0  sys_stackheap_outer.o ABSOLUTE
    ../clib/angel/sysapp.c                   0x00000000   Number         0  sys_exit.o ABSOLUTE
    ../clib/angel/sysapp.c                   0x00000000   Number         0  sys_command.o ABSOLUTE
    ../clib/angel/sysapp.c                   0x00000000   Number         0  sys_wrch.o ABSOLUTE
    ../clib/armsys.c                         0x00000000   Number         0  _get_argv_nomalloc.o ABSOLUTE
    ../clib/armsys.c                         0x00000000   Number         0  argv_veneer.o ABSOLUTE
    ../clib/armsys.c                         0x00000000   Number         0  no_argv.o ABSOLUTE
    ../clib/armsys.c                         0x00000000   Number         0  argv_veneer.o ABSOLUTE
    ../clib/heapalloc.c                      0x00000000   Number         0  hrguard.o ABSOLUTE
    ../clib/heapaux.c                        0x00000000   Number         0  heapauxi.o ABSOLUTE
    ../clib/libinit.s                        0x00000000   Number         0  libshutdown.o ABSOLUTE
    ../clib/libinit.s                        0x00000000   Number         0  libinit2.o ABSOLUTE
    ../clib/libinit.s                        0x00000000   Number         0  libinit.o ABSOLUTE
    ../clib/libinit.s                        0x00000000   Number         0  libshutdown2.o ABSOLUTE
    ../clib/signal.c                         0x00000000   Number         0  defsig_fpe_inner.o ABSOLUTE
    ../clib/signal.c                         0x00000000   Number         0  defsig_rtmem_inner.o ABSOLUTE
    ../clib/signal.c                         0x00000000   Number         0  defsig_other.o ABSOLUTE
    ../clib/signal.c                         0x00000000   Number         0  defsig_segv_inner.o ABSOLUTE
    ../clib/signal.c                         0x00000000   Number         0  defsig_cppl_inner.o ABSOLUTE
    ../clib/signal.c                         0x00000000   Number         0  defsig_pvfn_inner.o ABSOLUTE
    ../clib/signal.c                         0x00000000   Number         0  defsig_stak_inner.o ABSOLUTE
    ../clib/signal.c                         0x00000000   Number         0  defsig_rtred_inner.o ABSOLUTE
    ../clib/signal.c                         0x00000000   Number         0  defsig_abrt_inner.o ABSOLUTE
    ../clib/signal.c                         0x00000000   Number         0  defsig_general.o ABSOLUTE
    ../clib/signal.c                         0x00000000   Number         0  __raise.o ABSOLUTE
    ../clib/signal.c                         0x00000000   Number         0  defsig_exit.o ABSOLUTE
    ../clib/signal.c                         0x00000000   Number         0  defsig_rtmem_formal.o ABSOLUTE
    ../clib/signal.c                         0x00000000   Number         0  defsig_rtmem_outer.o ABSOLUTE
    ../clib/signal.s                         0x00000000   Number         0  defsig.o ABSOLUTE
    ../clib/stdlib.c                         0x00000000   Number         0  exit.o ABSOLUTE
    ../fplib/fpinit.s                        0x00000000   Number         0  fpinit.o ABSOLUTE
    RTE\Device\TM4C123GH6PM\startup_TM4C123.s 0x00000000   Number         0  startup_tm4c123.o ABSOLUTE
    RTE\Device\TM4C123GH6PM\system_TM4C123.c 0x00000000   Number         0  system_tm4c123.o ABSOLUTE
    RTE\\Device\\TM4C123GH6PM\\system_TM4C123.c 0x00000000   Number         0  system_tm4c123.o ABSOLUTE
    cpu.c                                    0x00000000   Number         0  cpu.o ABSOLUTE
    cpu.c                                    0x00000000   Number         0  cpu.o ABSOLUTE
    dc.s                                     0x00000000   Number         0  dc.o ABSOLUTE
    driverlib\\sysctl.c                      0x00000000   Number         0  sysctl.o ABSOLUTE
    driverlib\gpio.c                         0x00000000   Number         0  gpio.o ABSOLUTE
    driverlib\pwm.c                          0x00000000   Number         0  pwm.o ABSOLUTE
    driverlib\qei.c                          0x00000000   Number         0  qei.o ABSOLUTE
    driverlib\sysctl.c                       0x00000000   Number         0  sysctl.o ABSOLUTE
    driverlib\uart.c                         0x00000000   Number         0  uart.o ABSOLUTE
    interrupt.c                              0x00000000   Number         0  interrupt.o ABSOLUTE
    main.c                                   0x00000000   Number         0  main.o ABSOLUTE
    !!!main                                  0x0000026c   Section        8  __main.o(!!!main)
    !!!scatter                               0x00000274   Section       52  __scatter.o(!!!scatter)
    !!dczerorl                               0x000002a8   Section       58  __dczerorl.o(!!dczerorl)
    !!handler_zi                             0x000002e4   Section       28  __scatter_zi.o(!!handler_zi)
    .ARM.Collect$$libinit$$00000000          0x00000300   Section        2  libinit.o(.ARM.Collect$$libinit$$00000000)
    .ARM.Collect$$libinit$$00000001          0x00000302   Section        4  libinit2.o(.ARM.Collect$$libinit$$00000001)
    .ARM.Collect$$libinit$$00000004          0x00000306   Section        0  libinit2.o(.ARM.Collect$$libinit$$00000004)
    .ARM.Collect$$libinit$$0000000A          0x00000306   Section        0  libinit2.o(.ARM.Collect$$libinit$$0000000A)
    .ARM.Collect$$libinit$$0000000C          0x00000306   Section        0  libinit2.o(.ARM.Collect$$libinit$$0000000C)
    .ARM.Collect$$libinit$$0000000E          0x00000306   Section        0  libinit2.o(.ARM.Collect$$libinit$$0000000E)
    .ARM.Collect$$libinit$$00000011          0x00000306   Section        0  libinit2.o(.ARM.Collect$$libinit$$00000011)
    .ARM.Collect$$libinit$$00000013          0x00000306   Section        0  libinit2.o(.ARM.Collect$$libinit$$00000013)
    .ARM.Collect$$libinit$$00000015          0x00000306   Section        0  libinit2.o(.ARM.Collect$$libinit$$00000015)
    .ARM.Collect$$libinit$$00000017          0x00000306   Section        0  libinit2.o(.ARM.Collect$$libinit$$00000017)
    .ARM.Collect$$libinit$$00000019          0x00000306   Section        0  libinit2.o(.ARM.Collect$$libinit$$00000019)
    .ARM.Collect$$libinit$$0000001B          0x00000306   Section        0  libinit2.o(.ARM.Collect$$libinit$$0000001B)
    .ARM.Collect$$libinit$$0000001D          0x00000306   Section        0  libinit2.o(.ARM.Collect$$libinit$$0000001D)
    .ARM.Collect$$libinit$$0000001F          0x00000306   Section        0  libinit2.o(.ARM.Collect$$libinit$$0000001F)
    .ARM.Collect$$libinit$$00000021          0x00000306   Section        0  libinit2.o(.ARM.Collect$$libinit$$00000021)
    .ARM.Collect$$libinit$$00000023          0x00000306   Section        0  libinit2.o(.ARM.Collect$$libinit$$00000023)
    .ARM.Collect$$libinit$$00000025          0x00000306   Section        0  libinit2.o(.ARM.Collect$$libinit$$00000025)
    .ARM.Collect$$libinit$$0000002C          0x00000306   Section        0  libinit2.o(.ARM.Collect$$libinit$$0000002C)
    .ARM.Collect$$libinit$$0000002E          0x00000306   Section        0  libinit2.o(.ARM.Collect$$libinit$$0000002E)
    .ARM.Collect$$libinit$$00000030          0x00000306   Section        0  libinit2.o(.ARM.Collect$$libinit$$00000030)
    .ARM.Collect$$libinit$$00000032          0x00000306   Section        0  libinit2.o(.ARM.Collect$$libinit$$00000032)
    .ARM.Collect$$libinit$$00000033          0x00000306   Section        2  libinit2.o(.ARM.Collect$$libinit$$00000033)
    .ARM.Collect$$libshutdown$$00000000      0x00000308   Section        2  libshutdown.o(.ARM.Collect$$libshutdown$$00000000)
    .ARM.Collect$$libshutdown$$00000003      0x0000030a   Section        0  libshutdown2.o(.ARM.Collect$$libshutdown$$00000003)
    .ARM.Collect$$libshutdown$$00000006      0x0000030a   Section        0  libshutdown2.o(.ARM.Collect$$libshutdown$$00000006)
    .ARM.Collect$$libshutdown$$00000009      0x0000030a   Section        0  libshutdown2.o(.ARM.Collect$$libshutdown$$00000009)
    .ARM.Collect$$libshutdown$$0000000B      0x0000030a   Section        0  libshutdown2.o(.ARM.Collect$$libshutdown$$0000000B)
    .ARM.Collect$$libshutdown$$0000000E      0x0000030a   Section        0  libshutdown2.o(.ARM.Collect$$libshutdown$$0000000E)
    .ARM.Collect$$libshutdown$$0000000F      0x0000030a   Section        2  libshutdown2.o(.ARM.Collect$$libshutdown$$0000000F)
    .ARM.Collect$$rtentry$$00000000          0x0000030c   Section        0  __rtentry.o(.ARM.Collect$$rtentry$$00000000)
    .ARM.Collect$$rtentry$$00000002          0x0000030c   Section        0  __rtentry2.o(.ARM.Collect$$rtentry$$00000002)
    .ARM.Collect$$rtentry$$00000004          0x0000030c   Section        6  __rtentry4.o(.ARM.Collect$$rtentry$$00000004)
    .ARM.Collect$$rtentry$$00000009          0x00000312   Section        0  __rtentry2.o(.ARM.Collect$$rtentry$$00000009)
    .ARM.Collect$$rtentry$$0000000A          0x00000312   Section        4  __rtentry2.o(.ARM.Collect$$rtentry$$0000000A)
    .ARM.Collect$$rtentry$$0000000C          0x00000316   Section        0  __rtentry2.o(.ARM.Collect$$rtentry$$0000000C)
    .ARM.Collect$$rtentry$$0000000D          0x00000316   Section        8  __rtentry2.o(.ARM.Collect$$rtentry$$0000000D)
    .ARM.Collect$$rtexit$$00000000           0x0000031e   Section        2  rtexit.o(.ARM.Collect$$rtexit$$00000000)
    .ARM.Collect$$rtexit$$00000002           0x00000320   Section        0  rtexit2.o(.ARM.Collect$$rtexit$$00000002)
    .ARM.Collect$$rtexit$$00000003           0x00000320   Section        4  rtexit2.o(.ARM.Collect$$rtexit$$00000003)
    .ARM.Collect$$rtexit$$00000004           0x00000324   Section        6  rtexit2.o(.ARM.Collect$$rtexit$$00000004)
    .emb_text                                0x0000032c   Section        6  sysctl.o(.emb_text)
    $v0                                      0x0000032c   Number         0  sysctl.o(.emb_text)
    .emb_text                                0x00000334   Section       38  cpu.o(.emb_text)
    $v0                                      0x00000334   Number         0  cpu.o(.emb_text)
    .text                                    0x0000035c   Section        0  main.o(.text)
    .text                                    0x00000ab4   Section        0  pwm.o(.text)
    _PWMGenIntNumberGet                      0x00000be7   Thumb Code   248  pwm.o(.text)
    _PWMFaultIntNumberGet                    0x00000d23   Thumb Code    62  pwm.o(.text)
    .text                                    0x00000f14   Section        0  sysctl.o(.text)
    _SysCtlMemTimingGet                      0x00000f15   Thumb Code    36  sysctl.o(.text)
    _SysCtlFrequencyGet                      0x00000f39   Thumb Code    96  sysctl.o(.text)
    .text                                    0x00001a68   Section        0  uart.o(.text)
    _UARTIntNumberGet                        0x00001a69   Thumb Code    56  uart.o(.text)
    .text                                    0x00001d98   Section        0  gpio.o(.text)
    _GPIOIntNumberGet                        0x00001d99   Thumb Code    56  gpio.o(.text)
    .text                                    0x00002590   Section        0  qei.o(.text)
    _QEIIntNumberGet                         0x00002605   Thumb Code    62  qei.o(.text)
    .text                                    0x000026b0   Section      276  startup_tm4c123.o(.text)
    $v0                                      0x000026b0   Number         0  startup_tm4c123.o(.text)
    .text                                    0x000027c4   Section        0  system_tm4c123.o(.text)
    getOscClk                                0x000027c5   Thumb Code   182  system_tm4c123.o(.text)
    .text                                    0x00002a14   Section        0  heapauxi.o(.text)
    .text                                    0x00002a1a   Section       74  sys_stackheap_outer.o(.text)
    .text                                    0x00002a64   Section        0  exit.o(.text)
    .text                                    0x00002a70   Section        8  libspace.o(.text)
    .text                                    0x00002a78   Section        0  sys_exit.o(.text)
    .text                                    0x00002a84   Section        2  use_no_semi.o(.text)
    .text                                    0x00002a86   Section        0  indicate_semi.o(.text)
    i.IntDisable                             0x00002a88   Section        0  interrupt.o(i.IntDisable)
    i.IntEnable                              0x00002aec   Section        0  interrupt.o(i.IntEnable)
    i.IntMasterEnable                        0x00002b50   Section        0  interrupt.o(i.IntMasterEnable)
    i.IntRegister                            0x00002b60   Section        0  interrupt.o(i.IntRegister)
    i.IntUnregister                          0x00002b94   Section        0  interrupt.o(i.IntUnregister)
    i._IntDefaultHandler                     0x00002ba8   Section        0  interrupt.o(i._IntDefaultHandler)
    _IntDefaultHandler                       0x00002ba9   Thumb Code     2  interrupt.o(i._IntDefaultHandler)
    x$fpl$fpinit                             0x00002baa   Section       10  fpinit.o(x$fpl$fpinit)
    $v0                                      0x00002baa   Number         0  fpinit.o(x$fpl$fpinit)
    .constdata                               0x00002bb4   Section      452  sysctl.o(.constdata)
    g_pui32Xtals                             0x00002bb4   Data         108  sysctl.o(.constdata)
    g_pppui32XTALtoVCO                       0x00002c20   Data         288  sysctl.o(.constdata)
    g_sXTALtoMEMTIM                          0x00002d40   Data          48  sysctl.o(.constdata)
    g_pui32VCOFrequencies                    0x00002d70   Data           8  sysctl.o(.constdata)
    .constdata                               0x00002d78   Section      128  uart.o(.constdata)
    g_ppui32UARTIntMap                       0x00002d78   Data          64  uart.o(.constdata)
    g_ppui32UARTIntMapSnowflake              0x00002db8   Data          64  uart.o(.constdata)
    .constdata                               0x00002df8   Section      528  gpio.o(.constdata)
    g_ppui32GPIOIntMapBlizzard               0x00002df8   Data         192  gpio.o(.constdata)
    g_ppui32GPIOIntMapSnowflake              0x00002eb8   Data         192  gpio.o(.constdata)
    g_pui32GPIOBaseAddrs                     0x00002f78   Data         144  gpio.o(.constdata)
    .constdata                               0x00003008   Section      268  interrupt.o(.constdata)
    g_pui32Priority                          0x00003008   Data          32  interrupt.o(.constdata)
    g_pui32Regs                              0x00003028   Data         156  interrupt.o(.constdata)
    g_pui32EnRegs                            0x000030c4   Data          20  interrupt.o(.constdata)
    g_pui32Dii16Regs                         0x000030d8   Data          20  interrupt.o(.constdata)
    g_pui32PendRegs                          0x000030ec   Data          20  interrupt.o(.constdata)
    g_pui32UnpendRegs                        0x00003100   Data          20  interrupt.o(.constdata)
    .data                                    0x20000000   Section       44  main.o(.data)
    .data                                    0x2000002c   Section        4  system_tm4c123.o(.data)
    vtable                                   0x20000400   Section      620  interrupt.o(vtable)
    g_pfnRAMVectors                          0x20000400   Data         620  interrupt.o(vtable)
    .bss                                     0x2000066c   Section    10010  main.o(.bss)
    .bss                                     0x20002d88   Section       96  libspace.o(.bss)
    HEAP                                     0x20002de8   Section        0  startup_tm4c123.o(HEAP)
    STACK                                    0x20002de8   Section      512  startup_tm4c123.o(STACK)
    Heap_Mem                                 0x20002de8   Data           0  startup_tm4c123.o(HEAP)
    Stack_Mem                                0x20002de8   Data         512  startup_tm4c123.o(STACK)
    __initial_sp                             0x20002fe8   Data           0  startup_tm4c123.o(STACK)

    Global Symbols

    Symbol Name                              Value     Ov Type        Size  Object(Section)

    BuildAttributes$$THM_ISAv4$E$P$D$K$B$S$7EM$VFPi3$EXTD16$VFPS$VFMA$PE$A:L22UL41UL21$X:L11$S22US41US21$IEEE1$IW$USESV6$~STKCKD$USESV7$~SHL$OTIME$ROPI$EBA8$UX$STANDARDLIB$REQ8$PRES8$EABIv2 0x00000000   Number         0  anon$$obj.o ABSOLUTE
    __ARM_use_no_argv                        0x00000000   Number         0  main.o ABSOLUTE
    __Vectors                                0x00000000   Data           4  startup_tm4c123.o(RESET)
    __ARM_exceptions_init                     - Undefined Weak Reference
    __alloca_initialize                       - Undefined Weak Reference
    __arm_preinit_                            - Undefined Weak Reference
    __cpp_initialize__aeabi_                  - Undefined Weak Reference
    __cxa_finalize                            - Undefined Weak Reference
    __rt_locale                               - Undefined Weak Reference
    __sigvec_lookup                           - Undefined Weak Reference
    _atexit_init                              - Undefined Weak Reference
    _call_atexit_fns                          - Undefined Weak Reference
    _clock_init                               - Undefined Weak Reference
    _fp_trap_init                             - Undefined Weak Reference
    _fp_trap_shutdown                         - Undefined Weak Reference
    _get_lc_collate                           - Undefined Weak Reference
    _get_lc_ctype                             - Undefined Weak Reference
    _get_lc_monetary                          - Undefined Weak Reference
    _get_lc_numeric                           - Undefined Weak Reference
    _get_lc_time                              - Undefined Weak Reference
    _getenv_init                              - Undefined Weak Reference
    _handle_redirection                       - Undefined Weak Reference
    _init_alloc                               - Undefined Weak Reference
    _init_user_alloc                          - Undefined Weak Reference
    _initio                                   - Undefined Weak Reference
    _rand_init                                - Undefined Weak Reference
    _signal_finish                            - Undefined Weak Reference
    _signal_init                              - Undefined Weak Reference
    _terminate_alloc                          - Undefined Weak Reference
    _terminate_user_alloc                     - Undefined Weak Reference
    _terminateio                              - Undefined Weak Reference
    __Vectors_End                            0x0000026c   Data           0  startup_tm4c123.o(RESET)
    __Vectors_Size                           0x0000026c   Number         0  startup_tm4c123.o ABSOLUTE
    __main                                   0x0000026d   Thumb Code     8  __main.o(!!!main)
    __scatterload                            0x00000275   Thumb Code     0  __scatter.o(!!!scatter)
    __scatterload_rt2                        0x00000275   Thumb Code    44  __scatter.o(!!!scatter)
    __scatterload_rt2_thumb_only             0x00000275   Thumb Code     0  __scatter.o(!!!scatter)
    __scatterload_null                       0x00000283   Thumb Code     0  __scatter.o(!!!scatter)
    __decompress                             0x000002a9   Thumb Code    58  __dczerorl.o(!!dczerorl)
    __decompress0                            0x000002a9   Thumb Code     0  __dczerorl.o(!!dczerorl)
    __scatterload_zeroinit                   0x000002e5   Thumb Code    28  __scatter_zi.o(!!handler_zi)
    __rt_lib_init                            0x00000301   Thumb Code     0  libinit.o(.ARM.Collect$$libinit$$00000000)
    __rt_lib_init_fp_1                       0x00000303   Thumb Code     0  libinit2.o(.ARM.Collect$$libinit$$00000001)
    __rt_lib_init_alloca_1                   0x00000307   Thumb Code     0  libinit2.o(.ARM.Collect$$libinit$$0000002E)
    __rt_lib_init_argv_1                     0x00000307   Thumb Code     0  libinit2.o(.ARM.Collect$$libinit$$0000002C)
    __rt_lib_init_atexit_1                   0x00000307   Thumb Code     0  libinit2.o(.ARM.Collect$$libinit$$0000001B)
    __rt_lib_init_clock_1                    0x00000307   Thumb Code     0  libinit2.o(.ARM.Collect$$libinit$$00000021)
    __rt_lib_init_cpp_1                      0x00000307   Thumb Code     0  libinit2.o(.ARM.Collect$$libinit$$00000032)
    __rt_lib_init_exceptions_1               0x00000307   Thumb Code     0  libinit2.o(.ARM.Collect$$libinit$$00000030)
    __rt_lib_init_fp_trap_1                  0x00000307   Thumb Code     0  libinit2.o(.ARM.Collect$$libinit$$0000001F)
    __rt_lib_init_getenv_1                   0x00000307   Thumb Code     0  libinit2.o(.ARM.Collect$$libinit$$00000023)
    __rt_lib_init_heap_1                     0x00000307   Thumb Code     0  libinit2.o(.ARM.Collect$$libinit$$0000000A)
    __rt_lib_init_lc_collate_1               0x00000307   Thumb Code     0  libinit2.o(.ARM.Collect$$libinit$$00000011)
    __rt_lib_init_lc_ctype_1                 0x00000307   Thumb Code     0  libinit2.o(.ARM.Collect$$libinit$$00000013)
    __rt_lib_init_lc_monetary_1              0x00000307   Thumb Code     0  libinit2.o(.ARM.Collect$$libinit$$00000015)
    __rt_lib_init_lc_numeric_1               0x00000307   Thumb Code     0  libinit2.o(.ARM.Collect$$libinit$$00000017)
    __rt_lib_init_lc_time_1                  0x00000307   Thumb Code     0  libinit2.o(.ARM.Collect$$libinit$$00000019)
    __rt_lib_init_preinit_1                  0x00000307   Thumb Code     0  libinit2.o(.ARM.Collect$$libinit$$00000004)
    __rt_lib_init_rand_1                     0x00000307   Thumb Code     0  libinit2.o(.ARM.Collect$$libinit$$0000000E)
    __rt_lib_init_return                     0x00000307   Thumb Code     0  libinit2.o(.ARM.Collect$$libinit$$00000033)
    __rt_lib_init_signal_1                   0x00000307   Thumb Code     0  libinit2.o(.ARM.Collect$$libinit$$0000001D)
    __rt_lib_init_stdio_1                    0x00000307   Thumb Code     0  libinit2.o(.ARM.Collect$$libinit$$00000025)
    __rt_lib_init_user_alloc_1               0x00000307   Thumb Code     0  libinit2.o(.ARM.Collect$$libinit$$0000000C)
    __rt_lib_shutdown                        0x00000309   Thumb Code     0  libshutdown.o(.ARM.Collect$$libshutdown$$00000000)
    __rt_lib_shutdown_fp_trap_1              0x0000030b   Thumb Code     0  libshutdown2.o(.ARM.Collect$$libshutdown$$00000006)
    __rt_lib_shutdown_heap_1                 0x0000030b   Thumb Code     0  libshutdown2.o(.ARM.Collect$$libshutdown$$0000000E)
    __rt_lib_shutdown_return                 0x0000030b   Thumb Code     0  libshutdown2.o(.ARM.Collect$$libshutdown$$0000000F)
    __rt_lib_shutdown_signal_1               0x0000030b   Thumb Code     0  libshutdown2.o(.ARM.Collect$$libshutdown$$00000009)
    __rt_lib_shutdown_stdio_1                0x0000030b   Thumb Code     0  libshutdown2.o(.ARM.Collect$$libshutdown$$00000003)
    __rt_lib_shutdown_user_alloc_1           0x0000030b   Thumb Code     0  libshutdown2.o(.ARM.Collect$$libshutdown$$0000000B)
    __rt_entry                               0x0000030d   Thumb Code     0  __rtentry.o(.ARM.Collect$$rtentry$$00000000)
    __rt_entry_presh_1                       0x0000030d   Thumb Code     0  __rtentry2.o(.ARM.Collect$$rtentry$$00000002)
    __rt_entry_sh                            0x0000030d   Thumb Code     0  __rtentry4.o(.ARM.Collect$$rtentry$$00000004)
    __rt_entry_li                            0x00000313   Thumb Code     0  __rtentry2.o(.ARM.Collect$$rtentry$$0000000A)
    __rt_entry_postsh_1                      0x00000313   Thumb Code     0  __rtentry2.o(.ARM.Collect$$rtentry$$00000009)
    __rt_entry_main                          0x00000317   Thumb Code     0  __rtentry2.o(.ARM.Collect$$rtentry$$0000000D)
    __rt_entry_postli_1                      0x00000317   Thumb Code     0  __rtentry2.o(.ARM.Collect$$rtentry$$0000000C)
    __rt_exit                                0x0000031f   Thumb Code     0  rtexit.o(.ARM.Collect$$rtexit$$00000000)
    __rt_exit_ls                             0x00000321   Thumb Code     0  rtexit2.o(.ARM.Collect$$rtexit$$00000003)
    __rt_exit_prels_1                        0x00000321   Thumb Code     0  rtexit2.o(.ARM.Collect$$rtexit$$00000002)
    __rt_exit_exit                           0x00000325   Thumb Code     0  rtexit2.o(.ARM.Collect$$rtexit$$00000004)
    SysCtlDelay                              0x0000032d   Thumb Code     6  sysctl.o(.emb_text)
    CPUcpsid                                 0x00000335   Thumb Code     8  cpu.o(.emb_text)
    CPUprimask                               0x0000033d   Thumb Code     6  cpu.o(.emb_text)
    CPUcpsie                                 0x00000343   Thumb Code     8  cpu.o(.emb_text)
    CPUwfi                                   0x0000034b   Thumb Code     4  cpu.o(.emb_text)
    CPUbasepriSet                            0x0000034f   Thumb Code     6  cpu.o(.emb_text)
    CPUbasepriGet                            0x00000355   Thumb Code     6  cpu.o(.emb_text)
    UART1_Handler                            0x0000035d   Thumb Code   230  main.o(.text)
    Sys_Clock_Set                            0x00000443   Thumb Code    30  main.o(.text)
    PWM_Setup                                0x00000461   Thumb Code    86  main.o(.text)
    UART1_Setup                              0x000004b7   Thumb Code   162  main.o(.text)
    QEI_Setup                                0x00000559   Thumb Code   146  main.o(.text)
    GPIO_Setup                               0x000005eb   Thumb Code    20  main.o(.text)
    engrave                                  0x000005ff   Thumb Code   588  main.o(.text)
    ready                                    0x0000084b   Thumb Code    72  main.o(.text)
    testBench                                0x00000893   Thumb Code   494  main.o(.text)
    main                                     0x00000a81   Thumb Code    16  main.o(.text)
    PWMGenConfigure                          0x00000ab5   Thumb Code    42  pwm.o(.text)
    PWMGenPeriodSet                          0x00000adf   Thumb Code    22  pwm.o(.text)
    PWMGenPeriodGet                          0x00000af5   Thumb Code    24  pwm.o(.text)
    PWMGenEnable                             0x00000b0d   Thumb Code    10  pwm.o(.text)
    PWMGenDisable                            0x00000b17   Thumb Code    10  pwm.o(.text)
    PWMPulseWidthSet                         0x00000b21   Thumb Code    38  pwm.o(.text)
    PWMPulseWidthGet                         0x00000b47   Thumb Code    40  pwm.o(.text)
    PWMDeadBandEnable                        0x00000b6f   Thumb Code    18  pwm.o(.text)
    PWMDeadBandDisable                       0x00000b81   Thumb Code    14  pwm.o(.text)
    PWMSyncUpdate                            0x00000b8f   Thumb Code     4  pwm.o(.text)
    PWMSyncTimeBase                          0x00000b93   Thumb Code     4  pwm.o(.text)
    PWMOutputState                           0x00000b97   Thumb Code    20  pwm.o(.text)
    PWMOutputInvert                          0x00000bab   Thumb Code    20  pwm.o(.text)
    PWMOutputFaultLevel                      0x00000bbf   Thumb Code    20  pwm.o(.text)
    PWMOutputFault                           0x00000bd3   Thumb Code    20  pwm.o(.text)
    PWMGenIntRegister                        0x00000cdf   Thumb Code    38  pwm.o(.text)
    PWMGenIntUnregister                      0x00000d05   Thumb Code    30  pwm.o(.text)
    PWMFaultIntRegister                      0x00000d61   Thumb Code    30  pwm.o(.text)
    PWMFaultIntUnregister                    0x00000d7f   Thumb Code    26  pwm.o(.text)
    PWMGenIntTrigEnable                      0x00000d99   Thumb Code    14  pwm.o(.text)
    PWMGenIntTrigDisable                     0x00000da7   Thumb Code    14  pwm.o(.text)
    PWMGenIntStatus                          0x00000db5   Thumb Code    16  pwm.o(.text)
    PWMGenIntClear                           0x00000dc5   Thumb Code     6  pwm.o(.text)
    PWMIntEnable                             0x00000dcb   Thumb Code     8  pwm.o(.text)
    PWMIntDisable                            0x00000dd3   Thumb Code     8  pwm.o(.text)
    PWMFaultIntClear                         0x00000ddb   Thumb Code     8  pwm.o(.text)
    PWMIntStatus                             0x00000de3   Thumb Code    14  pwm.o(.text)
    PWMFaultIntClearExt                      0x00000df1   Thumb Code     4  pwm.o(.text)
    PWMGenFaultConfigure                     0x00000df5   Thumb Code    20  pwm.o(.text)
    PWMGenFaultTriggerSet                    0x00000e09   Thumb Code    16  pwm.o(.text)
    PWMGenFaultTriggerGet                    0x00000e19   Thumb Code    16  pwm.o(.text)
    PWMGenFaultStatus                        0x00000e29   Thumb Code    38  pwm.o(.text)
    PWMGenFaultClear                         0x00000e4f   Thumb Code    36  pwm.o(.text)
    PWMClockSet                              0x00000e73   Thumb Code    18  pwm.o(.text)
    PWMClockGet                              0x00000e85   Thumb Code    60  pwm.o(.text)
    PWMOutputUpdateMode                      0x00000ec1   Thumb Code    82  pwm.o(.text)
    SysCtlSRAMSizeGet                        0x00000f99   Thumb Code    12  sysctl.o(.text)
    SysCtlFlashSizeGet                       0x00000fa5   Thumb Code    42  sysctl.o(.text)
    SysCtlFlashSectorSizeGet                 0x00000fcf   Thumb Code    40  sysctl.o(.text)
    SysCtlPeripheralPresent                  0x00000ff7   Thumb Code    52  sysctl.o(.text)
    SysCtlPeripheralReady                    0x0000102b   Thumb Code    52  sysctl.o(.text)
    SysCtlPeripheralPowerOn                  0x0000105f   Thumb Code    46  sysctl.o(.text)
    SysCtlPeripheralPowerOff                 0x0000108d   Thumb Code    46  sysctl.o(.text)
    SysCtlPeripheralReset                    0x000010bb   Thumb Code   106  sysctl.o(.text)
    SysCtlPeripheralEnable                   0x00001125   Thumb Code    46  sysctl.o(.text)
    SysCtlPeripheralDisable                  0x00001153   Thumb Code    46  sysctl.o(.text)
    SysCtlPeripheralSleepEnable              0x00001181   Thumb Code    46  sysctl.o(.text)
    SysCtlPeripheralSleepDisable             0x000011af   Thumb Code    46  sysctl.o(.text)
    SysCtlPeripheralDeepSleepEnable          0x000011dd   Thumb Code    46  sysctl.o(.text)
    SysCtlPeripheralDeepSleepDisable         0x0000120b   Thumb Code    46  sysctl.o(.text)
    SysCtlPeripheralClockGating              0x00001239   Thumb Code    82  sysctl.o(.text)
    SysCtlIntRegister                        0x0000128b   Thumb Code    20  sysctl.o(.text)
    SysCtlIntUnregister                      0x0000129f   Thumb Code    16  sysctl.o(.text)
    SysCtlIntEnable                          0x000012af   Thumb Code    12  sysctl.o(.text)
    SysCtlIntDisable                         0x000012bb   Thumb Code    12  sysctl.o(.text)
    SysCtlIntClear                           0x000012c7   Thumb Code     6  sysctl.o(.text)
    SysCtlIntStatus                          0x000012cd   Thumb Code    16  sysctl.o(.text)
    SysCtlLDOSleepSet                        0x000012dd   Thumb Code     6  sysctl.o(.text)
    SysCtlLDOSleepGet                        0x000012e3   Thumb Code     6  sysctl.o(.text)
    SysCtlLDODeepSleepSet                    0x000012e9   Thumb Code     8  sysctl.o(.text)
    SysCtlLDODeepSleepGet                    0x000012f1   Thumb Code    60  sysctl.o(.text)
    SysCtlSleepPowerSet                      0x0000132d   Thumb Code     6  sysctl.o(.text)
    SysCtlDeepSleepPowerSet                  0x00001333   Thumb Code     8  sysctl.o(.text)
    SysCtlReset                              0x0000133b   Thumb Code    10  sysctl.o(.text)
    SysCtlSleep                              0x00001345   Thumb Code     8  sysctl.o(.text)
    SysCtlDeepSleep                          0x0000134d   Thumb Code    40  sysctl.o(.text)
    SysCtlResetCauseGet                      0x00001375   Thumb Code     6  sysctl.o(.text)
    SysCtlResetCauseClear                    0x0000137b   Thumb Code    12  sysctl.o(.text)
    SysCtlMOSCConfigSet                      0x00001387   Thumb Code     6  sysctl.o(.text)
    SysCtlPIOSCCalibrate                     0x0000138d   Thumb Code    82  sysctl.o(.text)
    SysCtlResetBehaviorSet                   0x000013df   Thumb Code     8  sysctl.o(.text)
    SysCtlResetBehaviorGet                   0x000013e7   Thumb Code     8  sysctl.o(.text)
    SysCtlClockFreqSet                       0x000013ef   Thumb Code   646  sysctl.o(.text)
    SysCtlClockSet                           0x00001675   Thumb Code   340  sysctl.o(.text)
    SysCtlClockGet                           0x000017c9   Thumb Code   326  sysctl.o(.text)
    SysCtlDeepSleepClockSet                  0x0000190f   Thumb Code     8  sysctl.o(.text)
    SysCtlDeepSleepClockConfigSet            0x00001917   Thumb Code   110  sysctl.o(.text)
    SysCtlPWMClockSet                        0x00001985   Thumb Code    16  sysctl.o(.text)
    SysCtlPWMClockGet                        0x00001995   Thumb Code    24  sysctl.o(.text)
    SysCtlGPIOAHBEnable                      0x000019ad   Thumb Code    20  sysctl.o(.text)
    SysCtlGPIOAHBDisable                     0x000019c1   Thumb Code    20  sysctl.o(.text)
    SysCtlUSBPLLEnable                       0x000019d5   Thumb Code    14  sysctl.o(.text)
    SysCtlUSBPLLDisable                      0x000019e3   Thumb Code    14  sysctl.o(.text)
    SysCtlVoltageEventConfig                 0x000019f1   Thumb Code     6  sysctl.o(.text)
    SysCtlVoltageEventStatus                 0x000019f7   Thumb Code     6  sysctl.o(.text)
    SysCtlVoltageEventClear                  0x000019fd   Thumb Code    12  sysctl.o(.text)
    SysCtlNMIStatus                          0x00001a09   Thumb Code     6  sysctl.o(.text)
    SysCtlNMIClear                           0x00001a0f   Thumb Code    12  sysctl.o(.text)
    SysCtlClockOutConfig                     0x00001a1b   Thumb Code    14  sysctl.o(.text)
    SysCtlAltClkConfig                       0x00001a29   Thumb Code     8  sysctl.o(.text)
    UARTParityModeSet                        0x00001aa1   Thumb Code    12  uart.o(.text)
    UARTParityModeGet                        0x00001aad   Thumb Code    10  uart.o(.text)
    UARTFIFOLevelSet                         0x00001ab7   Thumb Code     8  uart.o(.text)
    UARTFIFOLevelGet                         0x00001abf   Thumb Code    18  uart.o(.text)
    UARTEnable                               0x00001ad1   Thumb Code    20  uart.o(.text)
    UARTDisable                              0x00001ae5   Thumb Code    32  uart.o(.text)
    UARTConfigSetExpClk                      0x00001b05   Thumb Code    76  uart.o(.text)
    UARTConfigGetExpClk                      0x00001b51   Thumb Code    44  uart.o(.text)
    UARTFIFOEnable                           0x00001b7d   Thumb Code    10  uart.o(.text)
    UARTFIFODisable                          0x00001b87   Thumb Code    10  uart.o(.text)
    UARTEnableSIR                            0x00001b91   Thumb Code    22  uart.o(.text)
    UARTDisableSIR                           0x00001ba7   Thumb Code    10  uart.o(.text)
    UARTSmartCardEnable                      0x00001bb1   Thumb Code    22  uart.o(.text)
    UARTSmartCardDisable                     0x00001bc7   Thumb Code    10  uart.o(.text)
    UARTModemControlSet                      0x00001bd1   Thumb Code    12  uart.o(.text)
    UARTModemControlClear                    0x00001bdd   Thumb Code    12  uart.o(.text)
    UARTModemControlGet                      0x00001be9   Thumb Code    10  uart.o(.text)
    UARTModemStatusGet                       0x00001bf3   Thumb Code    12  uart.o(.text)
    UARTFlowControlSet                       0x00001bff   Thumb Code    12  uart.o(.text)
    UARTFlowControlGet                       0x00001c0b   Thumb Code    10  uart.o(.text)
    UARTTxIntModeSet                         0x00001c15   Thumb Code    12  uart.o(.text)
    UARTTxIntModeGet                         0x00001c21   Thumb Code    10  uart.o(.text)
    UARTCharsAvail                           0x00001c2b   Thumb Code    12  uart.o(.text)
    UARTSpaceAvail                           0x00001c37   Thumb Code    12  uart.o(.text)
    UARTCharGetNonBlocking                   0x00001c43   Thumb Code    20  uart.o(.text)
    UARTCharGet                              0x00001c57   Thumb Code    18  uart.o(.text)
    UARTCharPutNonBlocking                   0x00001c69   Thumb Code    20  uart.o(.text)
    UARTCharPut                              0x00001c7d   Thumb Code    16  uart.o(.text)
    UARTBreakCtl                             0x00001c8d   Thumb Code    20  uart.o(.text)
    UARTBusy                                 0x00001ca1   Thumb Code    10  uart.o(.text)
    UARTIntRegister                          0x00001cab   Thumb Code    30  uart.o(.text)
    UARTIntUnregister                        0x00001cc9   Thumb Code    26  uart.o(.text)
    UARTIntEnable                            0x00001ce3   Thumb Code     8  uart.o(.text)
    UARTIntDisable                           0x00001ceb   Thumb Code     8  uart.o(.text)
    UARTIntStatus                            0x00001cf3   Thumb Code    12  uart.o(.text)
    UARTIntClear                             0x00001cff   Thumb Code     4  uart.o(.text)
    UARTDMAEnable                            0x00001d03   Thumb Code     8  uart.o(.text)
    UARTDMADisable                           0x00001d0b   Thumb Code     8  uart.o(.text)
    UARTRxErrorGet                           0x00001d13   Thumb Code    10  uart.o(.text)
    UARTRxErrorClear                         0x00001d1d   Thumb Code     6  uart.o(.text)
    UARTClockSourceSet                       0x00001d23   Thumb Code     6  uart.o(.text)
    UARTClockSourceGet                       0x00001d29   Thumb Code     8  uart.o(.text)
    UART9BitEnable                           0x00001d31   Thumb Code    14  uart.o(.text)
    UART9BitDisable                          0x00001d3f   Thumb Code    14  uart.o(.text)
    UART9BitAddrSet                          0x00001d4d   Thumb Code    10  uart.o(.text)
    UART9BitAddrSend                         0x00001d57   Thumb Code    44  uart.o(.text)
    GPIODirModeSet                           0x00001dd1   Thumb Code    50  gpio.o(.text)
    GPIODirModeGet                           0x00001e03   Thumb Code    46  gpio.o(.text)
    GPIOIntTypeSet                           0x00001e31   Thumb Code   102  gpio.o(.text)
    GPIOIntTypeGet                           0x00001e97   Thumb Code    84  gpio.o(.text)
    GPIOPadConfigSet                         0x00001eeb   Thumb Code   342  gpio.o(.text)
    GPIOPadConfigGet                         0x00002041   Thumb Code   206  gpio.o(.text)
    GPIOIntEnable                            0x0000210f   Thumb Code    12  gpio.o(.text)
    GPIOIntDisable                           0x0000211b   Thumb Code    12  gpio.o(.text)
    GPIOIntStatus                            0x00002127   Thumb Code    16  gpio.o(.text)
    GPIOIntClear                             0x00002137   Thumb Code     6  gpio.o(.text)
    GPIOIntRegister                          0x0000213d   Thumb Code    30  gpio.o(.text)
    GPIOIntUnregister                        0x0000215b   Thumb Code    26  gpio.o(.text)
    GPIOPinRead                              0x00002175   Thumb Code    32  gpio.o(.text)
    GPIOPinWrite                             0x00002195   Thumb Code    10  gpio.o(.text)
    GPIOPinTypeADC                           0x0000219f   Thumb Code    30  gpio.o(.text)
    GPIOPinTypeCAN                           0x000021bd   Thumb Code    30  gpio.o(.text)
    GPIOPinTypeComparator                    0x000021db   Thumb Code    30  gpio.o(.text)
    GPIOPinTypeComparatorOutput              0x000021f9   Thumb Code    30  gpio.o(.text)
    GPIOPinTypeEPI                           0x00002217   Thumb Code    30  gpio.o(.text)
    GPIOPinTypeEthernetLED                   0x00002235   Thumb Code    30  gpio.o(.text)
    GPIOPinTypeEthernetMII                   0x00002253   Thumb Code    30  gpio.o(.text)
    GPIOPinTypeGPIOInput                     0x00002271   Thumb Code    30  gpio.o(.text)
    GPIOPinTypeGPIOOutput                    0x0000228f   Thumb Code    30  gpio.o(.text)
    GPIOPinTypeGPIOOutputOD                  0x000022ad   Thumb Code    30  gpio.o(.text)
    GPIOPinTypeI2C                           0x000022cb   Thumb Code    30  gpio.o(.text)
    GPIOPinTypeI2CSCL                        0x000022e9   Thumb Code    30  gpio.o(.text)
    GPIOPinTypeLCD                           0x00002307   Thumb Code    30  gpio.o(.text)
    GPIOPinTypeLPC                           0x00002325   Thumb Code    30  gpio.o(.text)
    GPIOPinTypePECIRx                        0x00002343   Thumb Code    30  gpio.o(.text)
    GPIOPinTypePECITx                        0x00002361   Thumb Code    30  gpio.o(.text)
    GPIOPinTypePWM                           0x0000237f   Thumb Code    30  gpio.o(.text)
    GPIOPinTypeQEI                           0x0000239d   Thumb Code    30  gpio.o(.text)
    GPIOPinTypeSSI                           0x000023bb   Thumb Code    30  gpio.o(.text)
    GPIOPinTypeTimer                         0x000023d9   Thumb Code    30  gpio.o(.text)
    GPIOPinTypeUART                          0x000023f7   Thumb Code    30  gpio.o(.text)
    GPIOPinTypeUSBAnalog                     0x00002415   Thumb Code    30  gpio.o(.text)
    GPIOPinTypeUSBDigital                    0x00002433   Thumb Code    30  gpio.o(.text)
    GPIOPinTypeWakeHigh                      0x00002451   Thumb Code    32  gpio.o(.text)
    GPIOPinTypeWakeLow                       0x00002471   Thumb Code    32  gpio.o(.text)
    GPIOPinTypeKBRow                         0x00002491   Thumb Code    30  gpio.o(.text)
    GPIOPinTypeKBColumn                      0x000024af   Thumb Code    30  gpio.o(.text)
    GPIOPinTypeLEDSeq                        0x000024cd   Thumb Code    30  gpio.o(.text)
    GPIOPinTypeCIR                           0x000024eb   Thumb Code    30  gpio.o(.text)
    GPIOPinWakeStatus                        0x00002509   Thumb Code     8  gpio.o(.text)
    GPIOPinConfigure                         0x00002511   Thumb Code    70  gpio.o(.text)
    GPIODMATriggerEnable                     0x00002557   Thumb Code    12  gpio.o(.text)
    GPIODMATriggerDisable                    0x00002563   Thumb Code    12  gpio.o(.text)
    GPIOADCTriggerEnable                     0x0000256f   Thumb Code    12  gpio.o(.text)
    GPIOADCTriggerDisable                    0x0000257b   Thumb Code    12  gpio.o(.text)
    QEIEnable                                0x00002591   Thumb Code    10  qei.o(.text)
    QEIDisable                               0x0000259b   Thumb Code    10  qei.o(.text)
    QEIConfigure                             0x000025a5   Thumb Code    14  qei.o(.text)
    QEIPositionGet                           0x000025b3   Thumb Code     6  qei.o(.text)
    QEIPositionSet                           0x000025b9   Thumb Code     4  qei.o(.text)
    QEIDirectionGet                          0x000025bd   Thumb Code    20  qei.o(.text)
    QEIErrorGet                              0x000025d1   Thumb Code    10  qei.o(.text)
    QEIVelocityEnable                        0x000025db   Thumb Code    10  qei.o(.text)
    QEIVelocityDisable                       0x000025e5   Thumb Code    10  qei.o(.text)
    QEIVelocityConfigure                     0x000025ef   Thumb Code    16  qei.o(.text)
    QEIVelocityGet                           0x000025ff   Thumb Code     6  qei.o(.text)
    QEIIntRegister                           0x00002643   Thumb Code    30  qei.o(.text)
    QEIIntUnregister                         0x00002661   Thumb Code    26  qei.o(.text)
    QEIIntEnable                             0x0000267b   Thumb Code     8  qei.o(.text)
    QEIIntDisable                            0x00002683   Thumb Code     8  qei.o(.text)
    QEIIntStatus                             0x0000268b   Thumb Code    12  qei.o(.text)
    QEIIntClear                              0x00002697   Thumb Code     4  qei.o(.text)
    Reset_Handler                            0x000026b1   Thumb Code     8  startup_tm4c123.o(.text)
    NMI_Handler                              0x000026b9   Thumb Code     2  startup_tm4c123.o(.text)
    HardFault_Handler                        0x000026bb   Thumb Code     2  startup_tm4c123.o(.text)
    MemManage_Handler                        0x000026bd   Thumb Code     2  startup_tm4c123.o(.text)
    BusFault_Handler                         0x000026bf   Thumb Code     2  startup_tm4c123.o(.text)
    UsageFault_Handler                       0x000026c1   Thumb Code     2  startup_tm4c123.o(.text)
    SVC_Handler                              0x000026c3   Thumb Code     2  startup_tm4c123.o(.text)
    DebugMon_Handler                         0x000026c5   Thumb Code     2  startup_tm4c123.o(.text)
    PendSV_Handler                           0x000026c7   Thumb Code     2  startup_tm4c123.o(.text)
    SysTick_Handler                          0x000026c9   Thumb Code     2  startup_tm4c123.o(.text)
    GPIOA_Handler                            0x000026cb   Thumb Code     2  startup_tm4c123.o(.text)
    GPIOB_Handler                            0x000026cd   Thumb Code     2  startup_tm4c123.o(.text)
    GPIOC_Handler                            0x000026cf   Thumb Code     2  startup_tm4c123.o(.text)
    GPIOD_Handler                            0x000026d1   Thumb Code     2  startup_tm4c123.o(.text)
    GPIOE_Handler                            0x000026d3   Thumb Code     2  startup_tm4c123.o(.text)
    UART0_Handler                            0x000026d5   Thumb Code     2  startup_tm4c123.o(.text)
    SSI0_Handler                             0x000026d9   Thumb Code     2  startup_tm4c123.o(.text)
    I2C0_Handler                             0x000026db   Thumb Code     2  startup_tm4c123.o(.text)
    PMW0_FAULT_Handler                       0x000026dd   Thumb Code     2  startup_tm4c123.o(.text)
    PWM0_0_Handler                           0x000026df   Thumb Code     2  startup_tm4c123.o(.text)
    PWM0_1_Handler                           0x000026e1   Thumb Code     2  startup_tm4c123.o(.text)
    PWM0_2_Handler                           0x000026e3   Thumb Code     2  startup_tm4c123.o(.text)
    QEI0_Handler                             0x000026e5   Thumb Code     2  startup_tm4c123.o(.text)
    ADC0SS0_Handler                          0x000026e7   Thumb Code     2  startup_tm4c123.o(.text)
    ADC0SS1_Handler                          0x000026e9   Thumb Code     2  startup_tm4c123.o(.text)
    ADC0SS2_Handler                          0x000026eb   Thumb Code     2  startup_tm4c123.o(.text)
    ADC0SS3_Handler                          0x000026ed   Thumb Code     2  startup_tm4c123.o(.text)
    WDT0_Handler                             0x000026ef   Thumb Code     2  startup_tm4c123.o(.text)
    TIMER0A_Handler                          0x000026f1   Thumb Code     2  startup_tm4c123.o(.text)
    TIMER0B_Handler                          0x000026f3   Thumb Code     2  startup_tm4c123.o(.text)
    TIMER1A_Handler                          0x000026f5   Thumb Code     2  startup_tm4c123.o(.text)
    TIMER1B_Handler                          0x000026f7   Thumb Code     2  startup_tm4c123.o(.text)
    TIMER2A_Handler                          0x000026f9   Thumb Code     2  startup_tm4c123.o(.text)
    TIMER2B_Handler                          0x000026fb   Thumb Code     2  startup_tm4c123.o(.text)
    COMP0_Handler                            0x000026fd   Thumb Code     2  startup_tm4c123.o(.text)
    COMP1_Handler                            0x000026ff   Thumb Code     2  startup_tm4c123.o(.text)
    COMP2_Handler                            0x00002701   Thumb Code     2  startup_tm4c123.o(.text)
    SYSCTL_Handler                           0x00002703   Thumb Code     2  startup_tm4c123.o(.text)
    FLASH_Handler                            0x00002705   Thumb Code     2  startup_tm4c123.o(.text)
    GPIOF_Handler                            0x00002707   Thumb Code     2  startup_tm4c123.o(.text)
    GPIOG_Handler                            0x00002709   Thumb Code     2  startup_tm4c123.o(.text)
    GPIOH_Handler                            0x0000270b   Thumb Code     2  startup_tm4c123.o(.text)
    UART2_Handler                            0x0000270d   Thumb Code     2  startup_tm4c123.o(.text)
    SSI1_Handler                             0x0000270f   Thumb Code     2  startup_tm4c123.o(.text)
    TIMER3A_Handler                          0x00002711   Thumb Code     2  startup_tm4c123.o(.text)
    TIMER3B_Handler                          0x00002713   Thumb Code     2  startup_tm4c123.o(.text)
    I2C1_Handler                             0x00002715   Thumb Code     2  startup_tm4c123.o(.text)
    QEI1_Handler                             0x00002717   Thumb Code     2  startup_tm4c123.o(.text)
    CAN0_Handler                             0x00002719   Thumb Code     2  startup_tm4c123.o(.text)
    CAN1_Handler                             0x0000271b   Thumb Code     2  startup_tm4c123.o(.text)
    CAN2_Handler                             0x0000271d   Thumb Code     2  startup_tm4c123.o(.text)
    HIB_Handler                              0x0000271f   Thumb Code     2  startup_tm4c123.o(.text)
    USB0_Handler                             0x00002721   Thumb Code     2  startup_tm4c123.o(.text)
    PWM0_3_Handler                           0x00002723   Thumb Code     2  startup_tm4c123.o(.text)
    UDMA_Handler                             0x00002725   Thumb Code     2  startup_tm4c123.o(.text)
    UDMAERR_Handler                          0x00002727   Thumb Code     2  startup_tm4c123.o(.text)
    ADC1SS0_Handler                          0x00002729   Thumb Code     2  startup_tm4c123.o(.text)
    ADC1SS1_Handler                          0x0000272b   Thumb Code     2  startup_tm4c123.o(.text)
    ADC1SS2_Handler                          0x0000272d   Thumb Code     2  startup_tm4c123.o(.text)
    ADC1SS3_Handler                          0x0000272f   Thumb Code     2  startup_tm4c123.o(.text)
    GPIOJ_Handler                            0x00002731   Thumb Code     2  startup_tm4c123.o(.text)
    GPIOK_Handler                            0x00002733   Thumb Code     2  startup_tm4c123.o(.text)
    GPIOL_Handler                            0x00002735   Thumb Code     2  startup_tm4c123.o(.text)
    SSI2_Handler                             0x00002737   Thumb Code     2  startup_tm4c123.o(.text)
    SSI3_Handler                             0x00002739   Thumb Code     2  startup_tm4c123.o(.text)
    UART3_Handler                            0x0000273b   Thumb Code     2  startup_tm4c123.o(.text)
    UART4_Handler                            0x0000273d   Thumb Code     2  startup_tm4c123.o(.text)
    UART5_Handler                            0x0000273f   Thumb Code     2  startup_tm4c123.o(.text)
    UART6_Handler                            0x00002741   Thumb Code     2  startup_tm4c123.o(.text)
    UART7_Handler                            0x00002743   Thumb Code     2  startup_tm4c123.o(.text)
    I2C2_Handler                             0x00002745   Thumb Code     2  startup_tm4c123.o(.text)
    I2C3_Handler                             0x00002747   Thumb Code     2  startup_tm4c123.o(.text)
    TIMER4A_Handler                          0x00002749   Thumb Code     2  startup_tm4c123.o(.text)
    TIMER4B_Handler                          0x0000274b   Thumb Code     2  startup_tm4c123.o(.text)
    TIMER5A_Handler                          0x0000274d   Thumb Code     2  startup_tm4c123.o(.text)
    TIMER5B_Handler                          0x0000274f   Thumb Code     2  startup_tm4c123.o(.text)
    WTIMER0A_Handler                         0x00002751   Thumb Code     2  startup_tm4c123.o(.text)
    WTIMER0B_Handler                         0x00002753   Thumb Code     2  startup_tm4c123.o(.text)
    WTIMER1A_Handler                         0x00002755   Thumb Code     2  startup_tm4c123.o(.text)
    WTIMER1B_Handler                         0x00002757   Thumb Code     2  startup_tm4c123.o(.text)
    WTIMER2A_Handler                         0x00002759   Thumb Code     2  startup_tm4c123.o(.text)
    WTIMER2B_Handler                         0x0000275b   Thumb Code     2  startup_tm4c123.o(.text)
    WTIMER3A_Handler                         0x0000275d   Thumb Code     2  startup_tm4c123.o(.text)
    WTIMER3B_Handler                         0x0000275f   Thumb Code     2  startup_tm4c123.o(.text)
    WTIMER4A_Handler                         0x00002761   Thumb Code     2  startup_tm4c123.o(.text)
    WTIMER4B_Handler                         0x00002763   Thumb Code     2  startup_tm4c123.o(.text)
    WTIMER5A_Handler                         0x00002765   Thumb Code     2  startup_tm4c123.o(.text)
    WTIMER5B_Handler                         0x00002767   Thumb Code     2  startup_tm4c123.o(.text)
    FPU_Handler                              0x00002769   Thumb Code     2  startup_tm4c123.o(.text)
    I2C4_Handler                             0x0000276b   Thumb Code     2  startup_tm4c123.o(.text)
    I2C5_Handler                             0x0000276d   Thumb Code     2  startup_tm4c123.o(.text)
    GPIOM_Handler                            0x0000276f   Thumb Code     2  startup_tm4c123.o(.text)
    GPION_Handler                            0x00002771   Thumb Code     2  startup_tm4c123.o(.text)
    QEI2_Handler                             0x00002773   Thumb Code     2  startup_tm4c123.o(.text)
    GPIOP0_Handler                           0x00002775   Thumb Code     2  startup_tm4c123.o(.text)
    GPIOP1_Handler                           0x00002777   Thumb Code     2  startup_tm4c123.o(.text)
    GPIOP2_Handler                           0x00002779   Thumb Code     2  startup_tm4c123.o(.text)
    GPIOP3_Handler                           0x0000277b   Thumb Code     2  startup_tm4c123.o(.text)
    GPIOP4_Handler                           0x0000277d   Thumb Code     2  startup_tm4c123.o(.text)
    GPIOP5_Handler                           0x0000277f   Thumb Code     2  startup_tm4c123.o(.text)
    GPIOP6_Handler                           0x00002781   Thumb Code     2  startup_tm4c123.o(.text)
    GPIOP7_Handler                           0x00002783   Thumb Code     2  startup_tm4c123.o(.text)
    GPIOQ0_Handler                           0x00002785   Thumb Code     2  startup_tm4c123.o(.text)
    GPIOQ1_Handler                           0x00002787   Thumb Code     2  startup_tm4c123.o(.text)
    GPIOQ2_Handler                           0x00002789   Thumb Code     2  startup_tm4c123.o(.text)
    GPIOQ3_Handler                           0x0000278b   Thumb Code     2  startup_tm4c123.o(.text)
    GPIOQ4_Handler                           0x0000278d   Thumb Code     2  startup_tm4c123.o(.text)
    GPIOQ5_Handler                           0x0000278f   Thumb Code     2  startup_tm4c123.o(.text)
    GPIOQ6_Handler                           0x00002791   Thumb Code     2  startup_tm4c123.o(.text)
    GPIOQ7_Handler                           0x00002793   Thumb Code     2  startup_tm4c123.o(.text)
    GPIOR_Handler                            0x00002795   Thumb Code     2  startup_tm4c123.o(.text)
    GPIOS_Handler                            0x00002797   Thumb Code     2  startup_tm4c123.o(.text)
    PMW1_0_Handler                           0x00002799   Thumb Code     2  startup_tm4c123.o(.text)
    PWM1_1_Handler                           0x0000279b   Thumb Code     2  startup_tm4c123.o(.text)
    PWM1_2_Handler                           0x0000279d   Thumb Code     2  startup_tm4c123.o(.text)
    PWM1_3_Handler                           0x0000279f   Thumb Code     2  startup_tm4c123.o(.text)
    PWM1_FAULT_Handler                       0x000027a1   Thumb Code     2  startup_tm4c123.o(.text)
    __user_initial_stackheap                 0x000027a5   Thumb Code     0  startup_tm4c123.o(.text)
    SystemCoreClockUpdate                    0x0000287b   Thumb Code   184  system_tm4c123.o(.text)
    SystemInit                               0x00002933   Thumb Code   112  system_tm4c123.o(.text)
    __use_two_region_memory                  0x00002a15   Thumb Code     2  heapauxi.o(.text)
    __rt_heap_escrow$2region                 0x00002a17   Thumb Code     2  heapauxi.o(.text)
    __rt_heap_expand$2region                 0x00002a19   Thumb Code     2  heapauxi.o(.text)
    __user_setup_stackheap                   0x00002a1b   Thumb Code    74  sys_stackheap_outer.o(.text)
    exit                                     0x00002a65   Thumb Code    12  exit.o(.text)
    __user_libspace                          0x00002a71   Thumb Code     8  libspace.o(.text)
    __user_perproc_libspace                  0x00002a71   Thumb Code     0  libspace.o(.text)
    __user_perthread_libspace                0x00002a71   Thumb Code     0  libspace.o(.text)
    _sys_exit                                0x00002a79   Thumb Code     8  sys_exit.o(.text)
    __I$use$semihosting                      0x00002a85   Thumb Code     0  use_no_semi.o(.text)
    __use_no_semihosting_swi                 0x00002a85   Thumb Code     2  use_no_semi.o(.text)
    __semihosting_library_function           0x00002a87   Thumb Code     0  indicate_semi.o(.text)
    IntDisable                               0x00002a89   Thumb Code    92  interrupt.o(i.IntDisable)
    IntEnable                                0x00002aed   Thumb Code    92  interrupt.o(i.IntEnable)
    IntMasterEnable                          0x00002b51   Thumb Code    14  interrupt.o(i.IntMasterEnable)
    IntRegister                              0x00002b61   Thumb Code    44  interrupt.o(i.IntRegister)
    IntUnregister                            0x00002b95   Thumb Code    10  interrupt.o(i.IntUnregister)
    _fp_init                                 0x00002bab   Thumb Code    10  fpinit.o(x$fpl$fpinit)
    __fplib_config_fpu_vfp                   0x00002bb3   Thumb Code     0  fpinit.o(x$fpl$fpinit)
    __fplib_config_pureend_doubles           0x00002bb3   Thumb Code     0  fpinit.o(x$fpl$fpinit)
    Region$$Table$$Base                      0x00003114   Number         0  anon$$obj.o(Region$$Table)
    Region$$Table$$Limit                     0x00003134   Number         0  anon$$obj.o(Region$$Table)
    UART1                                    0x20000000   Data           4  main.o(.data)
    end9999                                  0x20000004   Data           1  main.o(.data)
    end9998                                  0x20000005   Data           1  main.o(.data)
    end9997                                  0x20000006   Data           1  main.o(.data)
    test                                     0x20000007   Data           1  main.o(.data)
    i                                        0x20000008   Data           4  main.o(.data)
    tail                                     0x2000000c   Data           4  main.o(.data)
    head                                     0x20000010   Data           4  main.o(.data)
    stop                                     0x20000014   Data           5  main.o(.data)
    go                                       0x20000019   Data           3  main.o(.data)
    done                                     0x2000001c   Data           1  main.o(.data)
    start                                    0x2000001d   Data           1  main.o(.data)
    mytest                                   0x20000020   Data           4  main.o(.data)
    positionX                                0x20000024   Data           4  main.o(.data)
    positionY                                0x20000028   Data           4  main.o(.data)
    SystemCoreClock                          0x2000002c   Data           4  system_tm4c123.o(.data)
    command                                  0x2000066c   Data          10  main.o(.bss)
    drawingBuffer                            0x20000676   Data       10000  main.o(.bss)
    __libspace_start                         0x20002d88   Data          96  libspace.o(.bss)
    __temporary_stack_top$libspace           0x20002de8   Data           0  libspace.o(.bss)



==============================================================================

Memory Map of the image

  Image Entry point : 0x000026b1

  Load Region LR_1 (Base: 0x00000000, Size: 0x000037a0, Max: 0xffffffff, ABSOLUTE, COMPRESSED[0x00003158])

    Execution Region ER_RO (Base: 0x00000000, Size: 0x00003134, Max: 0xffffffff, ABSOLUTE)

    Base Addr    Size         Type   Attr      Idx    E Section Name        Object

    0x00000000   0x0000026c   Data   RO          197    RESET               startup_tm4c123.o
    0x0000026c   0x00000008   Code   RO          402  * !!!main             c_w.l(__main.o)
    0x00000274   0x00000034   Code   RO          560    !!!scatter          c_w.l(__scatter.o)
    0x000002a8   0x0000003a   Code   RO          558    !!dczerorl          c_w.l(__dczerorl.o)
    0x000002e2   0x00000002   PAD
    0x000002e4   0x0000001c   Code   RO          562    !!handler_zi        c_w.l(__scatter_zi.o)
    0x00000300   0x00000002   Code   RO          429    .ARM.Collect$$libinit$$00000000  c_w.l(libinit.o)
    0x00000302   0x00000004   Code   RO          435    .ARM.Collect$$libinit$$00000001  c_w.l(libinit2.o)
    0x00000306   0x00000000   Code   RO          438    .ARM.Collect$$libinit$$00000004  c_w.l(libinit2.o)
    0x00000306   0x00000000   Code   RO          441    .ARM.Collect$$libinit$$0000000A  c_w.l(libinit2.o)
    0x00000306   0x00000000   Code   RO          443    .ARM.Collect$$libinit$$0000000C  c_w.l(libinit2.o)
    0x00000306   0x00000000   Code   RO          445    .ARM.Collect$$libinit$$0000000E  c_w.l(libinit2.o)
    0x00000306   0x00000000   Code   RO          448    .ARM.Collect$$libinit$$00000011  c_w.l(libinit2.o)
    0x00000306   0x00000000   Code   RO          450    .ARM.Collect$$libinit$$00000013  c_w.l(libinit2.o)
    0x00000306   0x00000000   Code   RO          452    .ARM.Collect$$libinit$$00000015  c_w.l(libinit2.o)
    0x00000306   0x00000000   Code   RO          454    .ARM.Collect$$libinit$$00000017  c_w.l(libinit2.o)
    0x00000306   0x00000000   Code   RO          456    .ARM.Collect$$libinit$$00000019  c_w.l(libinit2.o)
    0x00000306   0x00000000   Code   RO          458    .ARM.Collect$$libinit$$0000001B  c_w.l(libinit2.o)
    0x00000306   0x00000000   Code   RO          460    .ARM.Collect$$libinit$$0000001D  c_w.l(libinit2.o)
    0x00000306   0x00000000   Code   RO          462    .ARM.Collect$$libinit$$0000001F  c_w.l(libinit2.o)
    0x00000306   0x00000000   Code   RO          464    .ARM.Collect$$libinit$$00000021  c_w.l(libinit2.o)
    0x00000306   0x00000000   Code   RO          466    .ARM.Collect$$libinit$$00000023  c_w.l(libinit2.o)
    0x00000306   0x00000000   Code   RO          468    .ARM.Collect$$libinit$$00000025  c_w.l(libinit2.o)
    0x00000306   0x00000000   Code   RO          472    .ARM.Collect$$libinit$$0000002C  c_w.l(libinit2.o)
    0x00000306   0x00000000   Code   RO          474    .ARM.Collect$$libinit$$0000002E  c_w.l(libinit2.o)
    0x00000306   0x00000000   Code   RO          476    .ARM.Collect$$libinit$$00000030  c_w.l(libinit2.o)
    0x00000306   0x00000000   Code   RO          478    .ARM.Collect$$libinit$$00000032  c_w.l(libinit2.o)
    0x00000306   0x00000002   Code   RO          479    .ARM.Collect$$libinit$$00000033  c_w.l(libinit2.o)
    0x00000308   0x00000002   Code   RO          499    .ARM.Collect$$libshutdown$$00000000  c_w.l(libshutdown.o)
    0x0000030a   0x00000000   Code   RO          513    .ARM.Collect$$libshutdown$$00000003  c_w.l(libshutdown2.o)
    0x0000030a   0x00000000   Code   RO          516    .ARM.Collect$$libshutdown$$00000006  c_w.l(libshutdown2.o)
    0x0000030a   0x00000000   Code   RO          519    .ARM.Collect$$libshutdown$$00000009  c_w.l(libshutdown2.o)
    0x0000030a   0x00000000   Code   RO          521    .ARM.Collect$$libshutdown$$0000000B  c_w.l(libshutdown2.o)
    0x0000030a   0x00000000   Code   RO          524    .ARM.Collect$$libshutdown$$0000000E  c_w.l(libshutdown2.o)
    0x0000030a   0x00000002   Code   RO          525    .ARM.Collect$$libshutdown$$0000000F  c_w.l(libshutdown2.o)
    0x0000030c   0x00000000   Code   RO          404    .ARM.Collect$$rtentry$$00000000  c_w.l(__rtentry.o)
    0x0000030c   0x00000000   Code   RO          406    .ARM.Collect$$rtentry$$00000002  c_w.l(__rtentry2.o)
    0x0000030c   0x00000006   Code   RO          418    .ARM.Collect$$rtentry$$00000004  c_w.l(__rtentry4.o)
    0x00000312   0x00000000   Code   RO          408    .ARM.Collect$$rtentry$$00000009  c_w.l(__rtentry2.o)
    0x00000312   0x00000004   Code   RO          409    .ARM.Collect$$rtentry$$0000000A  c_w.l(__rtentry2.o)
    0x00000316   0x00000000   Code   RO          411    .ARM.Collect$$rtentry$$0000000C  c_w.l(__rtentry2.o)
    0x00000316   0x00000008   Code   RO          412    .ARM.Collect$$rtentry$$0000000D  c_w.l(__rtentry2.o)
    0x0000031e   0x00000002   Code   RO          433    .ARM.Collect$$rtexit$$00000000  c_w.l(rtexit.o)
    0x00000320   0x00000000   Code   RO          481    .ARM.Collect$$rtexit$$00000002  c_w.l(rtexit2.o)
    0x00000320   0x00000004   Code   RO          482    .ARM.Collect$$rtexit$$00000003  c_w.l(rtexit2.o)
    0x00000324   0x00000006   Code   RO          483    .ARM.Collect$$rtexit$$00000004  c_w.l(rtexit2.o)
    0x0000032a   0x00000002   PAD
    0x0000032c   0x00000006   Code   RO          106    .emb_text           sysctl.o
    0x00000332   0x00000002   PAD
    0x00000334   0x00000026   Code   RO          254    .emb_text           driverlib.lib(cpu.o)
    0x0000035a   0x00000002   PAD
    0x0000035c   0x00000758   Code   RO            1    .text               main.o
    0x00000ab4   0x0000045e   Code   RO           70    .text               pwm.o
    0x00000f12   0x00000002   PAD
    0x00000f14   0x00000b54   Code   RO          107    .text               sysctl.o
    0x00001a68   0x00000330   Code   RO          137    .text               uart.o
    0x00001d98   0x000007f8   Code   RO          157    .text               gpio.o
    0x00002590   0x00000120   Code   RO          177    .text               qei.o
    0x000026b0   0x00000114   Code   RO          198  * .text               startup_tm4c123.o
    0x000027c4   0x00000250   Code   RO          205    .text               system_tm4c123.o
    0x00002a14   0x00000006   Code   RO          400    .text               c_w.l(heapauxi.o)
    0x00002a1a   0x0000004a   Code   RO          420    .text               c_w.l(sys_stackheap_outer.o)
    0x00002a64   0x0000000c   Code   RO          422    .text               c_w.l(exit.o)
    0x00002a70   0x00000008   Code   RO          430    .text               c_w.l(libspace.o)
    0x00002a78   0x0000000c   Code   RO          491    .text               c_w.l(sys_exit.o)
    0x00002a84   0x00000002   Code   RO          502    .text               c_w.l(use_no_semi.o)
    0x00002a86   0x00000000   Code   RO          504    .text               c_w.l(indicate_semi.o)
    0x00002a86   0x00000002   PAD
    0x00002a88   0x00000064   Code   RO          270    i.IntDisable        driverlib.lib(interrupt.o)
    0x00002aec   0x00000064   Code   RO          271    i.IntEnable         driverlib.lib(interrupt.o)
    0x00002b50   0x0000000e   Code   RO          274    i.IntMasterEnable   driverlib.lib(interrupt.o)
    0x00002b5e   0x00000002   PAD
    0x00002b60   0x00000034   Code   RO          283    i.IntRegister       driverlib.lib(interrupt.o)
    0x00002b94   0x00000014   Code   RO          285    i.IntUnregister     driverlib.lib(interrupt.o)
    0x00002ba8   0x00000002   Code   RO          286    i._IntDefaultHandler  driverlib.lib(interrupt.o)
    0x00002baa   0x0000000a   Code   RO          489    x$fpl$fpinit        fz_wm.l(fpinit.o)
    0x00002bb4   0x000001c4   Data   RO          108    .constdata          sysctl.o
    0x00002d78   0x00000080   Data   RO          138    .constdata          uart.o
    0x00002df8   0x00000210   Data   RO          158    .constdata          gpio.o
    0x00003008   0x0000010c   Data   RO          287    .constdata          driverlib.lib(interrupt.o)
    0x00003114   0x00000020   Data   RO          556    Region$$Table       anon$$obj.o


    Execution Region ER_RW (Base: 0x20000000, Size: 0x0000066c, Max: 0xffffffff, ABSOLUTE, COMPRESSED[0x00000024])

    Base Addr    Size         Type   Attr      Idx    E Section Name        Object

    0x20000000   0x0000002c   Data   RW            3    .data               main.o
    0x2000002c   0x00000004   Data   RW          206    .data               system_tm4c123.o
    0x20000030   0x000003d0   PAD
    0x20000400   0x0000026c   Data   RW          288    vtable              driverlib.lib(interrupt.o)


    Execution Region ER_ZI (Base: 0x2000066c, Size: 0x0000297c, Max: 0xffffffff, ABSOLUTE)

    Base Addr    Size         Type   Attr      Idx    E Section Name        Object

    0x2000066c   0x0000271a   Zero   RW            2    .bss                main.o
    0x20002d86   0x00000002   PAD
    0x20002d88   0x00000060   Zero   RW          431    .bss                c_w.l(libspace.o)
    0x20002de8   0x00000000   Zero   RW          196    HEAP                startup_tm4c123.o
    0x20002de8   0x00000200   Zero   RW          195    STACK               startup_tm4c123.o


==============================================================================

Image component sizes


      Code (inc. data)   RO Data    RW Data    ZI Data      Debug   Object Name

      2040         30        528          0          0      13453   gpio.o
      1880        168          0         44      10010       8227   main.o
      1118         32          0          0          0      10073   pwm.o
       288         22          0          0          0       3951   qei.o
       276         24        620          0        512       5448   startup_tm4c123.o
      2906        168        452          0          0      14049   sysctl.o
       592        138          0          4          0       1517   system_tm4c123.o
       816         22        128          0          0      10696   uart.o

    ----------------------------------------------------------------------
      9920        604       1760       1024      10524      67414   Object Totals
         0          0         32          0          0          0   (incl. Generated)
         4          0          0        976          2          0   (incl. Padding)

    ----------------------------------------------------------------------

      Code (inc. data)   RO Data    RW Data    ZI Data      Debug   Library Member Name

        58          0          0          0          0          0   __dczerorl.o
         8          0          0          0          0         68   __main.o
         0          0          0          0          0          0   __rtentry.o
        12          0          0          0          0          0   __rtentry2.o
         6          0          0          0          0          0   __rtentry4.o
        52          8          0          0          0          0   __scatter.o
        28          0          0          0          0          0   __scatter_zi.o
        12          0          0          0          0         72   exit.o
         6          0          0          0          0        152   heapauxi.o
         0          0          0          0          0          0   indicate_semi.o
         2          0          0          0          0          0   libinit.o
         6          0          0          0          0          0   libinit2.o
         2          0          0          0          0          0   libshutdown.o
         2          0          0          0          0          0   libshutdown2.o
         8          4          0          0         96         68   libspace.o
         2          0          0          0          0          0   rtexit.o
        10          0          0          0          0          0   rtexit2.o
        12          4          0          0          0         68   sys_exit.o
        74          0          0          0          0         80   sys_stackheap_outer.o
         2          0          0          0          0         68   use_no_semi.o
        38          0          0          0          0       3320   cpu.o
       288         34        268        620          0       3961   interrupt.o
        10          0          0          0          0        116   fpinit.o

    ----------------------------------------------------------------------
       648         50        268        620         96       7973   Library Totals
        10          0          0          0          0          0   (incl. Padding)

    ----------------------------------------------------------------------

      Code (inc. data)   RO Data    RW Data    ZI Data      Debug   Library Name

       302         16          0          0         96        576   c_w.l
       326         34        268        620          0       7281   driverlib.lib
        10          0          0          0          0        116   fz_wm.l

    ----------------------------------------------------------------------
       648         50        268        620         96       7973   Library Totals

    ----------------------------------------------------------------------

==============================================================================


      Code (inc. data)   RO Data    RW Data    ZI Data      Debug   

     10568        654       2028       1644      10620      72631   Grand Totals
     10568        654       2028         36      10620      72631   ELF Image Totals (compressed)
     10568        654       2028         36          0          0   ROM Totals

==============================================================================

    Total RO  Size (Code + RO Data)                12596 (  12.30kB)
    Total RW  Size (RW Data + ZI Data)             12264 (  11.98kB)
    Total ROM Size (Code + RO Data + RW Data)      12632 (  12.34kB)

==============================================================================

