Component: ARM Compiler 5.05 (build 41) Tool: armlink [4d0eb9]

==============================================================================

Section Cross References

    main.o(.text) refers to uart.o(.text) for UARTIntStatus
    main.o(.text) refers to gpio.o(.text) for GPIOPinWrite
    main.o(.text) refers to sysctl.o(.text) for SysCtlClockGet
    main.o(.text) refers to sysctl.o(.emb_text) for SysCtlDelay
    main.o(.text) refers to pwm.o(.text) for PWMGenConfigure
    main.o(.text) refers to interrupt.o(i.IntMasterEnable) for IntMasterEnable
    main.o(.text) refers to interrupt.o(i.IntEnable) for IntEnable
    main.o(.text) refers to main.o(.data) for mytest
    pwm.o(.text) refers to interrupt.o(i.IntRegister) for IntRegister
    pwm.o(.text) refers to interrupt.o(i.IntEnable) for IntEnable
    pwm.o(.text) refers to interrupt.o(i.IntDisable) for IntDisable
    pwm.o(.text) refers to interrupt.o(i.IntUnregister) for IntUnregister
    sysctl.o(.text) refers to interrupt.o(i.IntRegister) for IntRegister
    sysctl.o(.text) refers to interrupt.o(i.IntEnable) for IntEnable
    sysctl.o(.text) refers to interrupt.o(i.IntDisable) for IntDisable
    sysctl.o(.text) refers to interrupt.o(i.IntUnregister) for IntUnregister
    sysctl.o(.text) refers to sysctl.o(.constdata) for g_sXTALtoMEMTIM
    sysctl.o(.text) refers to cpu.o(.emb_text) for CPUwfi
    sysctl.o(.text) refers to sysctl.o(.emb_text) for SysCtlDelay
    uart.o(.text) refers to interrupt.o(i.IntRegister) for IntRegister
    uart.o(.text) refers to interrupt.o(i.IntEnable) for IntEnable
    uart.o(.text) refers to interrupt.o(i.IntDisable) for IntDisable
    uart.o(.text) refers to interrupt.o(i.IntUnregister) for IntUnregister
    uart.o(.text) refers to uart.o(.constdata) for g_ppui32UARTIntMap
    gpio.o(.text) refers to interrupt.o(i.IntRegister) for IntRegister
    gpio.o(.text) refers to interrupt.o(i.IntEnable) for IntEnable
    gpio.o(.text) refers to interrupt.o(i.IntDisable) for IntDisable
    gpio.o(.text) refers to interrupt.o(i.IntUnregister) for IntUnregister
    gpio.o(.text) refers to gpio.o(.constdata) for g_ppui32GPIOIntMapBlizzard
    startup_tm4c123.o(STACK) refers (Special) to heapauxi.o(.text) for __use_two_region_memory
    startup_tm4c123.o(HEAP) refers (Special) to heapauxi.o(.text) for __use_two_region_memory
    startup_tm4c123.o(RESET) refers (Special) to heapauxi.o(.text) for __use_two_region_memory
    startup_tm4c123.o(RESET) refers to startup_tm4c123.o(STACK) for __initial_sp
    startup_tm4c123.o(RESET) refers to startup_tm4c123.o(.text) for Reset_Handler
    startup_tm4c123.o(RESET) refers to main.o(.text) for UART1_Handler
    startup_tm4c123.o(.text) refers (Special) to heapauxi.o(.text) for __use_two_region_memory
    startup_tm4c123.o(.text) refers to system_tm4c123.o(.text) for SystemInit
    startup_tm4c123.o(.text) refers to __main.o(!!!main) for __main
    startup_tm4c123.o(.text) refers to startup_tm4c123.o(HEAP) for Heap_Mem
    startup_tm4c123.o(.text) refers to startup_tm4c123.o(STACK) for Stack_Mem
    system_tm4c123.o(.text) refers to system_tm4c123.o(.data) for SystemCoreClock
    interrupt.o(i.IntDisable) refers to interrupt.o(.constdata) for .constdata
    interrupt.o(i.IntEnable) refers to interrupt.o(.constdata) for .constdata
    interrupt.o(i.IntIsEnabled) refers to interrupt.o(.constdata) for .constdata
    interrupt.o(i.IntMasterDisable) refers to cpu.o(.emb_text) for CPUcpsid
    interrupt.o(i.IntMasterEnable) refers to cpu.o(.emb_text) for CPUcpsie
    interrupt.o(i.IntPendClear) refers to interrupt.o(.constdata) for .constdata
    interrupt.o(i.IntPendSet) refers to interrupt.o(.constdata) for .constdata
    interrupt.o(i.IntPriorityGet) refers to interrupt.o(.constdata) for .constdata
    interrupt.o(i.IntPriorityGroupingGet) refers to interrupt.o(.constdata) for .constdata
    interrupt.o(i.IntPriorityGroupingSet) refers to interrupt.o(.constdata) for .constdata
    interrupt.o(i.IntPriorityMaskGet) refers to cpu.o(.emb_text) for CPUbasepriGet
    interrupt.o(i.IntPriorityMaskSet) refers to cpu.o(.emb_text) for CPUbasepriSet
    interrupt.o(i.IntPrioritySet) refers to interrupt.o(.constdata) for .constdata
    interrupt.o(i.IntRegister) refers to interrupt.o(vtable) for vtable
    interrupt.o(i.IntUnregister) refers to interrupt.o(i._IntDefaultHandler) for _IntDefaultHandler
    interrupt.o(i.IntUnregister) refers to interrupt.o(vtable) for vtable
    __main.o(!!!main) refers to __rtentry.o(.ARM.Collect$$rtentry$$00000000) for __rt_entry
    __rtentry.o(.ARM.Collect$$rtentry$$00000000) refers (Special) to __rtentry2.o(.ARM.Collect$$rtentry$$0000000A) for __rt_entry_li
    __rtentry.o(.ARM.Collect$$rtentry$$00000000) refers (Special) to __rtentry2.o(.ARM.Collect$$rtentry$$0000000D) for __rt_entry_main
    __rtentry.o(.ARM.Collect$$rtentry$$00000000) refers (Special) to __rtentry2.o(.ARM.Collect$$rtentry$$0000000C) for __rt_entry_postli_1
    __rtentry.o(.ARM.Collect$$rtentry$$00000000) refers (Special) to __rtentry2.o(.ARM.Collect$$rtentry$$00000009) for __rt_entry_postsh_1
    __rtentry.o(.ARM.Collect$$rtentry$$00000000) refers (Special) to __rtentry2.o(.ARM.Collect$$rtentry$$00000002) for __rt_entry_presh_1
    __rtentry.o(.ARM.Collect$$rtentry$$00000000) refers (Special) to __rtentry4.o(.ARM.Collect$$rtentry$$00000004) for __rt_entry_sh
    __rtentry2.o(.ARM.Collect$$rtentry$$00000008) refers to boardinit2.o(.text) for _platform_post_stackheap_init
    __rtentry2.o(.ARM.Collect$$rtentry$$0000000A) refers to libinit.o(.ARM.Collect$$libinit$$00000000) for __rt_lib_init
    __rtentry2.o(.ARM.Collect$$rtentry$$0000000B) refers to boardinit3.o(.text) for _platform_post_lib_init
    __rtentry2.o(.ARM.Collect$$rtentry$$0000000D) refers to main.o(.text) for main
    __rtentry2.o(.ARM.Collect$$rtentry$$0000000D) refers to exit.o(.text) for exit
    __rtentry2.o(.ARM.exidx) refers to __rtentry2.o(.ARM.Collect$$rtentry$$00000001) for .ARM.Collect$$rtentry$$00000001
    __rtentry2.o(.ARM.exidx) refers to __rtentry2.o(.ARM.Collect$$rtentry$$00000008) for .ARM.Collect$$rtentry$$00000008
    __rtentry2.o(.ARM.exidx) refers to __rtentry2.o(.ARM.Collect$$rtentry$$0000000A) for .ARM.Collect$$rtentry$$0000000A
    __rtentry2.o(.ARM.exidx) refers to __rtentry2.o(.ARM.Collect$$rtentry$$0000000B) for .ARM.Collect$$rtentry$$0000000B
    __rtentry2.o(.ARM.exidx) refers to __rtentry2.o(.ARM.Collect$$rtentry$$0000000D) for .ARM.Collect$$rtentry$$0000000D
    __rtentry4.o(.ARM.Collect$$rtentry$$00000004) refers to sys_stackheap_outer.o(.text) for __user_setup_stackheap
    __rtentry4.o(.ARM.exidx) refers to __rtentry4.o(.ARM.Collect$$rtentry$$00000004) for .ARM.Collect$$rtentry$$00000004
    sys_stackheap_outer.o(.text) refers to libspace.o(.text) for __user_perproc_libspace
    sys_stackheap_outer.o(.text) refers to startup_tm4c123.o(.text) for __user_initial_stackheap
    exit.o(.text) refers to rtexit.o(.ARM.Collect$$rtexit$$00000000) for __rt_exit
    libinit.o(.ARM.Collect$$libinit$$00000000) refers (Special) to libinit2.o(.ARM.Collect$$libinit$$0000002E) for __rt_lib_init_alloca_1
    libinit.o(.ARM.Collect$$libinit$$00000000) refers (Special) to libinit2.o(.ARM.Collect$$libinit$$0000002C) for __rt_lib_init_argv_1
    libinit.o(.ARM.Collect$$libinit$$00000000) refers (Special) to libinit2.o(.ARM.Collect$$libinit$$0000001B) for __rt_lib_init_atexit_1
    libinit.o(.ARM.Collect$$libinit$$00000000) refers (Special) to libinit2.o(.ARM.Collect$$libinit$$00000021) for __rt_lib_init_clock_1
    libinit.o(.ARM.Collect$$libinit$$00000000) refers (Special) to libinit2.o(.ARM.Collect$$libinit$$00000032) for __rt_lib_init_cpp_1
    libinit.o(.ARM.Collect$$libinit$$00000000) refers (Special) to libinit2.o(.ARM.Collect$$libinit$$00000030) for __rt_lib_init_exceptions_1
    libinit.o(.ARM.Collect$$libinit$$00000000) refers (Special) to libinit2.o(.ARM.Collect$$libinit$$00000001) for __rt_lib_init_fp_1
    libinit.o(.ARM.Collect$$libinit$$00000000) refers (Special) to libinit2.o(.ARM.Collect$$libinit$$0000001F) for __rt_lib_init_fp_trap_1
    libinit.o(.ARM.Collect$$libinit$$00000000) refers (Special) to libinit2.o(.ARM.Collect$$libinit$$00000023) for __rt_lib_init_getenv_1
    libinit.o(.ARM.Collect$$libinit$$00000000) refers (Special) to libinit2.o(.ARM.Collect$$libinit$$0000000A) for __rt_lib_init_heap_1
    libinit.o(.ARM.Collect$$libinit$$00000000) refers (Special) to libinit2.o(.ARM.Collect$$libinit$$00000011) for __rt_lib_init_lc_collate_1
    libinit.o(.ARM.Collect$$libinit$$00000000) refers (Special) to libinit2.o(.ARM.Collect$$libinit$$00000013) for __rt_lib_init_lc_ctype_1
    libinit.o(.ARM.Collect$$libinit$$00000000) refers (Special) to libinit2.o(.ARM.Collect$$libinit$$00000015) for __rt_lib_init_lc_monetary_1
    libinit.o(.ARM.Collect$$libinit$$00000000) refers (Special) to libinit2.o(.ARM.Collect$$libinit$$00000017) for __rt_lib_init_lc_numeric_1
    libinit.o(.ARM.Collect$$libinit$$00000000) refers (Special) to libinit2.o(.ARM.Collect$$libinit$$00000019) for __rt_lib_init_lc_time_1
    libinit.o(.ARM.Collect$$libinit$$00000000) refers (Special) to libinit2.o(.ARM.Collect$$libinit$$00000004) for __rt_lib_init_preinit_1
    libinit.o(.ARM.Collect$$libinit$$00000000) refers (Special) to libinit2.o(.ARM.Collect$$libinit$$0000000E) for __rt_lib_init_rand_1
    libinit.o(.ARM.Collect$$libinit$$00000000) refers (Special) to libinit2.o(.ARM.Collect$$libinit$$00000033) for __rt_lib_init_return
    libinit.o(.ARM.Collect$$libinit$$00000000) refers (Special) to libinit2.o(.ARM.Collect$$libinit$$0000001D) for __rt_lib_init_signal_1
    libinit.o(.ARM.Collect$$libinit$$00000000) refers (Special) to libinit2.o(.ARM.Collect$$libinit$$00000025) for __rt_lib_init_stdio_1
    libinit.o(.ARM.Collect$$libinit$$00000000) refers (Special) to libinit2.o(.ARM.Collect$$libinit$$0000000C) for __rt_lib_init_user_alloc_1
    libspace.o(.text) refers to libspace.o(.bss) for __libspace_start
    rtexit.o(.ARM.Collect$$rtexit$$00000000) refers (Special) to rtexit2.o(.ARM.Collect$$rtexit$$00000004) for __rt_exit_exit
    rtexit.o(.ARM.Collect$$rtexit$$00000000) refers (Special) to rtexit2.o(.ARM.Collect$$rtexit$$00000003) for __rt_exit_ls
    rtexit.o(.ARM.Collect$$rtexit$$00000000) refers (Special) to rtexit2.o(.ARM.Collect$$rtexit$$00000002) for __rt_exit_prels_1
    rtexit.o(.ARM.exidx) refers (Special) to rtexit2.o(.ARM.Collect$$rtexit$$00000004) for __rt_exit_exit
    rtexit.o(.ARM.exidx) refers (Special) to rtexit2.o(.ARM.Collect$$rtexit$$00000003) for __rt_exit_ls
    rtexit.o(.ARM.exidx) refers (Special) to rtexit2.o(.ARM.Collect$$rtexit$$00000002) for __rt_exit_prels_1
    rtexit.o(.ARM.exidx) refers to rtexit.o(.ARM.Collect$$rtexit$$00000000) for .ARM.Collect$$rtexit$$00000000
    libinit2.o(.ARM.Collect$$libinit$$00000001) refers to fpinit.o(x$fpl$fpinit) for _fp_init
    libinit2.o(.ARM.Collect$$libinit$$00000010) refers to libinit2.o(.ARM.Collect$$libinit$$0000000F) for .ARM.Collect$$libinit$$0000000F
    libinit2.o(.ARM.Collect$$libinit$$00000012) refers to libinit2.o(.ARM.Collect$$libinit$$0000000F) for .ARM.Collect$$libinit$$0000000F
    libinit2.o(.ARM.Collect$$libinit$$00000014) refers to libinit2.o(.ARM.Collect$$libinit$$0000000F) for .ARM.Collect$$libinit$$0000000F
    libinit2.o(.ARM.Collect$$libinit$$00000016) refers to libinit2.o(.ARM.Collect$$libinit$$0000000F) for .ARM.Collect$$libinit$$0000000F
    libinit2.o(.ARM.Collect$$libinit$$00000018) refers to libinit2.o(.ARM.Collect$$libinit$$0000000F) for .ARM.Collect$$libinit$$0000000F
    libinit2.o(.ARM.Collect$$libinit$$00000026) refers to argv_veneer.o(.emb_text) for __ARM_argv_veneer
    libinit2.o(.ARM.Collect$$libinit$$00000027) refers to argv_veneer.o(.emb_text) for __ARM_argv_veneer
    rtexit2.o(.ARM.Collect$$rtexit$$00000003) refers to libshutdown.o(.ARM.Collect$$libshutdown$$00000000) for __rt_lib_shutdown
    rtexit2.o(.ARM.Collect$$rtexit$$00000004) refers to sys_exit.o(.text) for _sys_exit
    rtexit2.o(.ARM.exidx) refers to rtexit2.o(.ARM.Collect$$rtexit$$00000001) for .ARM.Collect$$rtexit$$00000001
    rtexit2.o(.ARM.exidx) refers to rtexit2.o(.ARM.Collect$$rtexit$$00000003) for .ARM.Collect$$rtexit$$00000003
    rtexit2.o(.ARM.exidx) refers to rtexit2.o(.ARM.Collect$$rtexit$$00000004) for .ARM.Collect$$rtexit$$00000004
    argv_veneer.o(.emb_text) refers to no_argv.o(.text) for __ARM_get_argv
    sys_exit.o(.text) refers (Special) to use_no_semi.o(.text) for __I$use$semihosting
    sys_exit.o(.text) refers (Special) to indicate_semi.o(.text) for __semihosting_library_function
    _get_argv_nomalloc.o(.text) refers (Special) to hrguard.o(.text) for __heap_region$guard
    _get_argv_nomalloc.o(.text) refers to defsig_rtmem_outer.o(.text) for __rt_SIGRTMEM
    _get_argv_nomalloc.o(.text) refers to sys_command.o(.text) for _sys_command_string
    libshutdown.o(.ARM.Collect$$libshutdown$$00000000) refers (Special) to libshutdown2.o(.ARM.Collect$$libshutdown$$00000006) for __rt_lib_shutdown_fp_trap_1
    libshutdown.o(.ARM.Collect$$libshutdown$$00000000) refers (Special) to libshutdown2.o(.ARM.Collect$$libshutdown$$0000000E) for __rt_lib_shutdown_heap_1
    libshutdown.o(.ARM.Collect$$libshutdown$$00000000) refers (Special) to libshutdown2.o(.ARM.Collect$$libshutdown$$0000000F) for __rt_lib_shutdown_return
    libshutdown.o(.ARM.Collect$$libshutdown$$00000000) refers (Special) to libshutdown2.o(.ARM.Collect$$libshutdown$$00000009) for __rt_lib_shutdown_signal_1
    libshutdown.o(.ARM.Collect$$libshutdown$$00000000) refers (Special) to libshutdown2.o(.ARM.Collect$$libshutdown$$00000003) for __rt_lib_shutdown_stdio_1
    libshutdown.o(.ARM.Collect$$libshutdown$$00000000) refers (Special) to libshutdown2.o(.ARM.Collect$$libshutdown$$0000000B) for __rt_lib_shutdown_user_alloc_1
    sys_command.o(.text) refers (Special) to use_no_semi.o(.text) for __I$use$semihosting
    sys_command.o(.text) refers (Special) to indicate_semi.o(.text) for __semihosting_library_function
    defsig_rtmem_outer.o(.text) refers to defsig_rtmem_inner.o(.text) for __rt_SIGRTMEM_inner
    defsig_rtmem_outer.o(.text) refers to defsig_exit.o(.text) for __sig_exit
    defsig_rtmem_formal.o(.text) refers to rt_raise.o(.text) for __rt_raise
    rt_raise.o(.text) refers to __raise.o(.text) for __raise
    rt_raise.o(.text) refers to sys_exit.o(.text) for _sys_exit
    defsig_exit.o(.text) refers to sys_exit.o(.text) for _sys_exit
    defsig_rtmem_inner.o(.text) refers to defsig_general.o(.text) for __default_signal_display
    __raise.o(.text) refers to defsig.o(CL$$defsig) for __default_signal_handler
    defsig_general.o(.text) refers to sys_wrch.o(.text) for _ttywrch
    sys_wrch.o(.text) refers (Special) to use_no_semi.o(.text) for __I$use$semihosting
    sys_wrch.o(.text) refers (Special) to indicate_semi.o(.text) for __semihosting_library_function
    defsig.o(CL$$defsig) refers to defsig_rtmem_inner.o(.text) for __rt_SIGRTMEM_inner
    defsig_abrt_inner.o(.text) refers to defsig_general.o(.text) for __default_signal_display
    defsig_fpe_inner.o(.text) refers to defsig_general.o(.text) for __default_signal_display
    defsig_rtred_inner.o(.text) refers to defsig_general.o(.text) for __default_signal_display
    defsig_stak_inner.o(.text) refers to defsig_general.o(.text) for __default_signal_display
    defsig_pvfn_inner.o(.text) refers to defsig_general.o(.text) for __default_signal_display
    defsig_cppl_inner.o(.text) refers to defsig_general.o(.text) for __default_signal_display
    defsig_segv_inner.o(.text) refers to defsig_general.o(.text) for __default_signal_display
    defsig_other.o(.text) refers to defsig_general.o(.text) for __default_signal_display


==============================================================================

Removing Unused input sections from the image.

    Removing system_tm4c123.o(.rev16_text), (4 bytes).
    Removing system_tm4c123.o(.revsh_text), (4 bytes).
    Removing system_tm4c123.o(.rrx_text), (6 bytes).
    Removing interrupt.o(i.IntIsEnabled), (96 bytes).
    Removing interrupt.o(i.IntMasterDisable), (14 bytes).
    Removing interrupt.o(i.IntPendClear), (68 bytes).
    Removing interrupt.o(i.IntPendSet), (84 bytes).
    Removing interrupt.o(i.IntPriorityGet), (28 bytes).
    Removing interrupt.o(i.IntPriorityGroupingGet), (36 bytes).
    Removing interrupt.o(i.IntPriorityGroupingSet), (28 bytes).
    Removing interrupt.o(i.IntPriorityMaskGet), (4 bytes).
    Removing interrupt.o(i.IntPriorityMaskSet), (4 bytes).
    Removing interrupt.o(i.IntPrioritySet), (40 bytes).
    Removing interrupt.o(i.IntTrigger), (12 bytes).

14 unused section(s) (total 428 bytes) removed from the image.

==============================================================================

Image Symbol Table

    Local Symbols

    Symbol Name                              Value     Ov Type        Size  Object(Section)

    RESET                                    0x00000000   Section      620  startup_tm4c123.o(RESET)
    ../clib/angel/boardlib.s                 0x00000000   Number         0  boardshut.o ABSOLUTE
    ../clib/angel/boardlib.s                 0x00000000   Number         0  boardinit3.o ABSOLUTE
    ../clib/angel/boardlib.s                 0x00000000   Number         0  boardinit2.o ABSOLUTE
    ../clib/angel/boardlib.s                 0x00000000   Number         0  boardinit1.o ABSOLUTE
    ../clib/angel/dczerorl.s                 0x00000000   Number         0  __dczerorl.o ABSOLUTE
    ../clib/angel/handlers.s                 0x00000000   Number         0  __scatter_zi.o ABSOLUTE
    ../clib/angel/kernel.s                   0x00000000   Number         0  __rtentry.o ABSOLUTE
    ../clib/angel/kernel.s                   0x00000000   Number         0  rtexit2.o ABSOLUTE
    ../clib/angel/kernel.s                   0x00000000   Number         0  __rtentry2.o ABSOLUTE
    ../clib/angel/kernel.s                   0x00000000   Number         0  rtexit.o ABSOLUTE
    ../clib/angel/kernel.s                   0x00000000   Number         0  __rtentry4.o ABSOLUTE
    ../clib/angel/rt.s                       0x00000000   Number         0  rt_raise.o ABSOLUTE
    ../clib/angel/scatter.s                  0x00000000   Number         0  __scatter.o ABSOLUTE
    ../clib/angel/startup.s                  0x00000000   Number         0  __main.o ABSOLUTE
    ../clib/angel/sys.s                      0x00000000   Number         0  libspace.o ABSOLUTE
    ../clib/angel/sys.s                      0x00000000   Number         0  use_no_semi.o ABSOLUTE
    ../clib/angel/sys.s                      0x00000000   Number         0  indicate_semi.o ABSOLUTE
    ../clib/angel/sys.s                      0x00000000   Number         0  sys_stackheap_outer.o ABSOLUTE
    ../clib/angel/sysapp.c                   0x00000000   Number         0  sys_exit.o ABSOLUTE
    ../clib/angel/sysapp.c                   0x00000000   Number         0  sys_wrch.o ABSOLUTE
    ../clib/angel/sysapp.c                   0x00000000   Number         0  sys_command.o ABSOLUTE
    ../clib/armsys.c                         0x00000000   Number         0  argv_veneer.o ABSOLUTE
    ../clib/armsys.c                         0x00000000   Number         0  argv_veneer.o ABSOLUTE
    ../clib/armsys.c                         0x00000000   Number         0  _get_argv_nomalloc.o ABSOLUTE
    ../clib/armsys.c                         0x00000000   Number         0  no_argv.o ABSOLUTE
    ../clib/heapalloc.c                      0x00000000   Number         0  hrguard.o ABSOLUTE
    ../clib/heapaux.c                        0x00000000   Number         0  heapauxi.o ABSOLUTE
    ../clib/libinit.s                        0x00000000   Number         0  libinit.o ABSOLUTE
    ../clib/libinit.s                        0x00000000   Number         0  libshutdown2.o ABSOLUTE
    ../clib/libinit.s                        0x00000000   Number         0  libshutdown.o ABSOLUTE
    ../clib/libinit.s                        0x00000000   Number         0  libinit2.o ABSOLUTE
    ../clib/signal.c                         0x00000000   Number         0  defsig_rtmem_inner.o ABSOLUTE
    ../clib/signal.c                         0x00000000   Number         0  defsig_fpe_inner.o ABSOLUTE
    ../clib/signal.c                         0x00000000   Number         0  defsig_rtmem_outer.o ABSOLUTE
    ../clib/signal.c                         0x00000000   Number         0  defsig_rtmem_formal.o ABSOLUTE
    ../clib/signal.c                         0x00000000   Number         0  defsig_other.o ABSOLUTE
    ../clib/signal.c                         0x00000000   Number         0  defsig_segv_inner.o ABSOLUTE
    ../clib/signal.c                         0x00000000   Number         0  defsig_cppl_inner.o ABSOLUTE
    ../clib/signal.c                         0x00000000   Number         0  defsig_pvfn_inner.o ABSOLUTE
    ../clib/signal.c                         0x00000000   Number         0  defsig_stak_inner.o ABSOLUTE
    ../clib/signal.c                         0x00000000   Number         0  defsig_rtred_inner.o ABSOLUTE
    ../clib/signal.c                         0x00000000   Number         0  defsig_exit.o ABSOLUTE
    ../clib/signal.c                         0x00000000   Number         0  defsig_abrt_inner.o ABSOLUTE
    ../clib/signal.c                         0x00000000   Number         0  __raise.o ABSOLUTE
    ../clib/signal.c                         0x00000000   Number         0  defsig_general.o ABSOLUTE
    ../clib/signal.s                         0x00000000   Number         0  defsig.o ABSOLUTE
    ../clib/stdlib.c                         0x00000000   Number         0  exit.o ABSOLUTE
    ../fplib/fpinit.s                        0x00000000   Number         0  fpinit.o ABSOLUTE
    RTE\Device\TM4C123GH6PM\startup_TM4C123.s 0x00000000   Number         0  startup_tm4c123.o ABSOLUTE
    RTE\Device\TM4C123GH6PM\system_TM4C123.c 0x00000000   Number         0  system_tm4c123.o ABSOLUTE
    RTE\\Device\\TM4C123GH6PM\\system_TM4C123.c 0x00000000   Number         0  system_tm4c123.o ABSOLUTE
    cpu.c                                    0x00000000   Number         0  cpu.o ABSOLUTE
    cpu.c                                    0x00000000   Number         0  cpu.o ABSOLUTE
    dc.s                                     0x00000000   Number         0  dc.o ABSOLUTE
    driverlib\\sysctl.c                      0x00000000   Number         0  sysctl.o ABSOLUTE
    driverlib\gpio.c                         0x00000000   Number         0  gpio.o ABSOLUTE
    driverlib\pwm.c                          0x00000000   Number         0  pwm.o ABSOLUTE
    driverlib\sysctl.c                       0x00000000   Number         0  sysctl.o ABSOLUTE
    driverlib\uart.c                         0x00000000   Number         0  uart.o ABSOLUTE
    interrupt.c                              0x00000000   Number         0  interrupt.o ABSOLUTE
    main.c                                   0x00000000   Number         0  main.o ABSOLUTE
    !!!main                                  0x0000026c   Section        8  __main.o(!!!main)
    !!!scatter                               0x00000274   Section       52  __scatter.o(!!!scatter)
    !!dczerorl                               0x000002a8   Section       58  __dczerorl.o(!!dczerorl)
    !!handler_zi                             0x000002e4   Section       28  __scatter_zi.o(!!handler_zi)
    .ARM.Collect$$libinit$$00000000          0x00000300   Section        2  libinit.o(.ARM.Collect$$libinit$$00000000)
    .ARM.Collect$$libinit$$00000001          0x00000302   Section        4  libinit2.o(.ARM.Collect$$libinit$$00000001)
    .ARM.Collect$$libinit$$00000004          0x00000306   Section        0  libinit2.o(.ARM.Collect$$libinit$$00000004)
    .ARM.Collect$$libinit$$0000000A          0x00000306   Section        0  libinit2.o(.ARM.Collect$$libinit$$0000000A)
    .ARM.Collect$$libinit$$0000000C          0x00000306   Section        0  libinit2.o(.ARM.Collect$$libinit$$0000000C)
    .ARM.Collect$$libinit$$0000000E          0x00000306   Section        0  libinit2.o(.ARM.Collect$$libinit$$0000000E)
    .ARM.Collect$$libinit$$00000011          0x00000306   Section        0  libinit2.o(.ARM.Collect$$libinit$$00000011)
    .ARM.Collect$$libinit$$00000013          0x00000306   Section        0  libinit2.o(.ARM.Collect$$libinit$$00000013)
    .ARM.Collect$$libinit$$00000015          0x00000306   Section        0  libinit2.o(.ARM.Collect$$libinit$$00000015)
    .ARM.Collect$$libinit$$00000017          0x00000306   Section        0  libinit2.o(.ARM.Collect$$libinit$$00000017)
    .ARM.Collect$$libinit$$00000019          0x00000306   Section        0  libinit2.o(.ARM.Collect$$libinit$$00000019)
    .ARM.Collect$$libinit$$0000001B          0x00000306   Section        0  libinit2.o(.ARM.Collect$$libinit$$0000001B)
    .ARM.Collect$$libinit$$0000001D          0x00000306   Section        0  libinit2.o(.ARM.Collect$$libinit$$0000001D)
    .ARM.Collect$$libinit$$0000001F          0x00000306   Section        0  libinit2.o(.ARM.Collect$$libinit$$0000001F)
    .ARM.Collect$$libinit$$00000021          0x00000306   Section        0  libinit2.o(.ARM.Collect$$libinit$$00000021)
    .ARM.Collect$$libinit$$00000023          0x00000306   Section        0  libinit2.o(.ARM.Collect$$libinit$$00000023)
    .ARM.Collect$$libinit$$00000025          0x00000306   Section        0  libinit2.o(.ARM.Collect$$libinit$$00000025)
    .ARM.Collect$$libinit$$0000002C          0x00000306   Section        0  libinit2.o(.ARM.Collect$$libinit$$0000002C)
    .ARM.Collect$$libinit$$0000002E          0x00000306   Section        0  libinit2.o(.ARM.Collect$$libinit$$0000002E)
    .ARM.Collect$$libinit$$00000030          0x00000306   Section        0  libinit2.o(.ARM.Collect$$libinit$$00000030)
    .ARM.Collect$$libinit$$00000032          0x00000306   Section        0  libinit2.o(.ARM.Collect$$libinit$$00000032)
    .ARM.Collect$$libinit$$00000033          0x00000306   Section        2  libinit2.o(.ARM.Collect$$libinit$$00000033)
    .ARM.Collect$$libshutdown$$00000000      0x00000308   Section        2  libshutdown.o(.ARM.Collect$$libshutdown$$00000000)
    .ARM.Collect$$libshutdown$$00000003      0x0000030a   Section        0  libshutdown2.o(.ARM.Collect$$libshutdown$$00000003)
    .ARM.Collect$$libshutdown$$00000006      0x0000030a   Section        0  libshutdown2.o(.ARM.Collect$$libshutdown$$00000006)
    .ARM.Collect$$libshutdown$$00000009      0x0000030a   Section        0  libshutdown2.o(.ARM.Collect$$libshutdown$$00000009)
    .ARM.Collect$$libshutdown$$0000000B      0x0000030a   Section        0  libshutdown2.o(.ARM.Collect$$libshutdown$$0000000B)
    .ARM.Collect$$libshutdown$$0000000E      0x0000030a   Section        0  libshutdown2.o(.ARM.Collect$$libshutdown$$0000000E)
    .ARM.Collect$$libshutdown$$0000000F      0x0000030a   Section        2  libshutdown2.o(.ARM.Collect$$libshutdown$$0000000F)
    .ARM.Collect$$rtentry$$00000000          0x0000030c   Section        0  __rtentry.o(.ARM.Collect$$rtentry$$00000000)
    .ARM.Collect$$rtentry$$00000002          0x0000030c   Section        0  __rtentry2.o(.ARM.Collect$$rtentry$$00000002)
    .ARM.Collect$$rtentry$$00000004          0x0000030c   Section        6  __rtentry4.o(.ARM.Collect$$rtentry$$00000004)
    .ARM.Collect$$rtentry$$00000009          0x00000312   Section        0  __rtentry2.o(.ARM.Collect$$rtentry$$00000009)
    .ARM.Collect$$rtentry$$0000000A          0x00000312   Section        4  __rtentry2.o(.ARM.Collect$$rtentry$$0000000A)
    .ARM.Collect$$rtentry$$0000000C          0x00000316   Section        0  __rtentry2.o(.ARM.Collect$$rtentry$$0000000C)
    .ARM.Collect$$rtentry$$0000000D          0x00000316   Section        8  __rtentry2.o(.ARM.Collect$$rtentry$$0000000D)
    .ARM.Collect$$rtexit$$00000000           0x0000031e   Section        2  rtexit.o(.ARM.Collect$$rtexit$$00000000)
    .ARM.Collect$$rtexit$$00000002           0x00000320   Section        0  rtexit2.o(.ARM.Collect$$rtexit$$00000002)
    .ARM.Collect$$rtexit$$00000003           0x00000320   Section        4  rtexit2.o(.ARM.Collect$$rtexit$$00000003)
    .ARM.Collect$$rtexit$$00000004           0x00000324   Section        6  rtexit2.o(.ARM.Collect$$rtexit$$00000004)
    .emb_text                                0x0000032c   Section        6  sysctl.o(.emb_text)
    $v0                                      0x0000032c   Number         0  sysctl.o(.emb_text)
    .emb_text                                0x00000334   Section       38  cpu.o(.emb_text)
    $v0                                      0x00000334   Number         0  cpu.o(.emb_text)
    .text                                    0x0000035c   Section        0  main.o(.text)
    .text                                    0x00000550   Section        0  pwm.o(.text)
    _PWMGenIntNumberGet                      0x00000683   Thumb Code   248  pwm.o(.text)
    _PWMFaultIntNumberGet                    0x000007bf   Thumb Code    62  pwm.o(.text)
    .text                                    0x000009b0   Section        0  sysctl.o(.text)
    _SysCtlMemTimingGet                      0x000009b1   Thumb Code    36  sysctl.o(.text)
    _SysCtlFrequencyGet                      0x000009d5   Thumb Code    96  sysctl.o(.text)
    .text                                    0x00001504   Section        0  uart.o(.text)
    _UARTIntNumberGet                        0x00001505   Thumb Code    56  uart.o(.text)
    .text                                    0x00001834   Section        0  gpio.o(.text)
    _GPIOIntNumberGet                        0x00001835   Thumb Code    56  gpio.o(.text)
    .text                                    0x0000202c   Section      276  startup_tm4c123.o(.text)
    $v0                                      0x0000202c   Number         0  startup_tm4c123.o(.text)
    .text                                    0x00002140   Section        0  system_tm4c123.o(.text)
    getOscClk                                0x00002141   Thumb Code   182  system_tm4c123.o(.text)
    .text                                    0x00002390   Section        0  heapauxi.o(.text)
    .text                                    0x00002396   Section       74  sys_stackheap_outer.o(.text)
    .text                                    0x000023e0   Section        0  exit.o(.text)
    .text                                    0x000023ec   Section        8  libspace.o(.text)
    .text                                    0x000023f4   Section        0  sys_exit.o(.text)
    .text                                    0x00002400   Section        2  use_no_semi.o(.text)
    .text                                    0x00002402   Section        0  indicate_semi.o(.text)
    i.IntDisable                             0x00002404   Section        0  interrupt.o(i.IntDisable)
    i.IntEnable                              0x00002468   Section        0  interrupt.o(i.IntEnable)
    i.IntMasterEnable                        0x000024cc   Section        0  interrupt.o(i.IntMasterEnable)
    i.IntRegister                            0x000024dc   Section        0  interrupt.o(i.IntRegister)
    i.IntUnregister                          0x00002510   Section        0  interrupt.o(i.IntUnregister)
    i._IntDefaultHandler                     0x00002524   Section        0  interrupt.o(i._IntDefaultHandler)
    _IntDefaultHandler                       0x00002525   Thumb Code     2  interrupt.o(i._IntDefaultHandler)
    x$fpl$fpinit                             0x00002526   Section       10  fpinit.o(x$fpl$fpinit)
    $v0                                      0x00002526   Number         0  fpinit.o(x$fpl$fpinit)
    .constdata                               0x00002530   Section      452  sysctl.o(.constdata)
    g_pui32Xtals                             0x00002530   Data         108  sysctl.o(.constdata)
    g_pppui32XTALtoVCO                       0x0000259c   Data         288  sysctl.o(.constdata)
    g_sXTALtoMEMTIM                          0x000026bc   Data          48  sysctl.o(.constdata)
    g_pui32VCOFrequencies                    0x000026ec   Data           8  sysctl.o(.constdata)
    .constdata                               0x000026f4   Section      128  uart.o(.constdata)
    g_ppui32UARTIntMap                       0x000026f4   Data          64  uart.o(.constdata)
    g_ppui32UARTIntMapSnowflake              0x00002734   Data          64  uart.o(.constdata)
    .constdata                               0x00002774   Section      528  gpio.o(.constdata)
    g_ppui32GPIOIntMapBlizzard               0x00002774   Data         192  gpio.o(.constdata)
    g_ppui32GPIOIntMapSnowflake              0x00002834   Data         192  gpio.o(.constdata)
    g_pui32GPIOBaseAddrs                     0x000028f4   Data         144  gpio.o(.constdata)
    .constdata                               0x00002984   Section      268  interrupt.o(.constdata)
    g_pui32Priority                          0x00002984   Data          32  interrupt.o(.constdata)
    g_pui32Regs                              0x000029a4   Data         156  interrupt.o(.constdata)
    g_pui32EnRegs                            0x00002a40   Data          20  interrupt.o(.constdata)
    g_pui32Dii16Regs                         0x00002a54   Data          20  interrupt.o(.constdata)
    g_pui32PendRegs                          0x00002a68   Data          20  interrupt.o(.constdata)
    g_pui32UnpendRegs                        0x00002a7c   Data          20  interrupt.o(.constdata)
    .data                                    0x20000000   Section        4  main.o(.data)
    .data                                    0x20000004   Section        4  system_tm4c123.o(.data)
    vtable                                   0x20000400   Section      620  interrupt.o(vtable)
    g_pfnRAMVectors                          0x20000400   Data         620  interrupt.o(vtable)
    .bss                                     0x2000066c   Section       96  libspace.o(.bss)
    HEAP                                     0x200006d0   Section        0  startup_tm4c123.o(HEAP)
    STACK                                    0x200006d0   Section      512  startup_tm4c123.o(STACK)
    Heap_Mem                                 0x200006d0   Data           0  startup_tm4c123.o(HEAP)
    Stack_Mem                                0x200006d0   Data         512  startup_tm4c123.o(STACK)
    __initial_sp                             0x200008d0   Data           0  startup_tm4c123.o(STACK)

    Global Symbols

    Symbol Name                              Value     Ov Type        Size  Object(Section)

    BuildAttributes$$THM_ISAv4$E$P$D$K$B$S$7EM$VFPi3$EXTD16$VFPS$VFMA$PE$A:L22UL41UL21$X:L11$S22US41US21$IEEE1$IW$USESV6$~STKCKD$USESV7$~SHL$OTIME$ROPI$EBA8$UX$STANDARDLIB$REQ8$PRES8$EABIv2 0x00000000   Number         0  anon$$obj.o ABSOLUTE
    __ARM_use_no_argv                        0x00000000   Number         0  main.o ABSOLUTE
    __Vectors                                0x00000000   Data           4  startup_tm4c123.o(RESET)
    __ARM_exceptions_init                     - Undefined Weak Reference
    __alloca_initialize                       - Undefined Weak Reference
    __arm_preinit_                            - Undefined Weak Reference
    __cpp_initialize__aeabi_                  - Undefined Weak Reference
    __cxa_finalize                            - Undefined Weak Reference
    __rt_locale                               - Undefined Weak Reference
    __sigvec_lookup                           - Undefined Weak Reference
    _atexit_init                              - Undefined Weak Reference
    _call_atexit_fns                          - Undefined Weak Reference
    _clock_init                               - Undefined Weak Reference
    _fp_trap_init                             - Undefined Weak Reference
    _fp_trap_shutdown                         - Undefined Weak Reference
    _get_lc_collate                           - Undefined Weak Reference
    _get_lc_ctype                             - Undefined Weak Reference
    _get_lc_monetary                          - Undefined Weak Reference
    _get_lc_numeric                           - Undefined Weak Reference
    _get_lc_time                              - Undefined Weak Reference
    _getenv_init                              - Undefined Weak Reference
    _handle_redirection                       - Undefined Weak Reference
    _init_alloc                               - Undefined Weak Reference
    _init_user_alloc                          - Undefined Weak Reference
    _initio                                   - Undefined Weak Reference
    _rand_init                                - Undefined Weak Reference
    _signal_finish                            - Undefined Weak Reference
    _signal_init                              - Undefined Weak Reference
    _terminate_alloc                          - Undefined Weak Reference
    _terminate_user_alloc                     - Undefined Weak Reference
    _terminateio                              - Undefined Weak Reference
    __Vectors_End                            0x0000026c   Data           0  startup_tm4c123.o(RESET)
    __Vectors_Size                           0x0000026c   Number         0  startup_tm4c123.o ABSOLUTE
    __main                                   0x0000026d   Thumb Code     8  __main.o(!!!main)
    __scatterload                            0x00000275   Thumb Code     0  __scatter.o(!!!scatter)
    __scatterload_rt2                        0x00000275   Thumb Code    44  __scatter.o(!!!scatter)
    __scatterload_rt2_thumb_only             0x00000275   Thumb Code     0  __scatter.o(!!!scatter)
    __scatterload_null                       0x00000283   Thumb Code     0  __scatter.o(!!!scatter)
    __decompress                             0x000002a9   Thumb Code    58  __dczerorl.o(!!dczerorl)
    __decompress0                            0x000002a9   Thumb Code     0  __dczerorl.o(!!dczerorl)
    __scatterload_zeroinit                   0x000002e5   Thumb Code    28  __scatter_zi.o(!!handler_zi)
    __rt_lib_init                            0x00000301   Thumb Code     0  libinit.o(.ARM.Collect$$libinit$$00000000)
    __rt_lib_init_fp_1                       0x00000303   Thumb Code     0  libinit2.o(.ARM.Collect$$libinit$$00000001)
    __rt_lib_init_alloca_1                   0x00000307   Thumb Code     0  libinit2.o(.ARM.Collect$$libinit$$0000002E)
    __rt_lib_init_argv_1                     0x00000307   Thumb Code     0  libinit2.o(.ARM.Collect$$libinit$$0000002C)
    __rt_lib_init_atexit_1                   0x00000307   Thumb Code     0  libinit2.o(.ARM.Collect$$libinit$$0000001B)
    __rt_lib_init_clock_1                    0x00000307   Thumb Code     0  libinit2.o(.ARM.Collect$$libinit$$00000021)
    __rt_lib_init_cpp_1                      0x00000307   Thumb Code     0  libinit2.o(.ARM.Collect$$libinit$$00000032)
    __rt_lib_init_exceptions_1               0x00000307   Thumb Code     0  libinit2.o(.ARM.Collect$$libinit$$00000030)
    __rt_lib_init_fp_trap_1                  0x00000307   Thumb Code     0  libinit2.o(.ARM.Collect$$libinit$$0000001F)
    __rt_lib_init_getenv_1                   0x00000307   Thumb Code     0  libinit2.o(.ARM.Collect$$libinit$$00000023)
    __rt_lib_init_heap_1                     0x00000307   Thumb Code     0  libinit2.o(.ARM.Collect$$libinit$$0000000A)
    __rt_lib_init_lc_collate_1               0x00000307   Thumb Code     0  libinit2.o(.ARM.Collect$$libinit$$00000011)
    __rt_lib_init_lc_ctype_1                 0x00000307   Thumb Code     0  libinit2.o(.ARM.Collect$$libinit$$00000013)
    __rt_lib_init_lc_monetary_1              0x00000307   Thumb Code     0  libinit2.o(.ARM.Collect$$libinit$$00000015)
    __rt_lib_init_lc_numeric_1               0x00000307   Thumb Code     0  libinit2.o(.ARM.Collect$$libinit$$00000017)
    __rt_lib_init_lc_time_1                  0x00000307   Thumb Code     0  libinit2.o(.ARM.Collect$$libinit$$00000019)
    __rt_lib_init_preinit_1                  0x00000307   Thumb Code     0  libinit2.o(.ARM.Collect$$libinit$$00000004)
    __rt_lib_init_rand_1                     0x00000307   Thumb Code     0  libinit2.o(.ARM.Collect$$libinit$$0000000E)
    __rt_lib_init_return                     0x00000307   Thumb Code     0  libinit2.o(.ARM.Collect$$libinit$$00000033)
    __rt_lib_init_signal_1                   0x00000307   Thumb Code     0  libinit2.o(.ARM.Collect$$libinit$$0000001D)
    __rt_lib_init_stdio_1                    0x00000307   Thumb Code     0  libinit2.o(.ARM.Collect$$libinit$$00000025)
    __rt_lib_init_user_alloc_1               0x00000307   Thumb Code     0  libinit2.o(.ARM.Collect$$libinit$$0000000C)
    __rt_lib_shutdown                        0x00000309   Thumb Code     0  libshutdown.o(.ARM.Collect$$libshutdown$$00000000)
    __rt_lib_shutdown_fp_trap_1              0x0000030b   Thumb Code     0  libshutdown2.o(.ARM.Collect$$libshutdown$$00000006)
    __rt_lib_shutdown_heap_1                 0x0000030b   Thumb Code     0  libshutdown2.o(.ARM.Collect$$libshutdown$$0000000E)
    __rt_lib_shutdown_return                 0x0000030b   Thumb Code     0  libshutdown2.o(.ARM.Collect$$libshutdown$$0000000F)
    __rt_lib_shutdown_signal_1               0x0000030b   Thumb Code     0  libshutdown2.o(.ARM.Collect$$libshutdown$$00000009)
    __rt_lib_shutdown_stdio_1                0x0000030b   Thumb Code     0  libshutdown2.o(.ARM.Collect$$libshutdown$$00000003)
    __rt_lib_shutdown_user_alloc_1           0x0000030b   Thumb Code     0  libshutdown2.o(.ARM.Collect$$libshutdown$$0000000B)
    __rt_entry                               0x0000030d   Thumb Code     0  __rtentry.o(.ARM.Collect$$rtentry$$00000000)
    __rt_entry_presh_1                       0x0000030d   Thumb Code     0  __rtentry2.o(.ARM.Collect$$rtentry$$00000002)
    __rt_entry_sh                            0x0000030d   Thumb Code     0  __rtentry4.o(.ARM.Collect$$rtentry$$00000004)
    __rt_entry_li                            0x00000313   Thumb Code     0  __rtentry2.o(.ARM.Collect$$rtentry$$0000000A)
    __rt_entry_postsh_1                      0x00000313   Thumb Code     0  __rtentry2.o(.ARM.Collect$$rtentry$$00000009)
    __rt_entry_main                          0x00000317   Thumb Code     0  __rtentry2.o(.ARM.Collect$$rtentry$$0000000D)
    __rt_entry_postli_1                      0x00000317   Thumb Code     0  __rtentry2.o(.ARM.Collect$$rtentry$$0000000C)
    __rt_exit                                0x0000031f   Thumb Code     0  rtexit.o(.ARM.Collect$$rtexit$$00000000)
    __rt_exit_ls                             0x00000321   Thumb Code     0  rtexit2.o(.ARM.Collect$$rtexit$$00000003)
    __rt_exit_prels_1                        0x00000321   Thumb Code     0  rtexit2.o(.ARM.Collect$$rtexit$$00000002)
    __rt_exit_exit                           0x00000325   Thumb Code     0  rtexit2.o(.ARM.Collect$$rtexit$$00000004)
    SysCtlDelay                              0x0000032d   Thumb Code     6  sysctl.o(.emb_text)
    CPUcpsid                                 0x00000335   Thumb Code     8  cpu.o(.emb_text)
    CPUprimask                               0x0000033d   Thumb Code     6  cpu.o(.emb_text)
    CPUcpsie                                 0x00000343   Thumb Code     8  cpu.o(.emb_text)
    CPUwfi                                   0x0000034b   Thumb Code     4  cpu.o(.emb_text)
    CPUbasepriSet                            0x0000034f   Thumb Code     6  cpu.o(.emb_text)
    CPUbasepriGet                            0x00000355   Thumb Code     6  cpu.o(.emb_text)
    UART1_Handler                            0x0000035d   Thumb Code    88  main.o(.text)
    Sys_Clock_Set                            0x000003b5   Thumb Code    30  main.o(.text)
    PWM_Setup                                0x000003d3   Thumb Code   118  main.o(.text)
    UART1_Setup                              0x00000449   Thumb Code   128  main.o(.text)
    UARTSend                                 0x000004c9   Thumb Code    28  main.o(.text)
    main                                     0x000004e5   Thumb Code    32  main.o(.text)
    PWMGenConfigure                          0x00000551   Thumb Code    42  pwm.o(.text)
    PWMGenPeriodSet                          0x0000057b   Thumb Code    22  pwm.o(.text)
    PWMGenPeriodGet                          0x00000591   Thumb Code    24  pwm.o(.text)
    PWMGenEnable                             0x000005a9   Thumb Code    10  pwm.o(.text)
    PWMGenDisable                            0x000005b3   Thumb Code    10  pwm.o(.text)
    PWMPulseWidthSet                         0x000005bd   Thumb Code    38  pwm.o(.text)
    PWMPulseWidthGet                         0x000005e3   Thumb Code    40  pwm.o(.text)
    PWMDeadBandEnable                        0x0000060b   Thumb Code    18  pwm.o(.text)
    PWMDeadBandDisable                       0x0000061d   Thumb Code    14  pwm.o(.text)
    PWMSyncUpdate                            0x0000062b   Thumb Code     4  pwm.o(.text)
    PWMSyncTimeBase                          0x0000062f   Thumb Code     4  pwm.o(.text)
    PWMOutputState                           0x00000633   Thumb Code    20  pwm.o(.text)
    PWMOutputInvert                          0x00000647   Thumb Code    20  pwm.o(.text)
    PWMOutputFaultLevel                      0x0000065b   Thumb Code    20  pwm.o(.text)
    PWMOutputFault                           0x0000066f   Thumb Code    20  pwm.o(.text)
    PWMGenIntRegister                        0x0000077b   Thumb Code    38  pwm.o(.text)
    PWMGenIntUnregister                      0x000007a1   Thumb Code    30  pwm.o(.text)
    PWMFaultIntRegister                      0x000007fd   Thumb Code    30  pwm.o(.text)
    PWMFaultIntUnregister                    0x0000081b   Thumb Code    26  pwm.o(.text)
    PWMGenIntTrigEnable                      0x00000835   Thumb Code    14  pwm.o(.text)
    PWMGenIntTrigDisable                     0x00000843   Thumb Code    14  pwm.o(.text)
    PWMGenIntStatus                          0x00000851   Thumb Code    16  pwm.o(.text)
    PWMGenIntClear                           0x00000861   Thumb Code     6  pwm.o(.text)
    PWMIntEnable                             0x00000867   Thumb Code     8  pwm.o(.text)
    PWMIntDisable                            0x0000086f   Thumb Code     8  pwm.o(.text)
    PWMFaultIntClear                         0x00000877   Thumb Code     8  pwm.o(.text)
    PWMIntStatus                             0x0000087f   Thumb Code    14  pwm.o(.text)
    PWMFaultIntClearExt                      0x0000088d   Thumb Code     4  pwm.o(.text)
    PWMGenFaultConfigure                     0x00000891   Thumb Code    20  pwm.o(.text)
    PWMGenFaultTriggerSet                    0x000008a5   Thumb Code    16  pwm.o(.text)
    PWMGenFaultTriggerGet                    0x000008b5   Thumb Code    16  pwm.o(.text)
    PWMGenFaultStatus                        0x000008c5   Thumb Code    38  pwm.o(.text)
    PWMGenFaultClear                         0x000008eb   Thumb Code    36  pwm.o(.text)
    PWMClockSet                              0x0000090f   Thumb Code    18  pwm.o(.text)
    PWMClockGet                              0x00000921   Thumb Code    60  pwm.o(.text)
    PWMOutputUpdateMode                      0x0000095d   Thumb Code    82  pwm.o(.text)
    SysCtlSRAMSizeGet                        0x00000a35   Thumb Code    12  sysctl.o(.text)
    SysCtlFlashSizeGet                       0x00000a41   Thumb Code    42  sysctl.o(.text)
    SysCtlFlashSectorSizeGet                 0x00000a6b   Thumb Code    40  sysctl.o(.text)
    SysCtlPeripheralPresent                  0x00000a93   Thumb Code    52  sysctl.o(.text)
    SysCtlPeripheralReady                    0x00000ac7   Thumb Code    52  sysctl.o(.text)
    SysCtlPeripheralPowerOn                  0x00000afb   Thumb Code    46  sysctl.o(.text)
    SysCtlPeripheralPowerOff                 0x00000b29   Thumb Code    46  sysctl.o(.text)
    SysCtlPeripheralReset                    0x00000b57   Thumb Code   106  sysctl.o(.text)
    SysCtlPeripheralEnable                   0x00000bc1   Thumb Code    46  sysctl.o(.text)
    SysCtlPeripheralDisable                  0x00000bef   Thumb Code    46  sysctl.o(.text)
    SysCtlPeripheralSleepEnable              0x00000c1d   Thumb Code    46  sysctl.o(.text)
    SysCtlPeripheralSleepDisable             0x00000c4b   Thumb Code    46  sysctl.o(.text)
    SysCtlPeripheralDeepSleepEnable          0x00000c79   Thumb Code    46  sysctl.o(.text)
    SysCtlPeripheralDeepSleepDisable         0x00000ca7   Thumb Code    46  sysctl.o(.text)
    SysCtlPeripheralClockGating              0x00000cd5   Thumb Code    82  sysctl.o(.text)
    SysCtlIntRegister                        0x00000d27   Thumb Code    20  sysctl.o(.text)
    SysCtlIntUnregister                      0x00000d3b   Thumb Code    16  sysctl.o(.text)
    SysCtlIntEnable                          0x00000d4b   Thumb Code    12  sysctl.o(.text)
    SysCtlIntDisable                         0x00000d57   Thumb Code    12  sysctl.o(.text)
    SysCtlIntClear                           0x00000d63   Thumb Code     6  sysctl.o(.text)
    SysCtlIntStatus                          0x00000d69   Thumb Code    16  sysctl.o(.text)
    SysCtlLDOSleepSet                        0x00000d79   Thumb Code     6  sysctl.o(.text)
    SysCtlLDOSleepGet                        0x00000d7f   Thumb Code     6  sysctl.o(.text)
    SysCtlLDODeepSleepSet                    0x00000d85   Thumb Code     8  sysctl.o(.text)
    SysCtlLDODeepSleepGet                    0x00000d8d   Thumb Code    60  sysctl.o(.text)
    SysCtlSleepPowerSet                      0x00000dc9   Thumb Code     6  sysctl.o(.text)
    SysCtlDeepSleepPowerSet                  0x00000dcf   Thumb Code     8  sysctl.o(.text)
    SysCtlReset                              0x00000dd7   Thumb Code    10  sysctl.o(.text)
    SysCtlSleep                              0x00000de1   Thumb Code     8  sysctl.o(.text)
    SysCtlDeepSleep                          0x00000de9   Thumb Code    40  sysctl.o(.text)
    SysCtlResetCauseGet                      0x00000e11   Thumb Code     6  sysctl.o(.text)
    SysCtlResetCauseClear                    0x00000e17   Thumb Code    12  sysctl.o(.text)
    SysCtlMOSCConfigSet                      0x00000e23   Thumb Code     6  sysctl.o(.text)
    SysCtlPIOSCCalibrate                     0x00000e29   Thumb Code    82  sysctl.o(.text)
    SysCtlResetBehaviorSet                   0x00000e7b   Thumb Code     8  sysctl.o(.text)
    SysCtlResetBehaviorGet                   0x00000e83   Thumb Code     8  sysctl.o(.text)
    SysCtlClockFreqSet                       0x00000e8b   Thumb Code   646  sysctl.o(.text)
    SysCtlClockSet                           0x00001111   Thumb Code   340  sysctl.o(.text)
    SysCtlClockGet                           0x00001265   Thumb Code   326  sysctl.o(.text)
    SysCtlDeepSleepClockSet                  0x000013ab   Thumb Code     8  sysctl.o(.text)
    SysCtlDeepSleepClockConfigSet            0x000013b3   Thumb Code   110  sysctl.o(.text)
    SysCtlPWMClockSet                        0x00001421   Thumb Code    16  sysctl.o(.text)
    SysCtlPWMClockGet                        0x00001431   Thumb Code    24  sysctl.o(.text)
    SysCtlGPIOAHBEnable                      0x00001449   Thumb Code    20  sysctl.o(.text)
    SysCtlGPIOAHBDisable                     0x0000145d   Thumb Code    20  sysctl.o(.text)
    SysCtlUSBPLLEnable                       0x00001471   Thumb Code    14  sysctl.o(.text)
    SysCtlUSBPLLDisable                      0x0000147f   Thumb Code    14  sysctl.o(.text)
    SysCtlVoltageEventConfig                 0x0000148d   Thumb Code     6  sysctl.o(.text)
    SysCtlVoltageEventStatus                 0x00001493   Thumb Code     6  sysctl.o(.text)
    SysCtlVoltageEventClear                  0x00001499   Thumb Code    12  sysctl.o(.text)
    SysCtlNMIStatus                          0x000014a5   Thumb Code     6  sysctl.o(.text)
    SysCtlNMIClear                           0x000014ab   Thumb Code    12  sysctl.o(.text)
    SysCtlClockOutConfig                     0x000014b7   Thumb Code    14  sysctl.o(.text)
    SysCtlAltClkConfig                       0x000014c5   Thumb Code     8  sysctl.o(.text)
    UARTParityModeSet                        0x0000153d   Thumb Code    12  uart.o(.text)
    UARTParityModeGet                        0x00001549   Thumb Code    10  uart.o(.text)
    UARTFIFOLevelSet                         0x00001553   Thumb Code     8  uart.o(.text)
    UARTFIFOLevelGet                         0x0000155b   Thumb Code    18  uart.o(.text)
    UARTEnable                               0x0000156d   Thumb Code    20  uart.o(.text)
    UARTDisable                              0x00001581   Thumb Code    32  uart.o(.text)
    UARTConfigSetExpClk                      0x000015a1   Thumb Code    76  uart.o(.text)
    UARTConfigGetExpClk                      0x000015ed   Thumb Code    44  uart.o(.text)
    UARTFIFOEnable                           0x00001619   Thumb Code    10  uart.o(.text)
    UARTFIFODisable                          0x00001623   Thumb Code    10  uart.o(.text)
    UARTEnableSIR                            0x0000162d   Thumb Code    22  uart.o(.text)
    UARTDisableSIR                           0x00001643   Thumb Code    10  uart.o(.text)
    UARTSmartCardEnable                      0x0000164d   Thumb Code    22  uart.o(.text)
    UARTSmartCardDisable                     0x00001663   Thumb Code    10  uart.o(.text)
    UARTModemControlSet                      0x0000166d   Thumb Code    12  uart.o(.text)
    UARTModemControlClear                    0x00001679   Thumb Code    12  uart.o(.text)
    UARTModemControlGet                      0x00001685   Thumb Code    10  uart.o(.text)
    UARTModemStatusGet                       0x0000168f   Thumb Code    12  uart.o(.text)
    UARTFlowControlSet                       0x0000169b   Thumb Code    12  uart.o(.text)
    UARTFlowControlGet                       0x000016a7   Thumb Code    10  uart.o(.text)
    UARTTxIntModeSet                         0x000016b1   Thumb Code    12  uart.o(.text)
    UARTTxIntModeGet                         0x000016bd   Thumb Code    10  uart.o(.text)
    UARTCharsAvail                           0x000016c7   Thumb Code    12  uart.o(.text)
    UARTSpaceAvail                           0x000016d3   Thumb Code    12  uart.o(.text)
    UARTCharGetNonBlocking                   0x000016df   Thumb Code    20  uart.o(.text)
    UARTCharGet                              0x000016f3   Thumb Code    18  uart.o(.text)
    UARTCharPutNonBlocking                   0x00001705   Thumb Code    20  uart.o(.text)
    UARTCharPut                              0x00001719   Thumb Code    16  uart.o(.text)
    UARTBreakCtl                             0x00001729   Thumb Code    20  uart.o(.text)
    UARTBusy                                 0x0000173d   Thumb Code    10  uart.o(.text)
    UARTIntRegister                          0x00001747   Thumb Code    30  uart.o(.text)
    UARTIntUnregister                        0x00001765   Thumb Code    26  uart.o(.text)
    UARTIntEnable                            0x0000177f   Thumb Code     8  uart.o(.text)
    UARTIntDisable                           0x00001787   Thumb Code     8  uart.o(.text)
    UARTIntStatus                            0x0000178f   Thumb Code    12  uart.o(.text)
    UARTIntClear                             0x0000179b   Thumb Code     4  uart.o(.text)
    UARTDMAEnable                            0x0000179f   Thumb Code     8  uart.o(.text)
    UARTDMADisable                           0x000017a7   Thumb Code     8  uart.o(.text)
    UARTRxErrorGet                           0x000017af   Thumb Code    10  uart.o(.text)
    UARTRxErrorClear                         0x000017b9   Thumb Code     6  uart.o(.text)
    UARTClockSourceSet                       0x000017bf   Thumb Code     6  uart.o(.text)
    UARTClockSourceGet                       0x000017c5   Thumb Code     8  uart.o(.text)
    UART9BitEnable                           0x000017cd   Thumb Code    14  uart.o(.text)
    UART9BitDisable                          0x000017db   Thumb Code    14  uart.o(.text)
    UART9BitAddrSet                          0x000017e9   Thumb Code    10  uart.o(.text)
    UART9BitAddrSend                         0x000017f3   Thumb Code    44  uart.o(.text)
    GPIODirModeSet                           0x0000186d   Thumb Code    50  gpio.o(.text)
    GPIODirModeGet                           0x0000189f   Thumb Code    46  gpio.o(.text)
    GPIOIntTypeSet                           0x000018cd   Thumb Code   102  gpio.o(.text)
    GPIOIntTypeGet                           0x00001933   Thumb Code    84  gpio.o(.text)
    GPIOPadConfigSet                         0x00001987   Thumb Code   342  gpio.o(.text)
    GPIOPadConfigGet                         0x00001add   Thumb Code   206  gpio.o(.text)
    GPIOIntEnable                            0x00001bab   Thumb Code    12  gpio.o(.text)
    GPIOIntDisable                           0x00001bb7   Thumb Code    12  gpio.o(.text)
    GPIOIntStatus                            0x00001bc3   Thumb Code    16  gpio.o(.text)
    GPIOIntClear                             0x00001bd3   Thumb Code     6  gpio.o(.text)
    GPIOIntRegister                          0x00001bd9   Thumb Code    30  gpio.o(.text)
    GPIOIntUnregister                        0x00001bf7   Thumb Code    26  gpio.o(.text)
    GPIOPinRead                              0x00001c11   Thumb Code    32  gpio.o(.text)
    GPIOPinWrite                             0x00001c31   Thumb Code    10  gpio.o(.text)
    GPIOPinTypeADC                           0x00001c3b   Thumb Code    30  gpio.o(.text)
    GPIOPinTypeCAN                           0x00001c59   Thumb Code    30  gpio.o(.text)
    GPIOPinTypeComparator                    0x00001c77   Thumb Code    30  gpio.o(.text)
    GPIOPinTypeComparatorOutput              0x00001c95   Thumb Code    30  gpio.o(.text)
    GPIOPinTypeEPI                           0x00001cb3   Thumb Code    30  gpio.o(.text)
    GPIOPinTypeEthernetLED                   0x00001cd1   Thumb Code    30  gpio.o(.text)
    GPIOPinTypeEthernetMII                   0x00001cef   Thumb Code    30  gpio.o(.text)
    GPIOPinTypeGPIOInput                     0x00001d0d   Thumb Code    30  gpio.o(.text)
    GPIOPinTypeGPIOOutput                    0x00001d2b   Thumb Code    30  gpio.o(.text)
    GPIOPinTypeGPIOOutputOD                  0x00001d49   Thumb Code    30  gpio.o(.text)
    GPIOPinTypeI2C                           0x00001d67   Thumb Code    30  gpio.o(.text)
    GPIOPinTypeI2CSCL                        0x00001d85   Thumb Code    30  gpio.o(.text)
    GPIOPinTypeLCD                           0x00001da3   Thumb Code    30  gpio.o(.text)
    GPIOPinTypeLPC                           0x00001dc1   Thumb Code    30  gpio.o(.text)
    GPIOPinTypePECIRx                        0x00001ddf   Thumb Code    30  gpio.o(.text)
    GPIOPinTypePECITx                        0x00001dfd   Thumb Code    30  gpio.o(.text)
    GPIOPinTypePWM                           0x00001e1b   Thumb Code    30  gpio.o(.text)
    GPIOPinTypeQEI                           0x00001e39   Thumb Code    30  gpio.o(.text)
    GPIOPinTypeSSI                           0x00001e57   Thumb Code    30  gpio.o(.text)
    GPIOPinTypeTimer                         0x00001e75   Thumb Code    30  gpio.o(.text)
    GPIOPinTypeUART                          0x00001e93   Thumb Code    30  gpio.o(.text)
    GPIOPinTypeUSBAnalog                     0x00001eb1   Thumb Code    30  gpio.o(.text)
    GPIOPinTypeUSBDigital                    0x00001ecf   Thumb Code    30  gpio.o(.text)
    GPIOPinTypeWakeHigh                      0x00001eed   Thumb Code    32  gpio.o(.text)
    GPIOPinTypeWakeLow                       0x00001f0d   Thumb Code    32  gpio.o(.text)
    GPIOPinTypeKBRow                         0x00001f2d   Thumb Code    30  gpio.o(.text)
    GPIOPinTypeKBColumn                      0x00001f4b   Thumb Code    30  gpio.o(.text)
    GPIOPinTypeLEDSeq                        0x00001f69   Thumb Code    30  gpio.o(.text)
    GPIOPinTypeCIR                           0x00001f87   Thumb Code    30  gpio.o(.text)
    GPIOPinWakeStatus                        0x00001fa5   Thumb Code     8  gpio.o(.text)
    GPIOPinConfigure                         0x00001fad   Thumb Code    70  gpio.o(.text)
    GPIODMATriggerEnable                     0x00001ff3   Thumb Code    12  gpio.o(.text)
    GPIODMATriggerDisable                    0x00001fff   Thumb Code    12  gpio.o(.text)
    GPIOADCTriggerEnable                     0x0000200b   Thumb Code    12  gpio.o(.text)
    GPIOADCTriggerDisable                    0x00002017   Thumb Code    12  gpio.o(.text)
    Reset_Handler                            0x0000202d   Thumb Code     8  startup_tm4c123.o(.text)
    NMI_Handler                              0x00002035   Thumb Code     2  startup_tm4c123.o(.text)
    HardFault_Handler                        0x00002037   Thumb Code     2  startup_tm4c123.o(.text)
    MemManage_Handler                        0x00002039   Thumb Code     2  startup_tm4c123.o(.text)
    BusFault_Handler                         0x0000203b   Thumb Code     2  startup_tm4c123.o(.text)
    UsageFault_Handler                       0x0000203d   Thumb Code     2  startup_tm4c123.o(.text)
    SVC_Handler                              0x0000203f   Thumb Code     2  startup_tm4c123.o(.text)
    DebugMon_Handler                         0x00002041   Thumb Code     2  startup_tm4c123.o(.text)
    PendSV_Handler                           0x00002043   Thumb Code     2  startup_tm4c123.o(.text)
    SysTick_Handler                          0x00002045   Thumb Code     2  startup_tm4c123.o(.text)
    GPIOA_Handler                            0x00002047   Thumb Code     2  startup_tm4c123.o(.text)
    GPIOB_Handler                            0x00002049   Thumb Code     2  startup_tm4c123.o(.text)
    GPIOC_Handler                            0x0000204b   Thumb Code     2  startup_tm4c123.o(.text)
    GPIOD_Handler                            0x0000204d   Thumb Code     2  startup_tm4c123.o(.text)
    GPIOE_Handler                            0x0000204f   Thumb Code     2  startup_tm4c123.o(.text)
    UART0_Handler                            0x00002051   Thumb Code     2  startup_tm4c123.o(.text)
    SSI0_Handler                             0x00002055   Thumb Code     2  startup_tm4c123.o(.text)
    I2C0_Handler                             0x00002057   Thumb Code     2  startup_tm4c123.o(.text)
    PMW0_FAULT_Handler                       0x00002059   Thumb Code     2  startup_tm4c123.o(.text)
    PWM0_0_Handler                           0x0000205b   Thumb Code     2  startup_tm4c123.o(.text)
    PWM0_1_Handler                           0x0000205d   Thumb Code     2  startup_tm4c123.o(.text)
    PWM0_2_Handler                           0x0000205f   Thumb Code     2  startup_tm4c123.o(.text)
    QEI0_Handler                             0x00002061   Thumb Code     2  startup_tm4c123.o(.text)
    ADC0SS0_Handler                          0x00002063   Thumb Code     2  startup_tm4c123.o(.text)
    ADC0SS1_Handler                          0x00002065   Thumb Code     2  startup_tm4c123.o(.text)
    ADC0SS2_Handler                          0x00002067   Thumb Code     2  startup_tm4c123.o(.text)
    ADC0SS3_Handler                          0x00002069   Thumb Code     2  startup_tm4c123.o(.text)
    WDT0_Handler                             0x0000206b   Thumb Code     2  startup_tm4c123.o(.text)
    TIMER0A_Handler                          0x0000206d   Thumb Code     2  startup_tm4c123.o(.text)
    TIMER0B_Handler                          0x0000206f   Thumb Code     2  startup_tm4c123.o(.text)
    TIMER1A_Handler                          0x00002071   Thumb Code     2  startup_tm4c123.o(.text)
    TIMER1B_Handler                          0x00002073   Thumb Code     2  startup_tm4c123.o(.text)
    TIMER2A_Handler                          0x00002075   Thumb Code     2  startup_tm4c123.o(.text)
    TIMER2B_Handler                          0x00002077   Thumb Code     2  startup_tm4c123.o(.text)
    COMP0_Handler                            0x00002079   Thumb Code     2  startup_tm4c123.o(.text)
    COMP1_Handler                            0x0000207b   Thumb Code     2  startup_tm4c123.o(.text)
    COMP2_Handler                            0x0000207d   Thumb Code     2  startup_tm4c123.o(.text)
    SYSCTL_Handler                           0x0000207f   Thumb Code     2  startup_tm4c123.o(.text)
    FLASH_Handler                            0x00002081   Thumb Code     2  startup_tm4c123.o(.text)
    GPIOF_Handler                            0x00002083   Thumb Code     2  startup_tm4c123.o(.text)
    GPIOG_Handler                            0x00002085   Thumb Code     2  startup_tm4c123.o(.text)
    GPIOH_Handler                            0x00002087   Thumb Code     2  startup_tm4c123.o(.text)
    UART2_Handler                            0x00002089   Thumb Code     2  startup_tm4c123.o(.text)
    SSI1_Handler                             0x0000208b   Thumb Code     2  startup_tm4c123.o(.text)
    TIMER3A_Handler                          0x0000208d   Thumb Code     2  startup_tm4c123.o(.text)
    TIMER3B_Handler                          0x0000208f   Thumb Code     2  startup_tm4c123.o(.text)
    I2C1_Handler                             0x00002091   Thumb Code     2  startup_tm4c123.o(.text)
    QEI1_Handler                             0x00002093   Thumb Code     2  startup_tm4c123.o(.text)
    CAN0_Handler                             0x00002095   Thumb Code     2  startup_tm4c123.o(.text)
    CAN1_Handler                             0x00002097   Thumb Code     2  startup_tm4c123.o(.text)
    CAN2_Handler                             0x00002099   Thumb Code     2  startup_tm4c123.o(.text)
    HIB_Handler                              0x0000209b   Thumb Code     2  startup_tm4c123.o(.text)
    USB0_Handler                             0x0000209d   Thumb Code     2  startup_tm4c123.o(.text)
    PWM0_3_Handler                           0x0000209f   Thumb Code     2  startup_tm4c123.o(.text)
    UDMA_Handler                             0x000020a1   Thumb Code     2  startup_tm4c123.o(.text)
    UDMAERR_Handler                          0x000020a3   Thumb Code     2  startup_tm4c123.o(.text)
    ADC1SS0_Handler                          0x000020a5   Thumb Code     2  startup_tm4c123.o(.text)
    ADC1SS1_Handler                          0x000020a7   Thumb Code     2  startup_tm4c123.o(.text)
    ADC1SS2_Handler                          0x000020a9   Thumb Code     2  startup_tm4c123.o(.text)
    ADC1SS3_Handler                          0x000020ab   Thumb Code     2  startup_tm4c123.o(.text)
    GPIOJ_Handler                            0x000020ad   Thumb Code     2  startup_tm4c123.o(.text)
    GPIOK_Handler                            0x000020af   Thumb Code     2  startup_tm4c123.o(.text)
    GPIOL_Handler                            0x000020b1   Thumb Code     2  startup_tm4c123.o(.text)
    SSI2_Handler                             0x000020b3   Thumb Code     2  startup_tm4c123.o(.text)
    SSI3_Handler                             0x000020b5   Thumb Code     2  startup_tm4c123.o(.text)
    UART3_Handler                            0x000020b7   Thumb Code     2  startup_tm4c123.o(.text)
    UART4_Handler                            0x000020b9   Thumb Code     2  startup_tm4c123.o(.text)
    UART5_Handler                            0x000020bb   Thumb Code     2  startup_tm4c123.o(.text)
    UART6_Handler                            0x000020bd   Thumb Code     2  startup_tm4c123.o(.text)
    UART7_Handler                            0x000020bf   Thumb Code     2  startup_tm4c123.o(.text)
    I2C2_Handler                             0x000020c1   Thumb Code     2  startup_tm4c123.o(.text)
    I2C3_Handler                             0x000020c3   Thumb Code     2  startup_tm4c123.o(.text)
    TIMER4A_Handler                          0x000020c5   Thumb Code     2  startup_tm4c123.o(.text)
    TIMER4B_Handler                          0x000020c7   Thumb Code     2  startup_tm4c123.o(.text)
    TIMER5A_Handler                          0x000020c9   Thumb Code     2  startup_tm4c123.o(.text)
    TIMER5B_Handler                          0x000020cb   Thumb Code     2  startup_tm4c123.o(.text)
    WTIMER0A_Handler                         0x000020cd   Thumb Code     2  startup_tm4c123.o(.text)
    WTIMER0B_Handler                         0x000020cf   Thumb Code     2  startup_tm4c123.o(.text)
    WTIMER1A_Handler                         0x000020d1   Thumb Code     2  startup_tm4c123.o(.text)
    WTIMER1B_Handler                         0x000020d3   Thumb Code     2  startup_tm4c123.o(.text)
    WTIMER2A_Handler                         0x000020d5   Thumb Code     2  startup_tm4c123.o(.text)
    WTIMER2B_Handler                         0x000020d7   Thumb Code     2  startup_tm4c123.o(.text)
    WTIMER3A_Handler                         0x000020d9   Thumb Code     2  startup_tm4c123.o(.text)
    WTIMER3B_Handler                         0x000020db   Thumb Code     2  startup_tm4c123.o(.text)
    WTIMER4A_Handler                         0x000020dd   Thumb Code     2  startup_tm4c123.o(.text)
    WTIMER4B_Handler                         0x000020df   Thumb Code     2  startup_tm4c123.o(.text)
    WTIMER5A_Handler                         0x000020e1   Thumb Code     2  startup_tm4c123.o(.text)
    WTIMER5B_Handler                         0x000020e3   Thumb Code     2  startup_tm4c123.o(.text)
    FPU_Handler                              0x000020e5   Thumb Code     2  startup_tm4c123.o(.text)
    I2C4_Handler                             0x000020e7   Thumb Code     2  startup_tm4c123.o(.text)
    I2C5_Handler                             0x000020e9   Thumb Code     2  startup_tm4c123.o(.text)
    GPIOM_Handler                            0x000020eb   Thumb Code     2  startup_tm4c123.o(.text)
    GPION_Handler                            0x000020ed   Thumb Code     2  startup_tm4c123.o(.text)
    QEI2_Handler                             0x000020ef   Thumb Code     2  startup_tm4c123.o(.text)
    GPIOP0_Handler                           0x000020f1   Thumb Code     2  startup_tm4c123.o(.text)
    GPIOP1_Handler                           0x000020f3   Thumb Code     2  startup_tm4c123.o(.text)
    GPIOP2_Handler                           0x000020f5   Thumb Code     2  startup_tm4c123.o(.text)
    GPIOP3_Handler                           0x000020f7   Thumb Code     2  startup_tm4c123.o(.text)
    GPIOP4_Handler                           0x000020f9   Thumb Code     2  startup_tm4c123.o(.text)
    GPIOP5_Handler                           0x000020fb   Thumb Code     2  startup_tm4c123.o(.text)
    GPIOP6_Handler                           0x000020fd   Thumb Code     2  startup_tm4c123.o(.text)
    GPIOP7_Handler                           0x000020ff   Thumb Code     2  startup_tm4c123.o(.text)
    GPIOQ0_Handler                           0x00002101   Thumb Code     2  startup_tm4c123.o(.text)
    GPIOQ1_Handler                           0x00002103   Thumb Code     2  startup_tm4c123.o(.text)
    GPIOQ2_Handler                           0x00002105   Thumb Code     2  startup_tm4c123.o(.text)
    GPIOQ3_Handler                           0x00002107   Thumb Code     2  startup_tm4c123.o(.text)
    GPIOQ4_Handler                           0x00002109   Thumb Code     2  startup_tm4c123.o(.text)
    GPIOQ5_Handler                           0x0000210b   Thumb Code     2  startup_tm4c123.o(.text)
    GPIOQ6_Handler                           0x0000210d   Thumb Code     2  startup_tm4c123.o(.text)
    GPIOQ7_Handler                           0x0000210f   Thumb Code     2  startup_tm4c123.o(.text)
    GPIOR_Handler                            0x00002111   Thumb Code     2  startup_tm4c123.o(.text)
    GPIOS_Handler                            0x00002113   Thumb Code     2  startup_tm4c123.o(.text)
    PMW1_0_Handler                           0x00002115   Thumb Code     2  startup_tm4c123.o(.text)
    PWM1_1_Handler                           0x00002117   Thumb Code     2  startup_tm4c123.o(.text)
    PWM1_2_Handler                           0x00002119   Thumb Code     2  startup_tm4c123.o(.text)
    PWM1_3_Handler                           0x0000211b   Thumb Code     2  startup_tm4c123.o(.text)
    PWM1_FAULT_Handler                       0x0000211d   Thumb Code     2  startup_tm4c123.o(.text)
    __user_initial_stackheap                 0x00002121   Thumb Code     0  startup_tm4c123.o(.text)
    SystemCoreClockUpdate                    0x000021f7   Thumb Code   184  system_tm4c123.o(.text)
    SystemInit                               0x000022af   Thumb Code   112  system_tm4c123.o(.text)
    __use_two_region_memory                  0x00002391   Thumb Code     2  heapauxi.o(.text)
    __rt_heap_escrow$2region                 0x00002393   Thumb Code     2  heapauxi.o(.text)
    __rt_heap_expand$2region                 0x00002395   Thumb Code     2  heapauxi.o(.text)
    __user_setup_stackheap                   0x00002397   Thumb Code    74  sys_stackheap_outer.o(.text)
    exit                                     0x000023e1   Thumb Code    12  exit.o(.text)
    __user_libspace                          0x000023ed   Thumb Code     8  libspace.o(.text)
    __user_perproc_libspace                  0x000023ed   Thumb Code     0  libspace.o(.text)
    __user_perthread_libspace                0x000023ed   Thumb Code     0  libspace.o(.text)
    _sys_exit                                0x000023f5   Thumb Code     8  sys_exit.o(.text)
    __I$use$semihosting                      0x00002401   Thumb Code     0  use_no_semi.o(.text)
    __use_no_semihosting_swi                 0x00002401   Thumb Code     2  use_no_semi.o(.text)
    __semihosting_library_function           0x00002403   Thumb Code     0  indicate_semi.o(.text)
    IntDisable                               0x00002405   Thumb Code    92  interrupt.o(i.IntDisable)
    IntEnable                                0x00002469   Thumb Code    92  interrupt.o(i.IntEnable)
    IntMasterEnable                          0x000024cd   Thumb Code    14  interrupt.o(i.IntMasterEnable)
    IntRegister                              0x000024dd   Thumb Code    44  interrupt.o(i.IntRegister)
    IntUnregister                            0x00002511   Thumb Code    10  interrupt.o(i.IntUnregister)
    _fp_init                                 0x00002527   Thumb Code    10  fpinit.o(x$fpl$fpinit)
    __fplib_config_fpu_vfp                   0x0000252f   Thumb Code     0  fpinit.o(x$fpl$fpinit)
    __fplib_config_pureend_doubles           0x0000252f   Thumb Code     0  fpinit.o(x$fpl$fpinit)
    Region$$Table$$Base                      0x00002a90   Number         0  anon$$obj.o(Region$$Table)
    Region$$Table$$Limit                     0x00002ab0   Number         0  anon$$obj.o(Region$$Table)
    mytest                                   0x20000000   Data           4  main.o(.data)
    SystemCoreClock                          0x20000004   Data           4  system_tm4c123.o(.data)
    __libspace_start                         0x2000066c   Data          96  libspace.o(.bss)
    __temporary_stack_top$libspace           0x200006cc   Data           0  libspace.o(.bss)



==============================================================================

Memory Map of the image

  Image Entry point : 0x0000202d

  Load Region LR_1 (Base: 0x00000000, Size: 0x0000311c, Max: 0xffffffff, ABSOLUTE, COMPRESSED[0x00002ac4])

    Execution Region ER_RO (Base: 0x00000000, Size: 0x00002ab0, Max: 0xffffffff, ABSOLUTE)

    Base Addr    Size         Type   Attr      Idx    E Section Name        Object

    0x00000000   0x0000026c   Data   RO          169    RESET               startup_tm4c123.o
    0x0000026c   0x00000008   Code   RO          374  * !!!main             c_w.l(__main.o)
    0x00000274   0x00000034   Code   RO          532    !!!scatter          c_w.l(__scatter.o)
    0x000002a8   0x0000003a   Code   RO          530    !!dczerorl          c_w.l(__dczerorl.o)
    0x000002e2   0x00000002   PAD
    0x000002e4   0x0000001c   Code   RO          534    !!handler_zi        c_w.l(__scatter_zi.o)
    0x00000300   0x00000002   Code   RO          401    .ARM.Collect$$libinit$$00000000  c_w.l(libinit.o)
    0x00000302   0x00000004   Code   RO          407    .ARM.Collect$$libinit$$00000001  c_w.l(libinit2.o)
    0x00000306   0x00000000   Code   RO          410    .ARM.Collect$$libinit$$00000004  c_w.l(libinit2.o)
    0x00000306   0x00000000   Code   RO          413    .ARM.Collect$$libinit$$0000000A  c_w.l(libinit2.o)
    0x00000306   0x00000000   Code   RO          415    .ARM.Collect$$libinit$$0000000C  c_w.l(libinit2.o)
    0x00000306   0x00000000   Code   RO          417    .ARM.Collect$$libinit$$0000000E  c_w.l(libinit2.o)
    0x00000306   0x00000000   Code   RO          420    .ARM.Collect$$libinit$$00000011  c_w.l(libinit2.o)
    0x00000306   0x00000000   Code   RO          422    .ARM.Collect$$libinit$$00000013  c_w.l(libinit2.o)
    0x00000306   0x00000000   Code   RO          424    .ARM.Collect$$libinit$$00000015  c_w.l(libinit2.o)
    0x00000306   0x00000000   Code   RO          426    .ARM.Collect$$libinit$$00000017  c_w.l(libinit2.o)
    0x00000306   0x00000000   Code   RO          428    .ARM.Collect$$libinit$$00000019  c_w.l(libinit2.o)
    0x00000306   0x00000000   Code   RO          430    .ARM.Collect$$libinit$$0000001B  c_w.l(libinit2.o)
    0x00000306   0x00000000   Code   RO          432    .ARM.Collect$$libinit$$0000001D  c_w.l(libinit2.o)
    0x00000306   0x00000000   Code   RO          434    .ARM.Collect$$libinit$$0000001F  c_w.l(libinit2.o)
    0x00000306   0x00000000   Code   RO          436    .ARM.Collect$$libinit$$00000021  c_w.l(libinit2.o)
    0x00000306   0x00000000   Code   RO          438    .ARM.Collect$$libinit$$00000023  c_w.l(libinit2.o)
    0x00000306   0x00000000   Code   RO          440    .ARM.Collect$$libinit$$00000025  c_w.l(libinit2.o)
    0x00000306   0x00000000   Code   RO          444    .ARM.Collect$$libinit$$0000002C  c_w.l(libinit2.o)
    0x00000306   0x00000000   Code   RO          446    .ARM.Collect$$libinit$$0000002E  c_w.l(libinit2.o)
    0x00000306   0x00000000   Code   RO          448    .ARM.Collect$$libinit$$00000030  c_w.l(libinit2.o)
    0x00000306   0x00000000   Code   RO          450    .ARM.Collect$$libinit$$00000032  c_w.l(libinit2.o)
    0x00000306   0x00000002   Code   RO          451    .ARM.Collect$$libinit$$00000033  c_w.l(libinit2.o)
    0x00000308   0x00000002   Code   RO          471    .ARM.Collect$$libshutdown$$00000000  c_w.l(libshutdown.o)
    0x0000030a   0x00000000   Code   RO          485    .ARM.Collect$$libshutdown$$00000003  c_w.l(libshutdown2.o)
    0x0000030a   0x00000000   Code   RO          488    .ARM.Collect$$libshutdown$$00000006  c_w.l(libshutdown2.o)
    0x0000030a   0x00000000   Code   RO          491    .ARM.Collect$$libshutdown$$00000009  c_w.l(libshutdown2.o)
    0x0000030a   0x00000000   Code   RO          493    .ARM.Collect$$libshutdown$$0000000B  c_w.l(libshutdown2.o)
    0x0000030a   0x00000000   Code   RO          496    .ARM.Collect$$libshutdown$$0000000E  c_w.l(libshutdown2.o)
    0x0000030a   0x00000002   Code   RO          497    .ARM.Collect$$libshutdown$$0000000F  c_w.l(libshutdown2.o)
    0x0000030c   0x00000000   Code   RO          376    .ARM.Collect$$rtentry$$00000000  c_w.l(__rtentry.o)
    0x0000030c   0x00000000   Code   RO          378    .ARM.Collect$$rtentry$$00000002  c_w.l(__rtentry2.o)
    0x0000030c   0x00000006   Code   RO          390    .ARM.Collect$$rtentry$$00000004  c_w.l(__rtentry4.o)
    0x00000312   0x00000000   Code   RO          380    .ARM.Collect$$rtentry$$00000009  c_w.l(__rtentry2.o)
    0x00000312   0x00000004   Code   RO          381    .ARM.Collect$$rtentry$$0000000A  c_w.l(__rtentry2.o)
    0x00000316   0x00000000   Code   RO          383    .ARM.Collect$$rtentry$$0000000C  c_w.l(__rtentry2.o)
    0x00000316   0x00000008   Code   RO          384    .ARM.Collect$$rtentry$$0000000D  c_w.l(__rtentry2.o)
    0x0000031e   0x00000002   Code   RO          405    .ARM.Collect$$rtexit$$00000000  c_w.l(rtexit.o)
    0x00000320   0x00000000   Code   RO          453    .ARM.Collect$$rtexit$$00000002  c_w.l(rtexit2.o)
    0x00000320   0x00000004   Code   RO          454    .ARM.Collect$$rtexit$$00000003  c_w.l(rtexit2.o)
    0x00000324   0x00000006   Code   RO          455    .ARM.Collect$$rtexit$$00000004  c_w.l(rtexit2.o)
    0x0000032a   0x00000002   PAD
    0x0000032c   0x00000006   Code   RO           96    .emb_text           sysctl.o
    0x00000332   0x00000002   PAD
    0x00000334   0x00000026   Code   RO          226    .emb_text           driverlib.lib(cpu.o)
    0x0000035a   0x00000002   PAD
    0x0000035c   0x000001f4   Code   RO            1    .text               main.o
    0x00000550   0x0000045e   Code   RO           60    .text               pwm.o
    0x000009ae   0x00000002   PAD
    0x000009b0   0x00000b54   Code   RO           97    .text               sysctl.o
    0x00001504   0x00000330   Code   RO          127    .text               uart.o
    0x00001834   0x000007f8   Code   RO          147    .text               gpio.o
    0x0000202c   0x00000114   Code   RO          170  * .text               startup_tm4c123.o
    0x00002140   0x00000250   Code   RO          177    .text               system_tm4c123.o
    0x00002390   0x00000006   Code   RO          372    .text               c_w.l(heapauxi.o)
    0x00002396   0x0000004a   Code   RO          392    .text               c_w.l(sys_stackheap_outer.o)
    0x000023e0   0x0000000c   Code   RO          394    .text               c_w.l(exit.o)
    0x000023ec   0x00000008   Code   RO          402    .text               c_w.l(libspace.o)
    0x000023f4   0x0000000c   Code   RO          463    .text               c_w.l(sys_exit.o)
    0x00002400   0x00000002   Code   RO          474    .text               c_w.l(use_no_semi.o)
    0x00002402   0x00000000   Code   RO          476    .text               c_w.l(indicate_semi.o)
    0x00002402   0x00000002   PAD
    0x00002404   0x00000064   Code   RO          242    i.IntDisable        driverlib.lib(interrupt.o)
    0x00002468   0x00000064   Code   RO          243    i.IntEnable         driverlib.lib(interrupt.o)
    0x000024cc   0x0000000e   Code   RO          246    i.IntMasterEnable   driverlib.lib(interrupt.o)
    0x000024da   0x00000002   PAD
    0x000024dc   0x00000034   Code   RO          255    i.IntRegister       driverlib.lib(interrupt.o)
    0x00002510   0x00000014   Code   RO          257    i.IntUnregister     driverlib.lib(interrupt.o)
    0x00002524   0x00000002   Code   RO          258    i._IntDefaultHandler  driverlib.lib(interrupt.o)
    0x00002526   0x0000000a   Code   RO          461    x$fpl$fpinit        fz_wm.l(fpinit.o)
    0x00002530   0x000001c4   Data   RO           98    .constdata          sysctl.o
    0x000026f4   0x00000080   Data   RO          128    .constdata          uart.o
    0x00002774   0x00000210   Data   RO          148    .constdata          gpio.o
    0x00002984   0x0000010c   Data   RO          259    .constdata          driverlib.lib(interrupt.o)
    0x00002a90   0x00000020   Data   RO          528    Region$$Table       anon$$obj.o


    Execution Region ER_RW (Base: 0x20000000, Size: 0x0000066c, Max: 0xffffffff, ABSOLUTE, COMPRESSED[0x00000014])

    Base Addr    Size         Type   Attr      Idx    E Section Name        Object

    0x20000000   0x00000004   Data   RW            2    .data               main.o
    0x20000004   0x00000004   Data   RW          178    .data               system_tm4c123.o
    0x20000008   0x000003f8   PAD
    0x20000400   0x0000026c   Data   RW          260    vtable              driverlib.lib(interrupt.o)


    Execution Region ER_ZI (Base: 0x2000066c, Size: 0x00000264, Max: 0xffffffff, ABSOLUTE)

    Base Addr    Size         Type   Attr      Idx    E Section Name        Object

    0x2000066c   0x00000060   Zero   RW          403    .bss                c_w.l(libspace.o)
    0x200006cc   0x00000004   PAD
    0x200006d0   0x00000000   Zero   RW          168    HEAP                startup_tm4c123.o
    0x200006d0   0x00000200   Zero   RW          167    STACK               startup_tm4c123.o


==============================================================================

Image component sizes


      Code (inc. data)   RO Data    RW Data    ZI Data      Debug   Object Name

      2040         30        528          0          0      13541   gpio.o
       500         76          0          4          0       6667   main.o
      1118         32          0          0          0      10101   pwm.o
       276         24        620          0        512       5476   startup_tm4c123.o
      2906        168        452          0          0      14165   sysctl.o
       592        138          0          4          0       1577   system_tm4c123.o
       816         22        128          0          0      10784   uart.o

    ----------------------------------------------------------------------
      8252        490       1760       1024        512      62311   Object Totals
         0          0         32          0          0          0   (incl. Generated)
         4          0          0       1016          0          0   (incl. Padding)

    ----------------------------------------------------------------------

      Code (inc. data)   RO Data    RW Data    ZI Data      Debug   Library Member Name

        58          0          0          0          0          0   __dczerorl.o
         8          0          0          0          0         68   __main.o
         0          0          0          0          0          0   __rtentry.o
        12          0          0          0          0          0   __rtentry2.o
         6          0          0          0          0          0   __rtentry4.o
        52          8          0          0          0          0   __scatter.o
        28          0          0          0          0          0   __scatter_zi.o
        12          0          0          0          0         72   exit.o
         6          0          0          0          0        152   heapauxi.o
         0          0          0          0          0          0   indicate_semi.o
         2          0          0          0          0          0   libinit.o
         6          0          0          0          0          0   libinit2.o
         2          0          0          0          0          0   libshutdown.o
         2          0          0          0          0          0   libshutdown2.o
         8          4          0          0         96         68   libspace.o
         2          0          0          0          0          0   rtexit.o
        10          0          0          0          0          0   rtexit2.o
        12          4          0          0          0         68   sys_exit.o
        74          0          0          0          0         80   sys_stackheap_outer.o
         2          0          0          0          0         68   use_no_semi.o
        38          0          0          0          0       3320   cpu.o
       288         34        268        620          0       3961   interrupt.o
        10          0          0          0          0        116   fpinit.o

    ----------------------------------------------------------------------
       648         50        268        620        100       7973   Library Totals
        10          0          0          0          4          0   (incl. Padding)

    ----------------------------------------------------------------------

      Code (inc. data)   RO Data    RW Data    ZI Data      Debug   Library Name

       302         16          0          0         96        576   c_w.l
       326         34        268        620          0       7281   driverlib.lib
        10          0          0          0          0        116   fz_wm.l

    ----------------------------------------------------------------------
       648         50        268        620        100       7973   Library Totals

    ----------------------------------------------------------------------

==============================================================================


      Code (inc. data)   RO Data    RW Data    ZI Data      Debug   

      8900        540       2028       1644        612      67928   Grand Totals
      8900        540       2028         20        612      67928   ELF Image Totals (compressed)
      8900        540       2028         20          0          0   ROM Totals

==============================================================================

    Total RO  Size (Code + RO Data)                10928 (  10.67kB)
    Total RW  Size (RW Data + ZI Data)              2256 (   2.20kB)
    Total ROM Size (Code + RO Data + RW Data)      10948 (  10.69kB)

==============================================================================

