Component: ARM Compiler 5.05 (build 41) Tool: armlink [4d0eb9]

==============================================================================

Section Cross References

    cfal96x64x16.o(i.CFAL96x64x16Init) refers to cfal96x64x16.o(i.CFAL96x64x16WriteCommand) for CFAL96x64x16WriteCommand
    cfal96x64x16.o(i.CFAL96x64x16Init) refers to cfal96x64x16.o(i.CFAL96x64x16RectFill) for CFAL96x64x16RectFill
    cfal96x64x16.o(i.CFAL96x64x16Init) refers to cfal96x64x16.o(.data) for .data
    cfal96x64x16.o(i.CFAL96x64x16LineDrawH) refers to cfal96x64x16.o(i.CFAL96x64x16WriteCommand) for CFAL96x64x16WriteCommand
    cfal96x64x16.o(i.CFAL96x64x16LineDrawH) refers to cfal96x64x16.o(i.CFAL96x64x16WriteData) for CFAL96x64x16WriteData
    cfal96x64x16.o(i.CFAL96x64x16LineDrawV) refers to cfal96x64x16.o(i.CFAL96x64x16WriteCommand) for CFAL96x64x16WriteCommand
    cfal96x64x16.o(i.CFAL96x64x16LineDrawV) refers to cfal96x64x16.o(i.CFAL96x64x16WriteData) for CFAL96x64x16WriteData
    cfal96x64x16.o(i.CFAL96x64x16PixelDraw) refers to cfal96x64x16.o(i.CFAL96x64x16WriteCommand) for CFAL96x64x16WriteCommand
    cfal96x64x16.o(i.CFAL96x64x16PixelDraw) refers to cfal96x64x16.o(i.CFAL96x64x16WriteData) for CFAL96x64x16WriteData
    cfal96x64x16.o(i.CFAL96x64x16PixelDrawMultiple) refers to cfal96x64x16.o(i.CFAL96x64x16WriteCommand) for CFAL96x64x16WriteCommand
    cfal96x64x16.o(i.CFAL96x64x16PixelDrawMultiple) refers to cfal96x64x16.o(i.CFAL96x64x16WriteData) for CFAL96x64x16WriteData
    cfal96x64x16.o(i.CFAL96x64x16RectFill) refers to cfal96x64x16.o(i.CFAL96x64x16LineDrawH) for CFAL96x64x16LineDrawH
    cfal96x64x16.o(.constdata) refers to cfal96x64x16.o(i.CFAL96x64x16PixelDraw) for CFAL96x64x16PixelDraw
    cfal96x64x16.o(.constdata) refers to cfal96x64x16.o(i.CFAL96x64x16PixelDrawMultiple) for CFAL96x64x16PixelDrawMultiple
    cfal96x64x16.o(.constdata) refers to cfal96x64x16.o(i.CFAL96x64x16LineDrawH) for CFAL96x64x16LineDrawH
    cfal96x64x16.o(.constdata) refers to cfal96x64x16.o(i.CFAL96x64x16LineDrawV) for CFAL96x64x16LineDrawV
    cfal96x64x16.o(.constdata) refers to cfal96x64x16.o(i.CFAL96x64x16RectFill) for CFAL96x64x16RectFill
    cfal96x64x16.o(.constdata) refers to cfal96x64x16.o(i.CFAL96x64x16ColorTranslate) for CFAL96x64x16ColorTranslate
    cfal96x64x16.o(.constdata) refers to cfal96x64x16.o(i.CFAL96x64x16Flush) for CFAL96x64x16Flush
    startup_rvmdk.o(RESET) refers to startup_rvmdk.o(STACK) for StackMem
    startup_rvmdk.o(RESET) refers to uart_echo.o(i.UARTIntHandler) for UARTIntHandler
    startup_rvmdk.o(RESET) refers to entry.o(.ARM.Collect$$$$00000000) for __main
    uart_echo.o(i.main) refers to cfal96x64x16.o(i.CFAL96x64x16Init) for CFAL96x64x16Init
    uart_echo.o(i.main) refers to context.o(i.GrContextInit) for GrContextInit
    uart_echo.o(i.main) refers to rectangle.o(i.GrRectFill) for GrRectFill
    uart_echo.o(i.main) refers to string.o(i.GrContextFontSet) for GrContextFontSet
    uart_echo.o(i.main) refers to string.o(i.GrFontBaselineGet) for GrFontBaselineGet
    uart_echo.o(i.main) refers to string.o(i.GrStringWidthGet) for GrStringWidthGet
    uart_echo.o(i.main) refers to string.o(i.GrStringDraw) for GrStringDraw
    uart_echo.o(i.main) refers to uart_echo.o(i.UARTSend) for UARTSend
    uart_echo.o(i.main) refers to cfal96x64x16.o(.constdata) for g_sCFAL96x64x16
    uart_echo.o(i.main) refers to fontfixed6x8.o(.constdata) for g_sFontFixed6x8
    context.o(i.GrContextInit) refers to context.o(.data) for .data
    context.o(i.GrContextInit) refers to string.o(i.GrDefaultStringRenderer) for GrDefaultStringRenderer
    context.o(i.GrContextInit) refers to context.o(.constdata) for .constdata
    context.o(i.GrLibInit) refers to context.o(.data) for .data
    context.o(.constdata) refers to charmap.o(i.GrMapISO8859_1_Unicode) for GrMapISO8859_1_Unicode
    fontfixed6x8.o(.constdata) refers to fontfixed6x8.o(.constdata) for g_pui8FontFixed6x8Data
    rectangle.o(i.GrRectDraw) refers to line.o(i.GrLineDrawH) for GrLineDrawH
    rectangle.o(i.GrRectDraw) refers to line.o(i.GrLineDrawV) for GrLineDrawV
    string.o(i.GrCodepageMapTableSet) refers to string.o(i.UpdateContextCharMapping) for UpdateContextCharMapping
    string.o(i.GrContextFontSet) refers to string.o(i.UpdateContextCharMapping) for UpdateContextCharMapping
    string.o(i.GrDefaultStringRenderer) refers to string.o(i.GrFontGlyphDataGet) for GrFontGlyphDataGet
    string.o(i.GrDefaultStringRenderer) refers to string.o(i.GrFontGlyphRender) for GrFontGlyphRender
    string.o(i.GrStringCodepageSet) refers to string.o(i.UpdateContextCharMapping) for UpdateContextCharMapping
    string.o(i.GrStringGet) refers to string.o(.data) for .data
    string.o(i.GrStringLanguageSet) refers to string.o(.data) for .data
    string.o(i.GrStringTableSet) refers to string.o(.data) for .data
    string.o(i.GrStringWidthGet) refers to string.o(i.GrFontGlyphDataGet) for GrFontGlyphDataGet
    charmap.o(i.GrMapISO8859_10_Unicode) refers to charmap.o(.constdata) for .constdata
    charmap.o(i.GrMapISO8859_13_Unicode) refers to charmap.o(.constdata) for .constdata
    charmap.o(i.GrMapISO8859_14_Unicode) refers to charmap.o(.constdata) for .constdata
    charmap.o(i.GrMapISO8859_16_Unicode) refers to charmap.o(.constdata) for .constdata
    charmap.o(i.GrMapISO8859_2_Unicode) refers to charmap.o(.constdata) for .constdata
    charmap.o(i.GrMapISO8859_3_Unicode) refers to charmap.o(.constdata) for .constdata
    charmap.o(i.GrMapISO8859_4_Unicode) refers to charmap.o(.constdata) for .constdata
    charmap.o(i.GrMapISO8859_7_Unicode) refers to charmap.o(.constdata) for .constdata
    charmap.o(i.GrMapUTF16BE_Unicode) refers to charmap.o(i.GrMapUTF16_Unicode) for GrMapUTF16_Unicode
    charmap.o(i.GrMapUTF16LE_Unicode) refers to charmap.o(i.GrMapUTF16_Unicode) for GrMapUTF16_Unicode
    charmap.o(i.GrMapWIN1250_Unicode) refers to charmap.o(.constdata) for .constdata
    charmap.o(i.GrMapWIN1251_Unicode) refers to charmap.o(.constdata) for .constdata
    charmap.o(i.GrMapWIN1252_Unicode) refers to charmap.o(.constdata) for .constdata
    charmap.o(i.GrMapWIN1253_Unicode) refers to charmap.o(.constdata) for .constdata
    charmap.o(i.GrMapWIN1254_Unicode) refers to charmap.o(.constdata) for .constdata
    entry.o(.ARM.Collect$$$$00000000) refers (Special) to entry10a.o(.ARM.Collect$$$$0000000D) for __rt_final_cpp
    entry.o(.ARM.Collect$$$$00000000) refers (Special) to entry11a.o(.ARM.Collect$$$$0000000F) for __rt_final_exit
    entry.o(.ARM.Collect$$$$00000000) refers (Special) to entry7b.o(.ARM.Collect$$$$00000008) for _main_clock
    entry.o(.ARM.Collect$$$$00000000) refers (Special) to entry8b.o(.ARM.Collect$$$$0000000A) for _main_cpp_init
    entry.o(.ARM.Collect$$$$00000000) refers (Special) to entry9a.o(.ARM.Collect$$$$0000000B) for _main_init
    entry.o(.ARM.Collect$$$$00000000) refers (Special) to entry5.o(.ARM.Collect$$$$00000004) for _main_scatterload
    entry.o(.ARM.Collect$$$$00000000) refers (Special) to entry2.o(.ARM.Collect$$$$00000001) for _main_stk
    entry2.o(.ARM.Collect$$$$00000001) refers to entry2.o(.ARM.Collect$$$$00002712) for __lit__00000000
    entry2.o(.ARM.Collect$$$$00002712) refers to startup_rvmdk.o(STACK) for __initial_sp
    entry2.o(__vectab_stack_and_reset_area) refers to startup_rvmdk.o(STACK) for __initial_sp
    entry2.o(__vectab_stack_and_reset_area) refers to entry.o(.ARM.Collect$$$$00000000) for __main
    entry5.o(.ARM.Collect$$$$00000004) refers to init.o(.text) for __scatterload
    entry9a.o(.ARM.Collect$$$$0000000B) refers to uart_echo.o(i.main) for main
    entry9b.o(.ARM.Collect$$$$0000000C) refers to uart_echo.o(i.main) for main
    init.o(.text) refers to entry5.o(.ARM.Collect$$$$00000004) for __main_after_scatterload


==============================================================================

Removing Unused input sections from the image.

    Removing startup_rvmdk.o(HEAP), (0 bytes).
    Removing startup_rvmdk.o(.text), (0 bytes).
    Removing context.o(i.GrContextClipRegionSet), (112 bytes).
    Removing context.o(i.GrLibInit), (12 bytes).
    Removing rectangle.o(i.GrRectDraw), (108 bytes).
    Removing rectangle.o(i.GrRectIntersectGet), (140 bytes).
    Removing rectangle.o(i.GrRectOverlapCheck), (56 bytes).
    Removing string.o(i.GrCodepageMapTableSet), (10 bytes).
    Removing string.o(i.GrFontBlockCodepointsGet), (84 bytes).
    Removing string.o(i.GrFontCodepageGet), (32 bytes).
    Removing string.o(i.GrFontHeightGet), (44 bytes).
    Removing string.o(i.GrFontInfoGet), (48 bytes).
    Removing string.o(i.GrFontMaxWidthGet), (44 bytes).
    Removing string.o(i.GrFontNumBlocksGet), (32 bytes).
    Removing string.o(i.GrStringCodepageSet), (6 bytes).
    Removing string.o(i.GrStringGet), (600 bytes).
    Removing string.o(i.GrStringLanguageSet), (48 bytes).
    Removing string.o(i.GrStringNextCharGet), (52 bytes).
    Removing string.o(i.GrStringTableSet), (36 bytes).
    Removing string.o(.data), (20 bytes).
    Removing charmap.o(i.GrMapISO8859_10_Unicode), (32 bytes).
    Removing charmap.o(i.GrMapISO8859_11_Unicode), (16 bytes).
    Removing charmap.o(i.GrMapISO8859_13_Unicode), (32 bytes).
    Removing charmap.o(i.GrMapISO8859_14_Unicode), (96 bytes).
    Removing charmap.o(i.GrMapISO8859_15_Unicode), (88 bytes).
    Removing charmap.o(i.GrMapISO8859_16_Unicode), (32 bytes).
    Removing charmap.o(i.GrMapISO8859_2_Unicode), (32 bytes).
    Removing charmap.o(i.GrMapISO8859_3_Unicode), (32 bytes).
    Removing charmap.o(i.GrMapISO8859_4_Unicode), (32 bytes).
    Removing charmap.o(i.GrMapISO8859_5_Unicode), (16 bytes).
    Removing charmap.o(i.GrMapISO8859_6_Unicode), (22 bytes).
    Removing charmap.o(i.GrMapISO8859_7_Unicode), (40 bytes).
    Removing charmap.o(i.GrMapISO8859_8_Unicode), (38 bytes).
    Removing charmap.o(i.GrMapISO8859_9_Unicode), (68 bytes).
    Removing charmap.o(i.GrMapUTF16BE_Unicode), (6 bytes).
    Removing charmap.o(i.GrMapUTF16LE_Unicode), (6 bytes).
    Removing charmap.o(i.GrMapUTF16_Unicode), (120 bytes).
    Removing charmap.o(i.GrMapUTF8_Unicode), (144 bytes).
    Removing charmap.o(i.GrMapUnicode_Unicode), (22 bytes).
    Removing charmap.o(i.GrMapWIN1250_Unicode), (32 bytes).
    Removing charmap.o(i.GrMapWIN1251_Unicode), (44 bytes).
    Removing charmap.o(i.GrMapWIN1252_Unicode), (36 bytes).
    Removing charmap.o(i.GrMapWIN1253_Unicode), (44 bytes).
    Removing charmap.o(i.GrMapWIN1254_Unicode), (96 bytes).
    Removing charmap.o(.constdata), (1900 bytes).
    Removing line.o(i.GrLineDraw), (638 bytes).
    Removing line.o(i.GrLineDrawH), (76 bytes).
    Removing line.o(i.GrLineDrawV), (76 bytes).

48 unused section(s) (total 5300 bytes) removed from the image.

==============================================================================

Image Symbol Table

    Local Symbols

    Symbol Name                              Value     Ov Type        Size  Object(Section)

    RESET                                    0x00000000   Section      648  startup_rvmdk.o(RESET)
    ../clib/microlib/init/entry.s            0x00000000   Number         0  entry.o ABSOLUTE
    ../clib/microlib/init/entry.s            0x00000000   Number         0  entry10b.o ABSOLUTE
    ../clib/microlib/init/entry.s            0x00000000   Number         0  entry8b.o ABSOLUTE
    ../clib/microlib/init/entry.s            0x00000000   Number         0  entry2.o ABSOLUTE
    ../clib/microlib/init/entry.s            0x00000000   Number         0  entry9a.o ABSOLUTE
    ../clib/microlib/init/entry.s            0x00000000   Number         0  entry11b.o ABSOLUTE
    ../clib/microlib/init/entry.s            0x00000000   Number         0  entry11a.o ABSOLUTE
    ../clib/microlib/init/entry.s            0x00000000   Number         0  entry5.o ABSOLUTE
    ../clib/microlib/init/entry.s            0x00000000   Number         0  entry7a.o ABSOLUTE
    ../clib/microlib/init/entry.s            0x00000000   Number         0  entry7b.o ABSOLUTE
    ../clib/microlib/init/entry.s            0x00000000   Number         0  entry10a.o ABSOLUTE
    ../clib/microlib/init/entry.s            0x00000000   Number         0  entry8a.o ABSOLUTE
    ../clib/microlib/init/entry.s            0x00000000   Number         0  entry9b.o ABSOLUTE
    ..\drivers\cfal96x64x16.c                0x00000000   Number         0  cfal96x64x16.o ABSOLUTE
    charmap.c                                0x00000000   Number         0  charmap.o ABSOLUTE
    context.c                                0x00000000   Number         0  context.o ABSOLUTE
    dc.s                                     0x00000000   Number         0  dc.o ABSOLUTE
    fonts\fontfixed6x8.c                     0x00000000   Number         0  fontfixed6x8.o ABSOLUTE
    handlers.s                               0x00000000   Number         0  handlers.o ABSOLUTE
    init.s                                   0x00000000   Number         0  init.o ABSOLUTE
    line.c                                   0x00000000   Number         0  line.o ABSOLUTE
    rectangle.c                              0x00000000   Number         0  rectangle.o ABSOLUTE
    startup_rvmdk.S                          0x00000000   Number         0  startup_rvmdk.o ABSOLUTE
    string.c                                 0x00000000   Number         0  string.o ABSOLUTE
    uart_echo.c                              0x00000000   Number         0  uart_echo.o ABSOLUTE
    $v0                                      0x0000026c   Number         0  startup_rvmdk.o(RESET)
    NmiSR                                    0x00000281   Thumb Code     0  startup_rvmdk.o(RESET)
    FaultISR                                 0x00000283   Thumb Code     0  startup_rvmdk.o(RESET)
    IntDefaultHandler                        0x00000285   Thumb Code     0  startup_rvmdk.o(RESET)
    .ARM.Collect$$$$00000000                 0x00000288   Section        0  entry.o(.ARM.Collect$$$$00000000)
    .ARM.Collect$$$$00000001                 0x00000288   Section        4  entry2.o(.ARM.Collect$$$$00000001)
    .ARM.Collect$$$$00000004                 0x0000028c   Section        4  entry5.o(.ARM.Collect$$$$00000004)
    .ARM.Collect$$$$00000008                 0x00000290   Section        0  entry7b.o(.ARM.Collect$$$$00000008)
    .ARM.Collect$$$$0000000A                 0x00000290   Section        0  entry8b.o(.ARM.Collect$$$$0000000A)
    .ARM.Collect$$$$0000000B                 0x00000290   Section        8  entry9a.o(.ARM.Collect$$$$0000000B)
    .ARM.Collect$$$$0000000D                 0x00000298   Section        0  entry10a.o(.ARM.Collect$$$$0000000D)
    .ARM.Collect$$$$0000000F                 0x00000298   Section        0  entry11a.o(.ARM.Collect$$$$0000000F)
    .ARM.Collect$$$$00002712                 0x00000298   Section        4  entry2.o(.ARM.Collect$$$$00002712)
    __lit__00000000                          0x00000298   Data           4  entry2.o(.ARM.Collect$$$$00002712)
    .text                                    0x0000029c   Section       36  init.o(.text)
    i.CFAL96x64x16ColorTranslate             0x000002c0   Section        0  cfal96x64x16.o(i.CFAL96x64x16ColorTranslate)
    CFAL96x64x16ColorTranslate               0x000002c1   Thumb Code    22  cfal96x64x16.o(i.CFAL96x64x16ColorTranslate)
    i.CFAL96x64x16Flush                      0x000002d6   Section        0  cfal96x64x16.o(i.CFAL96x64x16Flush)
    CFAL96x64x16Flush                        0x000002d7   Thumb Code     2  cfal96x64x16.o(i.CFAL96x64x16Flush)
    i.CFAL96x64x16Init                       0x000002d8   Section        0  cfal96x64x16.o(i.CFAL96x64x16Init)
    i.CFAL96x64x16LineDrawH                  0x00000434   Section        0  cfal96x64x16.o(i.CFAL96x64x16LineDrawH)
    CFAL96x64x16LineDrawH                    0x00000435   Thumb Code   120  cfal96x64x16.o(i.CFAL96x64x16LineDrawH)
    i.CFAL96x64x16LineDrawV                  0x000004ac   Section        0  cfal96x64x16.o(i.CFAL96x64x16LineDrawV)
    CFAL96x64x16LineDrawV                    0x000004ad   Thumb Code   154  cfal96x64x16.o(i.CFAL96x64x16LineDrawV)
    i.CFAL96x64x16PixelDraw                  0x00000546   Section        0  cfal96x64x16.o(i.CFAL96x64x16PixelDraw)
    CFAL96x64x16PixelDraw                    0x00000547   Thumb Code    52  cfal96x64x16.o(i.CFAL96x64x16PixelDraw)
    i.CFAL96x64x16PixelDrawMultiple          0x0000057a   Section        0  cfal96x64x16.o(i.CFAL96x64x16PixelDrawMultiple)
    CFAL96x64x16PixelDrawMultiple            0x0000057b   Thumb Code   284  cfal96x64x16.o(i.CFAL96x64x16PixelDrawMultiple)
    i.CFAL96x64x16RectFill                   0x00000696   Section        0  cfal96x64x16.o(i.CFAL96x64x16RectFill)
    CFAL96x64x16RectFill                     0x00000697   Thumb Code    42  cfal96x64x16.o(i.CFAL96x64x16RectFill)
    i.CFAL96x64x16WriteCommand               0x000006c0   Section        0  cfal96x64x16.o(i.CFAL96x64x16WriteCommand)
    CFAL96x64x16WriteCommand                 0x000006c1   Thumb Code    60  cfal96x64x16.o(i.CFAL96x64x16WriteCommand)
    i.CFAL96x64x16WriteData                  0x00000704   Section        0  cfal96x64x16.o(i.CFAL96x64x16WriteData)
    CFAL96x64x16WriteData                    0x00000705   Thumb Code    60  cfal96x64x16.o(i.CFAL96x64x16WriteData)
    i.GrContextFontSet                       0x00000748   Section        0  string.o(i.GrContextFontSet)
    i.GrContextInit                          0x00000750   Section        0  context.o(i.GrContextInit)
    i.GrDefaultStringRenderer                0x000007b4   Section        0  string.o(i.GrDefaultStringRenderer)
    i.GrFontBaselineGet                      0x000008cc   Section        0  string.o(i.GrFontBaselineGet)
    i.GrFontGlyphDataGet                     0x000008f8   Section        0  string.o(i.GrFontGlyphDataGet)
    i.GrFontGlyphRender                      0x0000099e   Section        0  string.o(i.GrFontGlyphRender)
    i.GrMapISO8859_1_Unicode                 0x00000c24   Section        0  charmap.o(i.GrMapISO8859_1_Unicode)
    i.GrRectFill                             0x00000c2c   Section        0  rectangle.o(i.GrRectFill)
    i.GrStringDraw                           0x00000ce0   Section        0  string.o(i.GrStringDraw)
    i.GrStringWidthGet                       0x00000d00   Section        0  string.o(i.GrStringWidthGet)
    i.UARTIntHandler                         0x00000dc0   Section        0  uart_echo.o(i.UARTIntHandler)
    i.UARTSend                               0x00000e04   Section        0  uart_echo.o(i.UARTSend)
    i.UpdateContextCharMapping               0x00000e2c   Section        0  string.o(i.UpdateContextCharMapping)
    UpdateContextCharMapping                 0x00000e2d   Thumb Code   108  string.o(i.UpdateContextCharMapping)
    i.__scatterload_copy                     0x00000e98   Section       14  handlers.o(i.__scatterload_copy)
    i.__scatterload_null                     0x00000ea6   Section        2  handlers.o(i.__scatterload_null)
    i.__scatterload_zeroinit                 0x00000ea8   Section       14  handlers.o(i.__scatterload_zeroinit)
    i.main                                   0x00000eb8   Section        0  uart_echo.o(i.main)
    .constdata                               0x000010e8   Section       40  cfal96x64x16.o(.constdata)
    .constdata                               0x00001110   Section       16  context.o(.constdata)
    .constdata                               0x00001120   Section      760  fontfixed6x8.o(.constdata)
    g_pui8FontFixed6x8Data                   0x00001120   Data         760  fontfixed6x8.o(.constdata)
    .constdata                               0x00001418   Section      200  fontfixed6x8.o(.constdata)
    .data                                    0x20000000   Section       19  cfal96x64x16.o(.data)
    g_ui8DisplayInitCommands                 0x20000000   Data          19  cfal96x64x16.o(.data)
    .data                                    0x20000014   Section        4  context.o(.data)
    g_psGrLibDefaults                        0x20000014   Data           4  context.o(.data)
    STACK                                    0x20000018   Section      512  startup_rvmdk.o(STACK)
    StackMem                                 0x20000018   Data           0  startup_rvmdk.o(STACK)

    Global Symbols

    Symbol Name                              Value     Ov Type        Size  Object(Section)

    BuildAttributes$$THM_ISAv4$E$P$D$K$B$S$7EM$VFPi3$EXTD16$VFPS$VFMA$PE$A:L22UL41UL21$X:L11$S22US41US21$IEEE1$IW$USESV6$~STKCKD$USESV7$~SHL$OTIME$EBA8$MICROLIB$REQ8$PRES8$EABIv2 0x00000000   Number         0  anon$$obj.o ABSOLUTE
    __ARM_use_no_argv                        0x00000000   Number         0  uart_echo.o ABSOLUTE
    __Vectors                                0x00000000   Data           0  startup_rvmdk.o(RESET)
    __cpp_initialize__aeabi_                  - Undefined Weak Reference
    __cxa_finalize                            - Undefined Weak Reference
    __decompress                              - Undefined Weak Reference
    _clock_init                               - Undefined Weak Reference
    _microlib_exit                            - Undefined Weak Reference
    Reset_Handler                            0x0000026d   Thumb Code     0  startup_rvmdk.o(RESET)
    __main                                   0x00000289   Thumb Code     0  entry.o(.ARM.Collect$$$$00000000)
    _main_stk                                0x00000289   Thumb Code     0  entry2.o(.ARM.Collect$$$$00000001)
    _main_scatterload                        0x0000028d   Thumb Code     0  entry5.o(.ARM.Collect$$$$00000004)
    __main_after_scatterload                 0x00000291   Thumb Code     0  entry5.o(.ARM.Collect$$$$00000004)
    _main_clock                              0x00000291   Thumb Code     0  entry7b.o(.ARM.Collect$$$$00000008)
    _main_cpp_init                           0x00000291   Thumb Code     0  entry8b.o(.ARM.Collect$$$$0000000A)
    _main_init                               0x00000291   Thumb Code     0  entry9a.o(.ARM.Collect$$$$0000000B)
    __rt_final_cpp                           0x00000299   Thumb Code     0  entry10a.o(.ARM.Collect$$$$0000000D)
    __rt_final_exit                          0x00000299   Thumb Code     0  entry11a.o(.ARM.Collect$$$$0000000F)
    __scatterload                            0x0000029d   Thumb Code    28  init.o(.text)
    __scatterload_rt2                        0x0000029d   Thumb Code     0  init.o(.text)
    CFAL96x64x16Init                         0x000002d9   Thumb Code   308  cfal96x64x16.o(i.CFAL96x64x16Init)
    GrContextFontSet                         0x00000749   Thumb Code     6  string.o(i.GrContextFontSet)
    GrContextInit                            0x00000751   Thumb Code    88  context.o(i.GrContextInit)
    GrDefaultStringRenderer                  0x000007b5   Thumb Code   280  string.o(i.GrDefaultStringRenderer)
    GrFontBaselineGet                        0x000008cd   Thumb Code    44  string.o(i.GrFontBaselineGet)
    GrFontGlyphDataGet                       0x000008f9   Thumb Code   166  string.o(i.GrFontGlyphDataGet)
    GrFontGlyphRender                        0x0000099f   Thumb Code   646  string.o(i.GrFontGlyphRender)
    GrMapISO8859_1_Unicode                   0x00000c25   Thumb Code     8  charmap.o(i.GrMapISO8859_1_Unicode)
    GrRectFill                               0x00000c2d   Thumb Code   180  rectangle.o(i.GrRectFill)
    GrStringDraw                             0x00000ce1   Thumb Code    32  string.o(i.GrStringDraw)
    GrStringWidthGet                         0x00000d01   Thumb Code   192  string.o(i.GrStringWidthGet)
    UARTIntHandler                           0x00000dc1   Thumb Code    62  uart_echo.o(i.UARTIntHandler)
    UARTSend                                 0x00000e05   Thumb Code    36  uart_echo.o(i.UARTSend)
    __scatterload_copy                       0x00000e99   Thumb Code    14  handlers.o(i.__scatterload_copy)
    __scatterload_null                       0x00000ea7   Thumb Code     2  handlers.o(i.__scatterload_null)
    __scatterload_zeroinit                   0x00000ea9   Thumb Code    14  handlers.o(i.__scatterload_zeroinit)
    main                                     0x00000eb9   Thumb Code   456  uart_echo.o(i.main)
    g_sCFAL96x64x16                          0x000010e8   Data          40  cfal96x64x16.o(.constdata)
    g_psDefaultCodePointMapTable             0x00001110   Data          16  context.o(.constdata)
    g_sFontFixed6x8                          0x00001418   Data         200  fontfixed6x8.o(.constdata)
    Region$$Table$$Base                      0x000014e0   Number         0  anon$$obj.o(Region$$Table)
    Region$$Table$$Limit                     0x00001500   Number         0  anon$$obj.o(Region$$Table)
    __initial_sp                             0x20000218   Data           0  startup_rvmdk.o(STACK)



==============================================================================

Memory Map of the image

  Image Entry point : 0x0000026d

  Load Region LR_IROM (Base: 0x00000000, Size: 0x00001518, Max: 0x00040000, ABSOLUTE)

    Execution Region ER_IROM (Base: 0x00000000, Size: 0x00001500, Max: 0x00040000, ABSOLUTE)

    Base Addr    Size         Type   Attr      Idx    E Section Name        Object

    0x00000000   0x00000288   Code   RO           97  * RESET               startup_rvmdk.o
    0x00000288   0x00000000   Code   RO          542  * .ARM.Collect$$$$00000000  mc_w.l(entry.o)
    0x00000288   0x00000004   Code   RO          545    .ARM.Collect$$$$00000001  mc_w.l(entry2.o)
    0x0000028c   0x00000004   Code   RO          548    .ARM.Collect$$$$00000004  mc_w.l(entry5.o)
    0x00000290   0x00000000   Code   RO          550    .ARM.Collect$$$$00000008  mc_w.l(entry7b.o)
    0x00000290   0x00000000   Code   RO          552    .ARM.Collect$$$$0000000A  mc_w.l(entry8b.o)
    0x00000290   0x00000008   Code   RO          553    .ARM.Collect$$$$0000000B  mc_w.l(entry9a.o)
    0x00000298   0x00000000   Code   RO          555    .ARM.Collect$$$$0000000D  mc_w.l(entry10a.o)
    0x00000298   0x00000000   Code   RO          557    .ARM.Collect$$$$0000000F  mc_w.l(entry11a.o)
    0x00000298   0x00000004   Code   RO          546    .ARM.Collect$$$$00002712  mc_w.l(entry2.o)
    0x0000029c   0x00000024   Code   RO          559    .text               mc_w.l(init.o)
    0x000002c0   0x00000016   Code   RO            1    i.CFAL96x64x16ColorTranslate  cfal96x64x16.o
    0x000002d6   0x00000002   Code   RO            2    i.CFAL96x64x16Flush  cfal96x64x16.o
    0x000002d8   0x0000015c   Code   RO            3    i.CFAL96x64x16Init  cfal96x64x16.o
    0x00000434   0x00000078   Code   RO            4    i.CFAL96x64x16LineDrawH  cfal96x64x16.o
    0x000004ac   0x0000009a   Code   RO            5    i.CFAL96x64x16LineDrawV  cfal96x64x16.o
    0x00000546   0x00000034   Code   RO            6    i.CFAL96x64x16PixelDraw  cfal96x64x16.o
    0x0000057a   0x0000011c   Code   RO            7    i.CFAL96x64x16PixelDrawMultiple  cfal96x64x16.o
    0x00000696   0x0000002a   Code   RO            8    i.CFAL96x64x16RectFill  cfal96x64x16.o
    0x000006c0   0x00000044   Code   RO            9    i.CFAL96x64x16WriteCommand  cfal96x64x16.o
    0x00000704   0x00000044   Code   RO           10    i.CFAL96x64x16WriteData  cfal96x64x16.o
    0x00000748   0x00000006   Code   RO          234    i.GrContextFontSet  grlib.lib(string.o)
    0x0000074e   0x00000002   PAD
    0x00000750   0x00000064   Code   RO          149    i.GrContextInit     grlib.lib(context.o)
    0x000007b4   0x00000118   Code   RO          235    i.GrDefaultStringRenderer  grlib.lib(string.o)
    0x000008cc   0x0000002c   Code   RO          236    i.GrFontBaselineGet  grlib.lib(string.o)
    0x000008f8   0x000000a6   Code   RO          239    i.GrFontGlyphDataGet  grlib.lib(string.o)
    0x0000099e   0x00000286   Code   RO          240    i.GrFontGlyphRender  grlib.lib(string.o)
    0x00000c24   0x00000008   Code   RO          367    i.GrMapISO8859_1_Unicode  grlib.lib(charmap.o)
    0x00000c2c   0x000000b4   Code   RO          204    i.GrRectFill        grlib.lib(rectangle.o)
    0x00000ce0   0x00000020   Code   RO          246    i.GrStringDraw      grlib.lib(string.o)
    0x00000d00   0x000000c0   Code   RO          251    i.GrStringWidthGet  grlib.lib(string.o)
    0x00000dc0   0x00000044   Code   RO          102    i.UARTIntHandler    uart_echo.o
    0x00000e04   0x00000028   Code   RO          103    i.UARTSend          uart_echo.o
    0x00000e2c   0x0000006c   Code   RO          252    i.UpdateContextCharMapping  grlib.lib(string.o)
    0x00000e98   0x0000000e   Code   RO          563    i.__scatterload_copy  mc_w.l(handlers.o)
    0x00000ea6   0x00000002   Code   RO          564    i.__scatterload_null  mc_w.l(handlers.o)
    0x00000ea8   0x0000000e   Code   RO          565    i.__scatterload_zeroinit  mc_w.l(handlers.o)
    0x00000eb6   0x00000002   PAD
    0x00000eb8   0x00000230   Code   RO          104    i.main              uart_echo.o
    0x000010e8   0x00000028   Data   RO           11    .constdata          cfal96x64x16.o
    0x00001110   0x00000010   Data   RO          151    .constdata          grlib.lib(context.o)
    0x00001120   0x000002f8   Data   RO          189    .constdata          grlib.lib(fontfixed6x8.o)
    0x00001418   0x000000c8   Data   RO          190    .constdata          grlib.lib(fontfixed6x8.o)
    0x000014e0   0x00000020   Data   RO          561    Region$$Table       anon$$obj.o


    Execution Region RW_IRAM (Base: 0x20000000, Size: 0x00000218, Max: 0x00008000, ABSOLUTE)

    Base Addr    Size         Type   Attr      Idx    E Section Name        Object

    0x20000000   0x00000013   Data   RW           12    .data               cfal96x64x16.o
    0x20000013   0x00000001   PAD
    0x20000014   0x00000004   Data   RW          152    .data               grlib.lib(context.o)
    0x20000018   0x00000200   Zero   RW           95    STACK               startup_rvmdk.o


==============================================================================

Image component sizes


      Code (inc. data)   RO Data    RW Data    ZI Data      Debug   Object Name

      1160         56         40         19          0      37909   cfal96x64x16.o
       648        622          0          0        512        288   startup_rvmdk.o
       668        114          0          0          0       2575   uart_echo.o

    ----------------------------------------------------------------------
      2476        792         72         20        512      40772   Object Totals
         0          0         32          0          0          0   (incl. Generated)
         0          0          0          1          0          0   (incl. Padding)

    ----------------------------------------------------------------------

      Code (inc. data)   RO Data    RW Data    ZI Data      Debug   Library Member Name

         8          0          0          0          0       1374   charmap.o
       100         12         16          4          0      29067   context.o
         0          0        960          0          0      25582   fontfixed6x8.o
       180          0          0          0          0       1398   rectangle.o
      1474          0          0          0          0       9006   string.o
         0          0          0          0          0          0   entry.o
         0          0          0          0          0          0   entry10a.o
         0          0          0          0          0          0   entry11a.o
         8          4          0          0          0          0   entry2.o
         4          0          0          0          0          0   entry5.o
         0          0          0          0          0          0   entry7b.o
         0          0          0          0          0          0   entry8b.o
         8          4          0          0          0          0   entry9a.o
        30          0          0          0          0          0   handlers.o
        36          8          0          0          0         68   init.o

    ----------------------------------------------------------------------
      1852         28        976          4          0      66495   Library Totals
         4          0          0          0          0          0   (incl. Padding)

    ----------------------------------------------------------------------

      Code (inc. data)   RO Data    RW Data    ZI Data      Debug   Library Name

      1762         12        976          4          0      66427   grlib.lib
        86         16          0          0          0         68   mc_w.l

    ----------------------------------------------------------------------
      1852         28        976          4          0      66495   Library Totals

    ----------------------------------------------------------------------

==============================================================================


      Code (inc. data)   RO Data    RW Data    ZI Data      Debug   

      4328        820       1048         24        512     105371   Grand Totals
      4328        820       1048         24        512     105371   ELF Image Totals
      4328        820       1048         24          0          0   ROM Totals

==============================================================================

    Total RO  Size (Code + RO Data)                 5376 (   5.25kB)
    Total RW  Size (RW Data + ZI Data)               536 (   0.52kB)
    Total ROM Size (Code + RO Data + RW Data)       5400 (   5.27kB)

==============================================================================

