<!doctype html public "-//w3c//dtd html 4.0 transitional//en">
<html><head>
<title>Static Call Graph - [.\rvmdk\uart_echo.axf]</title></head>
<body><HR>
<H1>Static Call Graph for image .\rvmdk\uart_echo.axf</H1><HR>
<BR><P>#&#060CALLGRAPH&#062# ARM Linker, 5050041: Last Updated: Sun Jan 17 15:25:13 2016
<BR><P>
<H3>Maximum Stack Usage =        184 bytes + Unknown(Functions without stacksize, Cycles, Untraceable Function Pointers)</H3><H3>
Call chain for Maximum Stack Depth:</H3>
main &rArr; CFAL96x64x16Init &rArr; CFAL96x64x16RectFill &rArr; CFAL96x64x16LineDrawH &rArr; CFAL96x64x16WriteData
<P>
<H3>
Functions with no stack information
</H3><UL>
 <LI><a href="#[f]">Reset_Handler</a>
 <LI><a href="#[1]">NmiSR</a>
 <LI><a href="#[2]">FaultISR</a>
 <LI><a href="#[3]">IntDefaultHandler</a>
</UL>
</UL>
<P>
<H3>
Mutually Recursive functions
</H3> <LI><a href="#[1]">NmiSR</a>&nbsp;&nbsp;&nbsp;&rArr;&nbsp;&nbsp;&nbsp;<a href="#[1]">NmiSR</a><BR>
 <LI><a href="#[2]">FaultISR</a>&nbsp;&nbsp;&nbsp;&rArr;&nbsp;&nbsp;&nbsp;<a href="#[2]">FaultISR</a><BR>
 <LI><a href="#[3]">IntDefaultHandler</a>&nbsp;&nbsp;&nbsp;&rArr;&nbsp;&nbsp;&nbsp;<a href="#[3]">IntDefaultHandler</a><BR>
</UL>
<P>
<H3>
Function Pointers
</H3><UL>
 <LI><a href="#[c]">CFAL96x64x16ColorTranslate</a> from cfal96x64x16.o(i.CFAL96x64x16ColorTranslate) referenced from cfal96x64x16.o(.constdata)
 <LI><a href="#[d]">CFAL96x64x16Flush</a> from cfal96x64x16.o(i.CFAL96x64x16Flush) referenced from cfal96x64x16.o(.constdata)
 <LI><a href="#[9]">CFAL96x64x16LineDrawH</a> from cfal96x64x16.o(i.CFAL96x64x16LineDrawH) referenced from cfal96x64x16.o(.constdata)
 <LI><a href="#[a]">CFAL96x64x16LineDrawV</a> from cfal96x64x16.o(i.CFAL96x64x16LineDrawV) referenced from cfal96x64x16.o(.constdata)
 <LI><a href="#[7]">CFAL96x64x16PixelDraw</a> from cfal96x64x16.o(i.CFAL96x64x16PixelDraw) referenced from cfal96x64x16.o(.constdata)
 <LI><a href="#[8]">CFAL96x64x16PixelDrawMultiple</a> from cfal96x64x16.o(i.CFAL96x64x16PixelDrawMultiple) referenced from cfal96x64x16.o(.constdata)
 <LI><a href="#[b]">CFAL96x64x16RectFill</a> from cfal96x64x16.o(i.CFAL96x64x16RectFill) referenced from cfal96x64x16.o(.constdata)
 <LI><a href="#[2]">FaultISR</a> from startup_rvmdk.o(RESET) referenced from startup_rvmdk.o(RESET)
 <LI><a href="#[6]">GrDefaultStringRenderer</a> from string.o(i.GrDefaultStringRenderer) referenced from context.o(i.GrContextInit)
 <LI><a href="#[e]">GrMapISO8859_1_Unicode</a> from charmap.o(i.GrMapISO8859_1_Unicode) referenced 2 times from context.o(.constdata)
 <LI><a href="#[3]">IntDefaultHandler</a> from startup_rvmdk.o(RESET) referenced 113 times from startup_rvmdk.o(RESET)
 <LI><a href="#[1]">NmiSR</a> from startup_rvmdk.o(RESET) referenced from startup_rvmdk.o(RESET)
 <LI><a href="#[f]">Reset_Handler</a> from startup_rvmdk.o(RESET) referenced from startup_rvmdk.o(RESET)
 <LI><a href="#[4]">UARTIntHandler</a> from uart_echo.o(i.UARTIntHandler) referenced from startup_rvmdk.o(RESET)
 <LI><a href="#[5]">main</a> from uart_echo.o(i.main) referenced from entry9a.o(.ARM.Collect$$$$0000000B)
</UL>
<P>
<H3>
Global Symbols
</H3>
<P><STRONG><a name="[f]"></a>Reset_Handler</STRONG> (Thumb, 0 bytes, Stack size unknown bytes, startup_rvmdk.o(RESET))
<BR><BR>[Calls]<UL><LI><a href="#[10]">&gt;&gt;</a>&nbsp;&nbsp;&nbsp;__main
</UL>

<P><STRONG><a name="[10]"></a>__main</STRONG> (Thumb, 0 bytes, Stack size unknown bytes, entry.o(.ARM.Collect$$$$00000000))
<BR><BR>[Called By]<UL><LI><a href="#[f]">&gt;&gt;</a>&nbsp;&nbsp;&nbsp;Reset_Handler
</UL>

<P><STRONG><a name="[21]"></a>_main_stk</STRONG> (Thumb, 0 bytes, Stack size unknown bytes, entry2.o(.ARM.Collect$$$$00000001))

<P><STRONG><a name="[11]"></a>_main_scatterload</STRONG> (Thumb, 0 bytes, Stack size unknown bytes, entry5.o(.ARM.Collect$$$$00000004))
<BR><BR>[Calls]<UL><LI><a href="#[12]">&gt;&gt;</a>&nbsp;&nbsp;&nbsp;__scatterload
</UL>

<P><STRONG><a name="[13]"></a>__main_after_scatterload</STRONG> (Thumb, 0 bytes, Stack size unknown bytes, entry5.o(.ARM.Collect$$$$00000004))
<BR><BR>[Called By]<UL><LI><a href="#[12]">&gt;&gt;</a>&nbsp;&nbsp;&nbsp;__scatterload
</UL>

<P><STRONG><a name="[22]"></a>_main_clock</STRONG> (Thumb, 0 bytes, Stack size unknown bytes, entry7b.o(.ARM.Collect$$$$00000008))

<P><STRONG><a name="[23]"></a>_main_cpp_init</STRONG> (Thumb, 0 bytes, Stack size unknown bytes, entry8b.o(.ARM.Collect$$$$0000000A))

<P><STRONG><a name="[24]"></a>_main_init</STRONG> (Thumb, 0 bytes, Stack size unknown bytes, entry9a.o(.ARM.Collect$$$$0000000B))

<P><STRONG><a name="[25]"></a>__rt_final_cpp</STRONG> (Thumb, 0 bytes, Stack size unknown bytes, entry10a.o(.ARM.Collect$$$$0000000D))

<P><STRONG><a name="[26]"></a>__rt_final_exit</STRONG> (Thumb, 0 bytes, Stack size unknown bytes, entry11a.o(.ARM.Collect$$$$0000000F))

<P><STRONG><a name="[12]"></a>__scatterload</STRONG> (Thumb, 28 bytes, Stack size 0 bytes, init.o(.text))
<BR><BR>[Calls]<UL><LI><a href="#[13]">&gt;&gt;</a>&nbsp;&nbsp;&nbsp;__main_after_scatterload
</UL>
<BR>[Called By]<UL><LI><a href="#[11]">&gt;&gt;</a>&nbsp;&nbsp;&nbsp;_main_scatterload
</UL>

<P><STRONG><a name="[27]"></a>__scatterload_rt2</STRONG> (Thumb, 0 bytes, Stack size 0 bytes, init.o(.text), UNUSED)

<P><STRONG><a name="[14]"></a>CFAL96x64x16Init</STRONG> (Thumb, 308 bytes, Stack size 40 bytes, cfal96x64x16.o(i.CFAL96x64x16Init))
<BR><BR>[Stack]<UL><LI>Max Depth = 120<LI>Call Chain = CFAL96x64x16Init &rArr; CFAL96x64x16RectFill &rArr; CFAL96x64x16LineDrawH &rArr; CFAL96x64x16WriteData
</UL>
<BR>[Calls]<UL><LI><a href="#[15]">&gt;&gt;</a>&nbsp;&nbsp;&nbsp;CFAL96x64x16WriteCommand
<LI><a href="#[b]">&gt;&gt;</a>&nbsp;&nbsp;&nbsp;CFAL96x64x16RectFill
</UL>
<BR>[Called By]<UL><LI><a href="#[5]">&gt;&gt;</a>&nbsp;&nbsp;&nbsp;main
</UL>

<P><STRONG><a name="[17]"></a>GrContextFontSet</STRONG> (Thumb, 6 bytes, Stack size 0 bytes, string.o(i.GrContextFontSet))
<BR><BR>[Stack]<UL><LI>Max Depth = 16<LI>Call Chain = GrContextFontSet &rArr; UpdateContextCharMapping
</UL>
<BR>[Calls]<UL><LI><a href="#[18]">&gt;&gt;</a>&nbsp;&nbsp;&nbsp;UpdateContextCharMapping
</UL>
<BR>[Called By]<UL><LI><a href="#[5]">&gt;&gt;</a>&nbsp;&nbsp;&nbsp;main
</UL>

<P><STRONG><a name="[1c]"></a>GrContextInit</STRONG> (Thumb, 88 bytes, Stack size 0 bytes, context.o(i.GrContextInit))
<BR><BR>[Called By]<UL><LI><a href="#[5]">&gt;&gt;</a>&nbsp;&nbsp;&nbsp;main
</UL>

<P><STRONG><a name="[6]"></a>GrDefaultStringRenderer</STRONG> (Thumb, 280 bytes, Stack size 72 bytes, string.o(i.GrDefaultStringRenderer))
<BR><BR>[Stack]<UL><LI>Max Depth = 136<LI>Call Chain = GrDefaultStringRenderer &rArr; GrFontGlyphRender
</UL>
<BR>[Calls]<UL><LI><a href="#[1a]">&gt;&gt;</a>&nbsp;&nbsp;&nbsp;GrFontGlyphRender
<LI><a href="#[19]">&gt;&gt;</a>&nbsp;&nbsp;&nbsp;GrFontGlyphDataGet
</UL>
<BR>[Address Reference Count : 1]<UL><LI> context.o(i.GrContextInit)
</UL>
<P><STRONG><a name="[1e]"></a>GrFontBaselineGet</STRONG> (Thumb, 44 bytes, Stack size 24 bytes, string.o(i.GrFontBaselineGet))
<BR><BR>[Stack]<UL><LI>Max Depth = 24<LI>Call Chain = GrFontBaselineGet
</UL>
<BR>[Called By]<UL><LI><a href="#[5]">&gt;&gt;</a>&nbsp;&nbsp;&nbsp;main
</UL>

<P><STRONG><a name="[19]"></a>GrFontGlyphDataGet</STRONG> (Thumb, 166 bytes, Stack size 16 bytes, string.o(i.GrFontGlyphDataGet))
<BR><BR>[Stack]<UL><LI>Max Depth = 16<LI>Call Chain = GrFontGlyphDataGet
</UL>
<BR>[Called By]<UL><LI><a href="#[6]">&gt;&gt;</a>&nbsp;&nbsp;&nbsp;GrDefaultStringRenderer
<LI><a href="#[1b]">&gt;&gt;</a>&nbsp;&nbsp;&nbsp;GrStringWidthGet
</UL>

<P><STRONG><a name="[1a]"></a>GrFontGlyphRender</STRONG> (Thumb, 646 bytes, Stack size 64 bytes, string.o(i.GrFontGlyphRender))
<BR><BR>[Stack]<UL><LI>Max Depth = 64<LI>Call Chain = GrFontGlyphRender
</UL>
<BR>[Called By]<UL><LI><a href="#[6]">&gt;&gt;</a>&nbsp;&nbsp;&nbsp;GrDefaultStringRenderer
</UL>

<P><STRONG><a name="[e]"></a>GrMapISO8859_1_Unicode</STRONG> (Thumb, 8 bytes, Stack size 0 bytes, charmap.o(i.GrMapISO8859_1_Unicode))
<BR>[Address Reference Count : 1]<UL><LI> context.o(.constdata)
</UL>
<P><STRONG><a name="[1d]"></a>GrRectFill</STRONG> (Thumb, 180 bytes, Stack size 24 bytes, rectangle.o(i.GrRectFill))
<BR><BR>[Stack]<UL><LI>Max Depth = 24<LI>Call Chain = GrRectFill
</UL>
<BR>[Called By]<UL><LI><a href="#[5]">&gt;&gt;</a>&nbsp;&nbsp;&nbsp;main
</UL>

<P><STRONG><a name="[1f]"></a>GrStringDraw</STRONG> (Thumb, 32 bytes, Stack size 16 bytes, string.o(i.GrStringDraw))
<BR><BR>[Stack]<UL><LI>Max Depth = 16<LI>Call Chain = GrStringDraw
</UL>
<BR>[Called By]<UL><LI><a href="#[5]">&gt;&gt;</a>&nbsp;&nbsp;&nbsp;main
</UL>

<P><STRONG><a name="[1b]"></a>GrStringWidthGet</STRONG> (Thumb, 192 bytes, Stack size 64 bytes, string.o(i.GrStringWidthGet))
<BR><BR>[Stack]<UL><LI>Max Depth = 80<LI>Call Chain = GrStringWidthGet &rArr; GrFontGlyphDataGet
</UL>
<BR>[Calls]<UL><LI><a href="#[19]">&gt;&gt;</a>&nbsp;&nbsp;&nbsp;GrFontGlyphDataGet
</UL>
<BR>[Called By]<UL><LI><a href="#[5]">&gt;&gt;</a>&nbsp;&nbsp;&nbsp;main
</UL>

<P><STRONG><a name="[4]"></a>UARTIntHandler</STRONG> (Thumb, 62 bytes, Stack size 16 bytes, uart_echo.o(i.UARTIntHandler))
<BR><BR>[Stack]<UL><LI>Max Depth = 16<LI>Call Chain = UARTIntHandler
</UL>
<BR>[Address Reference Count : 1]<UL><LI> startup_rvmdk.o(RESET)
</UL>
<P><STRONG><a name="[20]"></a>UARTSend</STRONG> (Thumb, 36 bytes, Stack size 24 bytes, uart_echo.o(i.UARTSend))
<BR><BR>[Stack]<UL><LI>Max Depth = 24<LI>Call Chain = UARTSend
</UL>
<BR>[Called By]<UL><LI><a href="#[5]">&gt;&gt;</a>&nbsp;&nbsp;&nbsp;main
</UL>

<P><STRONG><a name="[28]"></a>__scatterload_copy</STRONG> (Thumb, 14 bytes, Stack size unknown bytes, handlers.o(i.__scatterload_copy), UNUSED)

<P><STRONG><a name="[29]"></a>__scatterload_null</STRONG> (Thumb, 2 bytes, Stack size unknown bytes, handlers.o(i.__scatterload_null), UNUSED)

<P><STRONG><a name="[2a]"></a>__scatterload_zeroinit</STRONG> (Thumb, 14 bytes, Stack size unknown bytes, handlers.o(i.__scatterload_zeroinit), UNUSED)

<P><STRONG><a name="[5]"></a>main</STRONG> (Thumb, 456 bytes, Stack size 64 bytes, uart_echo.o(i.main))
<BR><BR>[Stack]<UL><LI>Max Depth = 184<LI>Call Chain = main &rArr; CFAL96x64x16Init &rArr; CFAL96x64x16RectFill &rArr; CFAL96x64x16LineDrawH &rArr; CFAL96x64x16WriteData
</UL>
<BR>[Calls]<UL><LI><a href="#[1b]">&gt;&gt;</a>&nbsp;&nbsp;&nbsp;GrStringWidthGet
<LI><a href="#[1f]">&gt;&gt;</a>&nbsp;&nbsp;&nbsp;GrStringDraw
<LI><a href="#[1d]">&gt;&gt;</a>&nbsp;&nbsp;&nbsp;GrRectFill
<LI><a href="#[1e]">&gt;&gt;</a>&nbsp;&nbsp;&nbsp;GrFontBaselineGet
<LI><a href="#[1c]">&gt;&gt;</a>&nbsp;&nbsp;&nbsp;GrContextInit
<LI><a href="#[17]">&gt;&gt;</a>&nbsp;&nbsp;&nbsp;GrContextFontSet
<LI><a href="#[20]">&gt;&gt;</a>&nbsp;&nbsp;&nbsp;UARTSend
<LI><a href="#[14]">&gt;&gt;</a>&nbsp;&nbsp;&nbsp;CFAL96x64x16Init
</UL>
<BR>[Address Reference Count : 1]<UL><LI> entry9a.o(.ARM.Collect$$$$0000000B)
</UL><P>
<H3>
Local Symbols
</H3>
<P><STRONG><a name="[c]"></a>CFAL96x64x16ColorTranslate</STRONG> (Thumb, 22 bytes, Stack size 0 bytes, cfal96x64x16.o(i.CFAL96x64x16ColorTranslate))
<BR>[Address Reference Count : 1]<UL><LI> cfal96x64x16.o(.constdata)
</UL>
<P><STRONG><a name="[d]"></a>CFAL96x64x16Flush</STRONG> (Thumb, 2 bytes, Stack size 0 bytes, cfal96x64x16.o(i.CFAL96x64x16Flush))
<BR>[Address Reference Count : 1]<UL><LI> cfal96x64x16.o(.constdata)
</UL>
<P><STRONG><a name="[9]"></a>CFAL96x64x16LineDrawH</STRONG> (Thumb, 120 bytes, Stack size 32 bytes, cfal96x64x16.o(i.CFAL96x64x16LineDrawH))
<BR><BR>[Stack]<UL><LI>Max Depth = 56<LI>Call Chain = CFAL96x64x16LineDrawH &rArr; CFAL96x64x16WriteData
</UL>
<BR>[Calls]<UL><LI><a href="#[16]">&gt;&gt;</a>&nbsp;&nbsp;&nbsp;CFAL96x64x16WriteData
<LI><a href="#[15]">&gt;&gt;</a>&nbsp;&nbsp;&nbsp;CFAL96x64x16WriteCommand
</UL>
<BR>[Called By]<UL><LI><a href="#[b]">&gt;&gt;</a>&nbsp;&nbsp;&nbsp;CFAL96x64x16RectFill
</UL>
<BR>[Address Reference Count : 1]<UL><LI> cfal96x64x16.o(.constdata)
</UL>
<P><STRONG><a name="[a]"></a>CFAL96x64x16LineDrawV</STRONG> (Thumb, 154 bytes, Stack size 40 bytes, cfal96x64x16.o(i.CFAL96x64x16LineDrawV))
<BR><BR>[Stack]<UL><LI>Max Depth = 64<LI>Call Chain = CFAL96x64x16LineDrawV &rArr; CFAL96x64x16WriteData
</UL>
<BR>[Calls]<UL><LI><a href="#[16]">&gt;&gt;</a>&nbsp;&nbsp;&nbsp;CFAL96x64x16WriteData
<LI><a href="#[15]">&gt;&gt;</a>&nbsp;&nbsp;&nbsp;CFAL96x64x16WriteCommand
</UL>
<BR>[Address Reference Count : 1]<UL><LI> cfal96x64x16.o(.constdata)
</UL>
<P><STRONG><a name="[7]"></a>CFAL96x64x16PixelDraw</STRONG> (Thumb, 52 bytes, Stack size 32 bytes, cfal96x64x16.o(i.CFAL96x64x16PixelDraw))
<BR><BR>[Stack]<UL><LI>Max Depth = 56<LI>Call Chain = CFAL96x64x16PixelDraw &rArr; CFAL96x64x16WriteData
</UL>
<BR>[Calls]<UL><LI><a href="#[16]">&gt;&gt;</a>&nbsp;&nbsp;&nbsp;CFAL96x64x16WriteData
<LI><a href="#[15]">&gt;&gt;</a>&nbsp;&nbsp;&nbsp;CFAL96x64x16WriteCommand
</UL>
<BR>[Address Reference Count : 1]<UL><LI> cfal96x64x16.o(.constdata)
</UL>
<P><STRONG><a name="[8]"></a>CFAL96x64x16PixelDrawMultiple</STRONG> (Thumb, 284 bytes, Stack size 40 bytes, cfal96x64x16.o(i.CFAL96x64x16PixelDrawMultiple))
<BR><BR>[Stack]<UL><LI>Max Depth = 64<LI>Call Chain = CFAL96x64x16PixelDrawMultiple &rArr; CFAL96x64x16WriteData
</UL>
<BR>[Calls]<UL><LI><a href="#[16]">&gt;&gt;</a>&nbsp;&nbsp;&nbsp;CFAL96x64x16WriteData
<LI><a href="#[15]">&gt;&gt;</a>&nbsp;&nbsp;&nbsp;CFAL96x64x16WriteCommand
</UL>
<BR>[Address Reference Count : 1]<UL><LI> cfal96x64x16.o(.constdata)
</UL>
<P><STRONG><a name="[b]"></a>CFAL96x64x16RectFill</STRONG> (Thumb, 42 bytes, Stack size 24 bytes, cfal96x64x16.o(i.CFAL96x64x16RectFill))
<BR><BR>[Stack]<UL><LI>Max Depth = 80<LI>Call Chain = CFAL96x64x16RectFill &rArr; CFAL96x64x16LineDrawH &rArr; CFAL96x64x16WriteData
</UL>
<BR>[Calls]<UL><LI><a href="#[9]">&gt;&gt;</a>&nbsp;&nbsp;&nbsp;CFAL96x64x16LineDrawH
</UL>
<BR>[Called By]<UL><LI><a href="#[14]">&gt;&gt;</a>&nbsp;&nbsp;&nbsp;CFAL96x64x16Init
</UL>
<BR>[Address Reference Count : 1]<UL><LI> cfal96x64x16.o(.constdata)
</UL>
<P><STRONG><a name="[15]"></a>CFAL96x64x16WriteCommand</STRONG> (Thumb, 60 bytes, Stack size 24 bytes, cfal96x64x16.o(i.CFAL96x64x16WriteCommand))
<BR><BR>[Stack]<UL><LI>Max Depth = 24<LI>Call Chain = CFAL96x64x16WriteCommand
</UL>
<BR>[Called By]<UL><LI><a href="#[14]">&gt;&gt;</a>&nbsp;&nbsp;&nbsp;CFAL96x64x16Init
<LI><a href="#[8]">&gt;&gt;</a>&nbsp;&nbsp;&nbsp;CFAL96x64x16PixelDrawMultiple
<LI><a href="#[7]">&gt;&gt;</a>&nbsp;&nbsp;&nbsp;CFAL96x64x16PixelDraw
<LI><a href="#[a]">&gt;&gt;</a>&nbsp;&nbsp;&nbsp;CFAL96x64x16LineDrawV
<LI><a href="#[9]">&gt;&gt;</a>&nbsp;&nbsp;&nbsp;CFAL96x64x16LineDrawH
</UL>

<P><STRONG><a name="[16]"></a>CFAL96x64x16WriteData</STRONG> (Thumb, 60 bytes, Stack size 24 bytes, cfal96x64x16.o(i.CFAL96x64x16WriteData))
<BR><BR>[Stack]<UL><LI>Max Depth = 24<LI>Call Chain = CFAL96x64x16WriteData
</UL>
<BR>[Called By]<UL><LI><a href="#[8]">&gt;&gt;</a>&nbsp;&nbsp;&nbsp;CFAL96x64x16PixelDrawMultiple
<LI><a href="#[7]">&gt;&gt;</a>&nbsp;&nbsp;&nbsp;CFAL96x64x16PixelDraw
<LI><a href="#[a]">&gt;&gt;</a>&nbsp;&nbsp;&nbsp;CFAL96x64x16LineDrawV
<LI><a href="#[9]">&gt;&gt;</a>&nbsp;&nbsp;&nbsp;CFAL96x64x16LineDrawH
</UL>

<P><STRONG><a name="[1]"></a>NmiSR</STRONG> (Thumb, 0 bytes, Stack size unknown bytes, startup_rvmdk.o(RESET))
<BR><BR>[Calls]<UL><LI><a href="#[1]">&gt;&gt;</a>&nbsp;&nbsp;&nbsp;NmiSR
</UL>
<BR>[Called By]<UL><LI><a href="#[1]">&gt;&gt;</a>&nbsp;&nbsp;&nbsp;NmiSR
</UL>
<BR>[Address Reference Count : 1]<UL><LI> startup_rvmdk.o(RESET)
</UL>
<P><STRONG><a name="[2]"></a>FaultISR</STRONG> (Thumb, 0 bytes, Stack size unknown bytes, startup_rvmdk.o(RESET))
<BR><BR>[Calls]<UL><LI><a href="#[2]">&gt;&gt;</a>&nbsp;&nbsp;&nbsp;FaultISR
</UL>
<BR>[Called By]<UL><LI><a href="#[2]">&gt;&gt;</a>&nbsp;&nbsp;&nbsp;FaultISR
</UL>
<BR>[Address Reference Count : 1]<UL><LI> startup_rvmdk.o(RESET)
</UL>
<P><STRONG><a name="[3]"></a>IntDefaultHandler</STRONG> (Thumb, 0 bytes, Stack size unknown bytes, startup_rvmdk.o(RESET))
<BR><BR>[Calls]<UL><LI><a href="#[3]">&gt;&gt;</a>&nbsp;&nbsp;&nbsp;IntDefaultHandler
</UL>
<BR>[Called By]<UL><LI><a href="#[3]">&gt;&gt;</a>&nbsp;&nbsp;&nbsp;IntDefaultHandler
</UL>
<BR>[Address Reference Count : 1]<UL><LI> startup_rvmdk.o(RESET)
</UL>
<P><STRONG><a name="[18]"></a>UpdateContextCharMapping</STRONG> (Thumb, 108 bytes, Stack size 16 bytes, string.o(i.UpdateContextCharMapping))
<BR><BR>[Stack]<UL><LI>Max Depth = 16<LI>Call Chain = UpdateContextCharMapping
</UL>
<BR>[Called By]<UL><LI><a href="#[17]">&gt;&gt;</a>&nbsp;&nbsp;&nbsp;GrContextFontSet
</UL>
<P>
<H3>
Undefined Global Symbols
</H3><HR></body></html>
