Component: ARM Compiler 5.05 (build 41) Tool: armlink [4d0eb9]

==============================================================================

Section Cross References

    main.o(.text) refers to uart.o(.text) for UARTIntStatus
    main.o(.text) refers to main.o(.data) for ui32Status
    main.o(.text) refers to main.o(.bss) for xCommands
    main.o(.text) refers to sysctl.o(.text) for SysCtlClockSet
    main.o(.text) refers to gpio.o(.text) for GPIOPinConfigure
    main.o(.text) refers to pwm.o(.text) for PWMGenConfigure
    main.o(.text) refers to interrupt.o(i.IntMasterEnable) for IntMasterEnable
    main.o(.text) refers to interrupt.o(i.IntEnable) for IntEnable
    main.o(.text) refers to qei.o(.text) for QEIDisable
    main.o(.text) refers to dflt_clz.o(x$fpl$dfltu) for __aeabi_ui2d
    main.o(.text) refers to ddiv.o(x$fpl$ddiv) for __aeabi_ddiv
    main.o(.text) refers to dfix.o(x$fpl$dfix) for __aeabi_d2iz
    main.o(.text) refers to sysctl.o(.emb_text) for SysCtlDelay
    main.o(.text) refers to dflt_clz.o(x$fpl$dflt) for __aeabi_i2d
    main.o(.text) refers to dmul.o(x$fpl$dmul) for __aeabi_dmul
    main.o(.text) refers to fpu.o(.text) for FPUEnable
    pwm.o(.text) refers to interrupt.o(i.IntRegister) for IntRegister
    pwm.o(.text) refers to interrupt.o(i.IntEnable) for IntEnable
    pwm.o(.text) refers to interrupt.o(i.IntDisable) for IntDisable
    pwm.o(.text) refers to interrupt.o(i.IntUnregister) for IntUnregister
    sysctl.o(.text) refers to interrupt.o(i.IntRegister) for IntRegister
    sysctl.o(.text) refers to interrupt.o(i.IntEnable) for IntEnable
    sysctl.o(.text) refers to interrupt.o(i.IntDisable) for IntDisable
    sysctl.o(.text) refers to interrupt.o(i.IntUnregister) for IntUnregister
    sysctl.o(.text) refers to sysctl.o(.constdata) for g_sXTALtoMEMTIM
    sysctl.o(.text) refers to cpu.o(.emb_text) for CPUwfi
    sysctl.o(.text) refers to sysctl.o(.emb_text) for SysCtlDelay
    uart.o(.text) refers to interrupt.o(i.IntRegister) for IntRegister
    uart.o(.text) refers to interrupt.o(i.IntEnable) for IntEnable
    uart.o(.text) refers to interrupt.o(i.IntDisable) for IntDisable
    uart.o(.text) refers to interrupt.o(i.IntUnregister) for IntUnregister
    uart.o(.text) refers to uart.o(.constdata) for g_ppui32UARTIntMap
    gpio.o(.text) refers to interrupt.o(i.IntRegister) for IntRegister
    gpio.o(.text) refers to interrupt.o(i.IntEnable) for IntEnable
    gpio.o(.text) refers to interrupt.o(i.IntDisable) for IntDisable
    gpio.o(.text) refers to interrupt.o(i.IntUnregister) for IntUnregister
    gpio.o(.text) refers to gpio.o(.constdata) for g_ppui32GPIOIntMapBlizzard
    qei.o(.text) refers to interrupt.o(i.IntRegister) for IntRegister
    qei.o(.text) refers to interrupt.o(i.IntEnable) for IntEnable
    qei.o(.text) refers to interrupt.o(i.IntDisable) for IntDisable
    qei.o(.text) refers to interrupt.o(i.IntUnregister) for IntUnregister
    startup_tm4c123.o(STACK) refers (Special) to heapauxi.o(.text) for __use_two_region_memory
    startup_tm4c123.o(HEAP) refers (Special) to heapauxi.o(.text) for __use_two_region_memory
    startup_tm4c123.o(RESET) refers (Special) to heapauxi.o(.text) for __use_two_region_memory
    startup_tm4c123.o(RESET) refers to startup_tm4c123.o(STACK) for __initial_sp
    startup_tm4c123.o(RESET) refers to startup_tm4c123.o(.text) for Reset_Handler
    startup_tm4c123.o(RESET) refers to main.o(.text) for UART1_Handler
    startup_tm4c123.o(.text) refers (Special) to heapauxi.o(.text) for __use_two_region_memory
    startup_tm4c123.o(.text) refers to system_tm4c123.o(.text) for SystemInit
    startup_tm4c123.o(.text) refers to __main.o(!!!main) for __main
    startup_tm4c123.o(.text) refers to startup_tm4c123.o(HEAP) for Heap_Mem
    startup_tm4c123.o(.text) refers to startup_tm4c123.o(STACK) for Stack_Mem
    system_tm4c123.o(.text) refers to system_tm4c123.o(.data) for SystemCoreClock
    interrupt.o(i.IntDisable) refers to interrupt.o(.constdata) for .constdata
    interrupt.o(i.IntEnable) refers to interrupt.o(.constdata) for .constdata
    interrupt.o(i.IntIsEnabled) refers to interrupt.o(.constdata) for .constdata
    interrupt.o(i.IntMasterDisable) refers to cpu.o(.emb_text) for CPUcpsid
    interrupt.o(i.IntMasterEnable) refers to cpu.o(.emb_text) for CPUcpsie
    interrupt.o(i.IntPendClear) refers to interrupt.o(.constdata) for .constdata
    interrupt.o(i.IntPendSet) refers to interrupt.o(.constdata) for .constdata
    interrupt.o(i.IntPriorityGet) refers to interrupt.o(.constdata) for .constdata
    interrupt.o(i.IntPriorityGroupingGet) refers to interrupt.o(.constdata) for .constdata
    interrupt.o(i.IntPriorityGroupingSet) refers to interrupt.o(.constdata) for .constdata
    interrupt.o(i.IntPriorityMaskGet) refers to cpu.o(.emb_text) for CPUbasepriGet
    interrupt.o(i.IntPriorityMaskSet) refers to cpu.o(.emb_text) for CPUbasepriSet
    interrupt.o(i.IntPrioritySet) refers to interrupt.o(.constdata) for .constdata
[...]
    libinit.o(.ARM.Collect$$libinit$$00000000) refers (Special) to libinit2.o(.ARM.Collect$$libinit$$00000030) for __rt_lib_init_exceptions_1
    libinit.o(.ARM.Collect$$libinit$$00000000) refers (Special) to libinit2.o(.ARM.Collect$$libinit$$00000001) for __rt_lib_init_fp_1
    libinit.o(.ARM.Collect$$libinit$$00000000) refers (Special) to libinit2.o(.ARM.Collect$$libinit$$0000001F) for __rt_lib_init_fp_trap_1
    libinit.o(.ARM.Collect$$libinit$$00000000) refers (Special) to libinit2.o(.ARM.Collect$$libinit$$00000023) for __rt_lib_init_getenv_1
    libinit.o(.ARM.Collect$$libinit$$00000000) refers (Special) to libinit2.o(.ARM.Collect$$libinit$$0000000A) for __rt_lib_init_heap_1
    libinit.o(.ARM.Collect$$libinit$$00000000) refers (Special) to libinit2.o(.ARM.Collect$$libinit$$00000011) for __rt_lib_init_lc_collate_1
    libinit.o(.ARM.Collect$$libinit$$00000000) refers (Special) to libinit2.o(.ARM.Collect$$libinit$$00000013) for __rt_lib_init_lc_ctype_1
    libinit.o(.ARM.Collect$$libinit$$00000000) refers (Special) to libinit2.o(.ARM.Collect$$libinit$$00000015) for __rt_lib_init_lc_monetary_1
    libinit.o(.ARM.Collect$$libinit$$00000000) refers (Special) to libinit2.o(.ARM.Collect$$libinit$$00000017) for __rt_lib_init_lc_numeric_1
    libinit.o(.ARM.Collect$$libinit$$00000000) refers (Special) to libinit2.o(.ARM.Collect$$libinit$$00000019) for __rt_lib_init_lc_time_1
    libinit.o(.ARM.Collect$$libinit$$00000000) refers (Special) to libinit2.o(.ARM.Collect$$libinit$$00000004) for __rt_lib_init_preinit_1
    libinit.o(.ARM.Collect$$libinit$$00000000) refers (Special) to libinit2.o(.ARM.Collect$$libinit$$0000000E) for __rt_lib_init_rand_1
    libinit.o(.ARM.Collect$$libinit$$00000000) refers (Special) to libinit2.o(.ARM.Collect$$libinit$$00000033) for __rt_lib_init_return
    libinit.o(.ARM.Collect$$libinit$$00000000) refers (Special) to libinit2.o(.ARM.Collect$$libinit$$0000001D) for __rt_lib_init_signal_1
    libinit.o(.ARM.Collect$$libinit$$00000000) refers (Special) to libinit2.o(.ARM.Collect$$libinit$$00000025) for __rt_lib_init_stdio_1
    libinit.o(.ARM.Collect$$libinit$$00000000) refers (Special) to libinit2.o(.ARM.Collect$$libinit$$0000000C) for __rt_lib_init_user_alloc_1
    libspace.o(.text) refers to libspace.o(.bss) for __libspace_start
    rtexit.o(.ARM.Collect$$rtexit$$00000000) refers (Special) to rtexit2.o(.ARM.Collect$$rtexit$$00000004) for __rt_exit_exit
    rtexit.o(.ARM.Collect$$rtexit$$00000000) refers (Special) to rtexit2.o(.ARM.Collect$$rtexit$$00000003) for __rt_exit_ls
    rtexit.o(.ARM.Collect$$rtexit$$00000000) refers (Special) to rtexit2.o(.ARM.Collect$$rtexit$$00000002) for __rt_exit_prels_1
    rtexit.o(.ARM.exidx) refers (Special) to rtexit2.o(.ARM.Collect$$rtexit$$00000004) for __rt_exit_exit
    rtexit.o(.ARM.exidx) refers (Special) to rtexit2.o(.ARM.Collect$$rtexit$$00000003) for __rt_exit_ls
    rtexit.o(.ARM.exidx) refers (Special) to rtexit2.o(.ARM.Collect$$rtexit$$00000002) for __rt_exit_prels_1
    rtexit.o(.ARM.exidx) refers to rtexit.o(.ARM.Collect$$rtexit$$00000000) for .ARM.Collect$$rtexit$$00000000
    libinit2.o(.ARM.Collect$$libinit$$00000001) refers to fpinit.o(x$fpl$fpinit) for _fp_init
    libinit2.o(.ARM.Collect$$libinit$$00000010) refers to libinit2.o(.ARM.Collect$$libinit$$0000000F) for .ARM.Collect$$libinit$$0000000F
    libinit2.o(.ARM.Collect$$libinit$$00000012) refers to libinit2.o(.ARM.Collect$$libinit$$0000000F) for .ARM.Collect$$libinit$$0000000F
    libinit2.o(.ARM.Collect$$libinit$$00000014) refers to libinit2.o(.ARM.Collect$$libinit$$0000000F) for .ARM.Collect$$libinit$$0000000F
    libinit2.o(.ARM.Collect$$libinit$$00000016) refers to libinit2.o(.ARM.Collect$$libinit$$0000000F) for .ARM.Collect$$libinit$$0000000F
    libinit2.o(.ARM.Collect$$libinit$$00000018) refers to libinit2.o(.ARM.Collect$$libinit$$0000000F) for .ARM.Collect$$libinit$$0000000F
    libinit2.o(.ARM.Collect$$libinit$$00000026) refers to argv_veneer.o(.emb_text) for __ARM_argv_veneer
    libinit2.o(.ARM.Collect$$libinit$$00000027) refers to argv_veneer.o(.emb_text) for __ARM_argv_veneer
    rtexit2.o(.ARM.Collect$$rtexit$$00000003) refers to libshutdown.o(.ARM.Collect$$libshutdown$$00000000) for __rt_lib_shutdown
    rtexit2.o(.ARM.Collect$$rtexit$$00000004) refers to sys_exit.o(.text) for _sys_exit
    rtexit2.o(.ARM.exidx) refers to rtexit2.o(.ARM.Collect$$rtexit$$00000001) for .ARM.Collect$$rtexit$$00000001
    rtexit2.o(.ARM.exidx) refers to rtexit2.o(.ARM.Collect$$rtexit$$00000003) for .ARM.Collect$$rtexit$$00000003
    rtexit2.o(.ARM.exidx) refers to rtexit2.o(.ARM.Collect$$rtexit$$00000004) for .ARM.Collect$$rtexit$$00000004
    argv_veneer.o(.emb_text) refers to no_argv.o(.text) for __ARM_get_argv
    sys_exit.o(.text) refers (Special) to use_no_semi.o(.text) for __I$use$semihosting
    sys_exit.o(.text) refers (Special) to indicate_semi.o(.text) for __semihosting_library_function
    _get_argv_nomalloc.o(.text) refers (Special) to hrguard.o(.text) for __heap_region$guard
    _get_argv_nomalloc.o(.text) refers to defsig_rtmem_outer.o(.text) for __rt_SIGRTMEM
    _get_argv_nomalloc.o(.text) refers to sys_command.o(.text) for _sys_command_string
    libshutdown.o(.ARM.Collect$$libshutdown$$00000000) refers (Special) to libshutdown2.o(.ARM.Collect$$libshutdown$$00000006) for __rt_lib_shutdown_fp_trap_1
    libshutdown.o(.ARM.Collect$$libshutdown$$00000000) refers (Special) to libshutdown2.o(.ARM.Collect$$libshutdown$$0000000E) for __rt_lib_shutdown_heap_1
    libshutdown.o(.ARM.Collect$$libshutdown$$00000000) refers (Special) to libshutdown2.o(.ARM.Collect$$libshutdown$$0000000F) for __rt_lib_shutdown_return
    libshutdown.o(.ARM.Collect$$libshutdown$$00000000) refers (Special) to libshutdown2.o(.ARM.Collect$$libshutdown$$00000009) for __rt_lib_shutdown_signal_1
    libshutdown.o(.ARM.Collect$$libshutdown$$00000000) refers (Special) to libshutdown2.o(.ARM.Collect$$libshutdown$$00000003) for __rt_lib_shutdown_stdio_1
    libshutdown.o(.ARM.Collect$$libshutdown$$00000000) refers (Special) to libshutdown2.o(.ARM.Collect$$libshutdown$$0000000B) for __rt_lib_shutdown_user_alloc_1
    sys_command.o(.text) refers (Special) to use_no_semi.o(.text) for __I$use$semihosting
    sys_command.o(.text) refers (Special) to indicate_semi.o(.text) for __semihosting_library_function
    defsig_rtmem_outer.o(.text) refers to defsig_rtmem_inner.o(.text) for __rt_SIGRTMEM_inner
    defsig_rtmem_outer.o(.text) refers to defsig_exit.o(.text) for __sig_exit
    defsig_rtmem_formal.o(.text) refers to rt_raise.o(.text) for __rt_raise
    rt_raise.o(.text) refers to __raise.o(.text) for __raise
    rt_raise.o(.text) refers to sys_exit.o(.text) for _sys_exit
    defsig_exit.o(.text) refers to sys_exit.o(.text) for _sys_exit
    defsig_rtmem_inner.o(.text) refers to defsig_general.o(.text) for __default_signal_display
    __raise.o(.text) refers to defsig.o(CL$$defsig) for __default_signal_handler
    defsig_general.o(.text) refers to sys_wrch.o(.text) for _ttywrch
    sys_wrch.o(.text) refers (Special) to use_no_semi.o(.text) for __I$use$semihosting
    sys_wrch.o(.text) refers (Special) to indicate_semi.o(.text) for __semihosting_library_function
    defsig.o(CL$$defsig) refers to defsig_rtmem_inner.o(.text) for __rt_SIGRTMEM_inner
    defsig_abrt_inner.o(.text) refers to defsig_general.o(.text) for __default_signal_display
    defsig_fpe_inner.o(.text) refers to defsig_general.o(.text) for __default_signal_display
    defsig_rtred_inner.o(.text) refers to defsig_general.o(.text) for __default_signal_display
    defsig_stak_inner.o(.text) refers to defsig_general.o(.text) for __default_signal_display
    defsig_pvfn_inner.o(.text) refers to defsig_general.o(.text) for __default_signal_display
    defsig_cppl_inner.o(.text) refers to defsig_general.o(.text) for __default_signal_display
    defsig_segv_inner.o(.text) refers to defsig_general.o(.text) for __default_signal_display
    defsig_other.o(.text) refers to defsig_general.o(.text) for __default_signal_display


==============================================================================

Removing Unused input sections from the image.

    Removing system_tm4c123.o(.rev16_text), (4 bytes).
    Removing system_tm4c123.o(.revsh_text), (4 bytes).
    Removing system_tm4c123.o(.rrx_text), (6 bytes).
    Removing interrupt.o(i.IntIsEnabled), (96 bytes).
    Removing interrupt.o(i.IntMasterDisable), (14 bytes).
    Removing interrupt.o(i.IntPendClear), (68 bytes).
    Removing interrupt.o(i.IntPendSet), (84 bytes).
    Removing interrupt.o(i.IntPriorityGet), (28 bytes).
    Removing interrupt.o(i.IntPriorityGroupingGet), (36 bytes).
    Removing interrupt.o(i.IntPriorityGroupingSet), (28 bytes).
    Removing interrupt.o(i.IntPriorityMaskGet), (4 bytes).
    Removing interrupt.o(i.IntPriorityMaskSet), (4 bytes).
    Removing interrupt.o(i.IntPrioritySet), (40 bytes).
    Removing interrupt.o(i.IntTrigger), (12 bytes).

14 unused section(s) (total 428 bytes) removed from the image.

==============================================================================

Image Symbol Table

    Local Symbols

    Symbol Name                              Value     Ov Type        Size  Object(Section)

    RESET                                    0x00000000   Section      620  startup_tm4c123.o(RESET)
    ../clib/angel/boardlib.s                 0x00000000   Number         0  boardinit3.o ABSOLUTE
    ../clib/angel/boardlib.s                 0x00000000   Number         0  boardinit1.o ABSOLUTE
    ../clib/angel/boardlib.s                 0x00000000   Number         0  boardshut.o ABSOLUTE
    ../clib/angel/boardlib.s                 0x00000000   Number         0  boardinit2.o ABSOLUTE
    ../clib/angel/dczerorl.s                 0x00000000   Number         0  __dczerorl.o ABSOLUTE
    ../clib/angel/handlers.s                 0x00000000   Number         0  __scatter_zi.o ABSOLUTE
    ../clib/angel/kernel.s                   0x00000000   Number         0  __rtentry2.o ABSOLUTE
    ../clib/angel/kernel.s                   0x00000000   Number         0  __rtentry.o ABSOLUTE
    ../clib/angel/kernel.s                   0x00000000   Number         0  __rtentry4.o ABSOLUTE
    ../clib/angel/kernel.s                   0x00000000   Number         0  rtexit.o ABSOLUTE
    ../clib/angel/kernel.s                   0x00000000   Number         0  rtexit2.o ABSOLUTE
    ../clib/angel/rt.s                       0x00000000   Number         0  rt_raise.o ABSOLUTE
    ../clib/angel/scatter.s                  0x00000000   Number         0  __scatter.o ABSOLUTE
    ../clib/angel/startup.s                  0x00000000   Number         0  __main.o ABSOLUTE
    ../clib/angel/sys.s                      0x00000000   Number         0  sys_stackheap_outer.o ABSOLUTE
    ../clib/angel/sys.s                      0x00000000   Number         0  use_no_semi.o ABSOLUTE
    ../clib/angel/sys.s                      0x00000000   Number         0  indicate_semi.o ABSOLUTE
    ../clib/angel/sys.s                      0x00000000   Number         0  libspace.o ABSOLUTE
    ../clib/angel/sysapp.c                   0x00000000   Number         0  sys_exit.o ABSOLUTE
    ../clib/angel/sysapp.c                   0x00000000   Number         0  sys_wrch.o ABSOLUTE
    ../clib/angel/sysapp.c                   0x00000000   Number         0  sys_command.o ABSOLUTE
    ../clib/armsys.c                         0x00000000   Number         0  _get_argv_nomalloc.o ABSOLUTE
    ../clib/armsys.c                         0x00000000   Number         0  argv_veneer.o ABSOLUTE
    ../clib/armsys.c                         0x00000000   Number         0  no_argv.o ABSOLUTE
    ../clib/armsys.c                         0x00000000   Number         0  argv_veneer.o ABSOLUTE
    ../clib/heapalloc.c                      0x00000000   Number         0  hrguard.o ABSOLUTE
    ../clib/heapaux.c                        0x00000000   Number         0  heapauxi.o ABSOLUTE
    ../clib/libinit.s                        0x00000000   Number         0  libshutdown2.o ABSOLUTE
    ../clib/libinit.s                        0x00000000   Number         0  libinit2.o ABSOLUTE
    ../clib/libinit.s                        0x00000000   Number         0  libshutdown.o ABSOLUTE
    ../clib/libinit.s                        0x00000000   Number         0  libinit.o ABSOLUTE
    ../clib/signal.c                         0x00000000   Number         0  defsig_rtmem_formal.o ABSOLUTE
    ../clib/signal.c                         0x00000000   Number         0  defsig_exit.o ABSOLUTE
    ../clib/signal.c                         0x00000000   Number         0  defsig_rtmem_inner.o ABSOLUTE
    ../clib/signal.c                         0x00000000   Number         0  __raise.o ABSOLUTE
    ../clib/signal.c                         0x00000000   Number         0  defsig_general.o ABSOLUTE
    ../clib/signal.c                         0x00000000   Number         0  defsig_rtmem_outer.o ABSOLUTE
    ../clib/signal.c                         0x00000000   Number         0  defsig_abrt_inner.o ABSOLUTE
    ../clib/signal.c                         0x00000000   Number         0  defsig_fpe_inner.o ABSOLUTE
    ../clib/signal.c                         0x00000000   Number         0  defsig_rtred_inner.o ABSOLUTE
    ../clib/signal.c                         0x00000000   Number         0  defsig_pvfn_inner.o ABSOLUTE
    ../clib/signal.c                         0x00000000   Number         0  defsig_cppl_inner.o ABSOLUTE
    ../clib/signal.c                         0x00000000   Number         0  defsig_segv_inner.o ABSOLUTE
    ../clib/signal.c                         0x00000000   Number         0  defsig_other.o ABSOLUTE
    ../clib/signal.c                         0x00000000   Number         0  defsig_stak_inner.o ABSOLUTE
    ../clib/signal.s                         0x00000000   Number         0  defsig.o ABSOLUTE
    ../clib/stdlib.c                         0x00000000   Number         0  exit.o ABSOLUTE
    ../fplib/ddiv.s                          0x00000000   Number         0  ddiv.o ABSOLUTE
    ../fplib/dfix.s                          0x00000000   Number         0  dfix.o ABSOLUTE
    ../fplib/dflt.s                          0x00000000   Number         0  dflt_clz.o ABSOLUTE
    ../fplib/dmul.s                          0x00000000   Number         0  dmul.o ABSOLUTE
    ../fplib/dnaninf.s                       0x00000000   Number         0  dnaninf.o ABSOLUTE
    ../fplib/dretinf.s                       0x00000000   Number         0  dretinf.o ABSOLUTE
    ../fplib/fpinit.s                        0x00000000   Number         0  fpinit.o ABSOLUTE
    ../fplib/usenofp.s                       0x00000000   Number         0  usenofp.o ABSOLUTE
    RTE\Device\TM4C123GH6PM\startup_TM4C123.s 0x00000000   Number         0  startup_tm4c123.o ABSOLUTE
    RTE\Device\TM4C123GH6PM\system_TM4C123.c 0x00000000   Number         0  system_tm4c123.o ABSOLUTE
    RTE\\Device\\TM4C123GH6PM\\system_TM4C123.c 0x00000000   Number         0  system_tm4c123.o ABSOLUTE
    cpu.c                                    0x00000000   Number         0  cpu.o ABSOLUTE
    cpu.c                                    0x00000000   Number         0  cpu.o ABSOLUTE
    dc.s                                     0x00000000   Number         0  dc.o ABSOLUTE
    driverlib\\sysctl.c                      0x00000000   Number         0  sysctl.o ABSOLUTE
    driverlib\fpu.c                          0x00000000   Number         0  fpu.o ABSOLUTE
    driverlib\gpio.c                         0x00000000   Number         0  gpio.o ABSOLUTE
    driverlib\pwm.c                          0x00000000   Number         0  pwm.o ABSOLUTE
    driverlib\qei.c                          0x00000000   Number         0  qei.o ABSOLUTE
    driverlib\sysctl.c                       0x00000000   Number         0  sysctl.o ABSOLUTE
    driverlib\uart.c                         0x00000000   Number         0  uart.o ABSOLUTE
    interrupt.c                              0x00000000   Number         0  interrupt.o ABSOLUTE
    main.c                                   0x00000000   Number         0  main.o ABSOLUTE
    !!!main                                  0x0000026c   Section        8  __main.o(!!!main)
    !!!scatter                               0x00000274   Section       52  __scatter.o(!!!scatter)
    !!dczerorl                               0x000002a8   Section       58  __dczerorl.o(!!dczerorl)
    !!handler_zi                             0x000002e4   Section       28  __scatter_zi.o(!!handler_zi)
    .ARM.Collect$$libinit$$00000000          0x00000300   Section        2  libinit.o(.ARM.Collect$$libinit$$00000000)
    .ARM.Collect$$libinit$$00000001          0x00000302   Section        4  libinit2.o(.ARM.Collect$$libinit$$00000001)
    .ARM.Collect$$libinit$$00000004          0x00000306   Section        0  libinit2.o(.ARM.Collect$$libinit$$00000004)
    .ARM.Collect$$libinit$$0000000A          0x00000306   Section        0  libinit2.o(.ARM.Collect$$libinit$$0000000A)
    .ARM.Collect$$libinit$$0000000C          0x00000306   Section        0  libinit2.o(.ARM.Collect$$libinit$$0000000C)
    .ARM.Collect$$libinit$$0000000E          0x00000306   Section        0  libinit2.o(.ARM.Collect$$libinit$$0000000E)
    .ARM.Collect$$libinit$$00000011          0x00000306   Section        0  libinit2.o(.ARM.Collect$$libinit$$00000011)
    .ARM.Collect$$libinit$$00000013          0x00000306   Section        0  libinit2.o(.ARM.Collect$$libinit$$00000013)
    .ARM.Collect$$libinit$$00000015          0x00000306   Section        0  libinit2.o(.ARM.Collect$$libinit$$00000015)
    .ARM.Collect$$libinit$$00000017          0x00000306   Section        0  libinit2.o(.ARM.Collect$$libinit$$00000017)
    .ARM.Collect$$libinit$$00000019          0x00000306   Section        0  libinit2.o(.ARM.Collect$$libinit$$00000019)
    .ARM.Collect$$libinit$$0000001B          0x00000306   Section        0  libinit2.o(.ARM.Collect$$libinit$$0000001B)
    .ARM.Collect$$libinit$$0000001D          0x00000306   Section        0  libinit2.o(.ARM.Collect$$libinit$$0000001D)
    .ARM.Collect$$libinit$$0000001F          0x00000306   Section        0  libinit2.o(.ARM.Collect$$libinit$$0000001F)
    .ARM.Collect$$libinit$$00000021          0x00000306   Section        0  libinit2.o(.ARM.Collect$$libinit$$00000021)
    .ARM.Collect$$libinit$$00000023          0x00000306   Section        0  libinit2.o(.ARM.Collect$$libinit$$00000023)
    .ARM.Collect$$libinit$$00000025          0x00000306   Section        0  libinit2.o(.ARM.Collect$$libinit$$00000025)
    .ARM.Collect$$libinit$$0000002C          0x00000306   Section        0  libinit2.o(.ARM.Collect$$libinit$$0000002C)
    .ARM.Collect$$libinit$$0000002E          0x00000306   Section        0  libinit2.o(.ARM.Collect$$libinit$$0000002E)
    .ARM.Collect$$libinit$$00000030          0x00000306   Section        0  libinit2.o(.ARM.Collect$$libinit$$00000030)
    .ARM.Collect$$libinit$$00000032          0x00000306   Section        0  libinit2.o(.ARM.Collect$$libinit$$00000032)
    .ARM.Collect$$libinit$$00000033          0x00000306   Section        2  libinit2.o(.ARM.Collect$$libinit$$00000033)
    .ARM.Collect$$libshutdown$$00000000      0x00000308   Section        2  libshutdown.o(.ARM.Collect$$libshutdown$$00000000)
    .ARM.Collect$$libshutdown$$00000003      0x0000030a   Section        0  libshutdown2.o(.ARM.Collect$$libshutdown$$00000003)
    .ARM.Collect$$libshutdown$$00000006      0x0000030a   Section        0  libshutdown2.o(.ARM.Collect$$libshutdown$$00000006)
    .ARM.Collect$$libshutdown$$00000009      0x0000030a   Section        0  libshutdown2.o(.ARM.Collect$$libshutdown$$00000009)
    .ARM.Collect$$libshutdown$$0000000B      0x0000030a   Section        0  libshutdown2.o(.ARM.Collect$$libshutdown$$0000000B)
    .ARM.Collect$$libshutdown$$0000000E      0x0000030a   Section        0  libshutdown2.o(.ARM.Collect$$libshutdown$$0000000E)
    .ARM.Collect$$libshutdown$$0000000F      0x0000030a   Section        2  libshutdown2.o(.ARM.Collect$$libshutdown$$0000000F)
    .ARM.Collect$$rtentry$$00000000          0x0000030c   Section        0  __rtentry.o(.ARM.Collect$$rtentry$$00000000)
    .ARM.Collect$$rtentry$$00000002          0x0000030c   Section        0  __rtentry2.o(.ARM.Collect$$rtentry$$00000002)
    .ARM.Collect$$rtentry$$00000004          0x0000030c   Section        6  __rtentry4.o(.ARM.Collect$$rtentry$$00000004)
    .ARM.Collect$$rtentry$$00000009          0x00000312   Section        0  __rtentry2.o(.ARM.Collect$$rtentry$$00000009)
    .ARM.Collect$$rtentry$$0000000A          0x00000312   Section        4  __rtentry2.o(.ARM.Collect$$rtentry$$0000000A)
    .ARM.Collect$$rtentry$$0000000C          0x00000316   Section        0  __rtentry2.o(.ARM.Collect$$rtentry$$0000000C)
    .ARM.Collect$$rtentry$$0000000D          0x00000316   Section        8  __rtentry2.o(.ARM.Collect$$rtentry$$0000000D)
    .ARM.Collect$$rtexit$$00000000           0x0000031e   Section        2  rtexit.o(.ARM.Collect$$rtexit$$00000000)
    .ARM.Collect$$rtexit$$00000002           0x00000320   Section        0  rtexit2.o(.ARM.Collect$$rtexit$$00000002)
    .ARM.Collect$$rtexit$$00000003           0x00000320   Section        4  rtexit2.o(.ARM.Collect$$rtexit$$00000003)
    .ARM.Collect$$rtexit$$00000004           0x00000324   Section        6  rtexit2.o(.ARM.Collect$$rtexit$$00000004)
    .emb_text                                0x0000032c   Section        6  sysctl.o(.emb_text)
    $v0                                      0x0000032c   Number         0  sysctl.o(.emb_text)
    .emb_text                                0x00000334   Section       38  cpu.o(.emb_text)
    $v0                                      0x00000334   Number         0  cpu.o(.emb_text)
    .text                                    0x0000035c   Section        0  main.o(.text)
    .text                                    0x00001768   Section        0  pwm.o(.text)
    _PWMGenIntNumberGet                      0x0000189b   Thumb Code   248  pwm.o(.text)
    _PWMFaultIntNumberGet                    0x000019d7   Thumb Code    62  pwm.o(.text)
    .text                                    0x00001bc8   Section        0  sysctl.o(.text)
    _SysCtlMemTimingGet                      0x00001bc9   Thumb Code    36  sysctl.o(.text)
    _SysCtlFrequencyGet                      0x00001bed   Thumb Code    96  sysctl.o(.text)
    .text                                    0x0000271c   Section        0  uart.o(.text)
    _UARTIntNumberGet                        0x0000271d   Thumb Code    56  uart.o(.text)
    .text                                    0x00002a4c   Section        0  gpio.o(.text)
    _GPIOIntNumberGet                        0x00002a4d   Thumb Code    56  gpio.o(.text)
    .text                                    0x00003244   Section        0  qei.o(.text)
    _QEIIntNumberGet                         0x000032b9   Thumb Code    62  qei.o(.text)
    .text                                    0x00003364   Section        0  fpu.o(.text)
    .text                                    0x00003408   Section      276  startup_tm4c123.o(.text)
    $v0                                      0x00003408   Number         0  startup_tm4c123.o(.text)
    .text                                    0x0000351c   Section        0  system_tm4c123.o(.text)
    getOscClk                                0x0000351d   Thumb Code   182  system_tm4c123.o(.text)
    .text                                    0x0000376c   Section        0  heapauxi.o(.text)
    .text                                    0x00003772   Section       74  sys_stackheap_outer.o(.text)
    .text                                    0x000037bc   Section        0  exit.o(.text)
    .text                                    0x000037c8   Section        8  libspace.o(.text)
    .text                                    0x000037d0   Section        0  sys_exit.o(.text)
    .text                                    0x000037dc   Section        2  use_no_semi.o(.text)
    .text                                    0x000037de   Section        0  indicate_semi.o(.text)
    i.IntDisable                             0x000037e0   Section        0  interrupt.o(i.IntDisable)
    i.IntEnable                              0x00003844   Section        0  interrupt.o(i.IntEnable)
    i.IntMasterEnable                        0x000038a8   Section        0  interrupt.o(i.IntMasterEnable)
    i.IntRegister                            0x000038b8   Section        0  interrupt.o(i.IntRegister)
    i.IntUnregister                          0x000038ec   Section        0  interrupt.o(i.IntUnregister)
    i._IntDefaultHandler                     0x00003900   Section        0  interrupt.o(i._IntDefaultHandler)
    _IntDefaultHandler                       0x00003901   Thumb Code     2  interrupt.o(i._IntDefaultHandler)
    x$fpl$ddiv                               0x00003904   Section      688  ddiv.o(x$fpl$ddiv)
    $v0                                      0x00003904   Number         0  ddiv.o(x$fpl$ddiv)
    ddiv_entry                               0x0000390b   Thumb Code     0  ddiv.o(x$fpl$ddiv)
    x$fpl$dfix                               0x00003bb4   Section       94  dfix.o(x$fpl$dfix)
    $v0                                      0x00003bb4   Number         0  dfix.o(x$fpl$dfix)
    x$fpl$dflt                               0x00003c12   Section       46  dflt_clz.o(x$fpl$dflt)
    $v0                                      0x00003c12   Number         0  dflt_clz.o(x$fpl$dflt)
    x$fpl$dfltu                              0x00003c40   Section       38  dflt_clz.o(x$fpl$dfltu)
    $v0                                      0x00003c40   Number         0  dflt_clz.o(x$fpl$dfltu)
    x$fpl$dmul                               0x00003c68   Section      340  dmul.o(x$fpl$dmul)
    $v0                                      0x00003c68   Number         0  dmul.o(x$fpl$dmul)
    x$fpl$dnaninf                            0x00003dbc   Section      156  dnaninf.o(x$fpl$dnaninf)
    $v0                                      0x00003dbc   Number         0  dnaninf.o(x$fpl$dnaninf)
    x$fpl$dretinf                            0x00003e58   Section       12  dretinf.o(x$fpl$dretinf)
    $v0                                      0x00003e58   Number         0  dretinf.o(x$fpl$dretinf)
    x$fpl$fpinit                             0x00003e64   Section       10  fpinit.o(x$fpl$fpinit)
    $v0                                      0x00003e64   Number         0  fpinit.o(x$fpl$fpinit)
    x$fpl$usenofp                            0x00003e6e   Section        0  usenofp.o(x$fpl$usenofp)
    .constdata                               0x00003e70   Section      452  sysctl.o(.constdata)
    g_pui32Xtals                             0x00003e70   Data         108  sysctl.o(.constdata)
    g_pppui32XTALtoVCO                       0x00003edc   Data         288  sysctl.o(.constdata)
    g_sXTALtoMEMTIM                          0x00003ffc   Data          48  sysctl.o(.constdata)
    g_pui32VCOFrequencies                    0x0000402c   Data           8  sysctl.o(.constdata)
    .constdata                               0x00004034   Section      128  uart.o(.constdata)
    g_ppui32UARTIntMap                       0x00004034   Data          64  uart.o(.constdata)
    g_ppui32UARTIntMapSnowflake              0x00004074   Data          64  uart.o(.constdata)
    .constdata                               0x000040b4   Section      528  gpio.o(.constdata)
    g_ppui32GPIOIntMapBlizzard               0x000040b4   Data         192  gpio.o(.constdata)
    g_ppui32GPIOIntMapSnowflake              0x00004174   Data         192  gpio.o(.constdata)
    g_pui32GPIOBaseAddrs                     0x00004234   Data         144  gpio.o(.constdata)
    .constdata                               0x000042c4   Section      268  interrupt.o(.constdata)
    g_pui32Priority                          0x000042c4   Data          32  interrupt.o(.constdata)
    g_pui32Regs                              0x000042e4   Data         156  interrupt.o(.constdata)
    g_pui32EnRegs                            0x00004380   Data          20  interrupt.o(.constdata)
    g_pui32Dii16Regs                         0x00004394   Data          20  interrupt.o(.constdata)
    g_pui32PendRegs                          0x000043a8   Data          20  interrupt.o(.constdata)
    g_pui32UnpendRegs                        0x000043bc   Data          20  interrupt.o(.constdata)
    .data                                    0x20000000   Section      130  main.o(.data)
    .data                                    0x20000084   Section        4  system_tm4c123.o(.data)
    vtable                                   0x20000400   Section      620  interrupt.o(vtable)
    g_pfnRAMVectors                          0x20000400   Data         620  interrupt.o(vtable)
    .bss                                     0x2000066c   Section    25694  main.o(.bss)
    .bss                                     0x20006acc   Section       96  libspace.o(.bss)
    HEAP                                     0x20006b30   Section        0  startup_tm4c123.o(HEAP)
    STACK                                    0x20006b30   Section      512  startup_tm4c123.o(STACK)
    Heap_Mem                                 0x20006b30   Data           0  startup_tm4c123.o(HEAP)
    Stack_Mem                                0x20006b30   Data         512  startup_tm4c123.o(STACK)
    __initial_sp                             0x20006d30   Data           0  startup_tm4c123.o(STACK)

    Global Symbols

    Symbol Name                              Value     Ov Type        Size  Object(Section)

    BuildAttributes$$THM_ISAv4$E$P$D$K$B$S$7EM$VFPi3$EXTD16$VFPS$VFMA$PE$A:L22UL41UL21$X:L11$S22US41US21$IEEE1$IW$USESV6$~STKCKD$USESV7$~SHL$OTIME$ROPI$EBA8$UX$STANDARDLIB$REQ8$PRES8$EABIv2 0x00000000   Number         0  anon$$obj.o ABSOLUTE
    __ARM_use_no_argv                        0x00000000   Number         0  main.o ABSOLUTE
    __Vectors                                0x00000000   Data           4  startup_tm4c123.o(RESET)
    __ARM_exceptions_init                     - Undefined Weak Reference
    __alloca_initialize                       - Undefined Weak Reference
    __arm_preinit_                            - Undefined Weak Reference
    __cpp_initialize__aeabi_                  - Undefined Weak Reference
    __cxa_finalize                            - Undefined Weak Reference
    __rt_locale                               - Undefined Weak Reference
    __sigvec_lookup                           - Undefined Weak Reference
    _atexit_init                              - Undefined Weak Reference
    _call_atexit_fns                          - Undefined Weak Reference
    _clock_init                               - Undefined Weak Reference
    _fp_trap_init                             - Undefined Weak Reference
    _fp_trap_shutdown                         - Undefined Weak Reference
    _get_lc_collate                           - Undefined Weak Reference
    _get_lc_ctype                             - Undefined Weak Reference
    _get_lc_monetary                          - Undefined Weak Reference
    _get_lc_numeric                           - Undefined Weak Reference
    _get_lc_time                              - Undefined Weak Reference
    _getenv_init                              - Undefined Weak Reference
    _handle_redirection                       - Undefined Weak Reference
    _init_alloc                               - Undefined Weak Reference
    _init_user_alloc                          - Undefined Weak Reference
    _initio                                   - Undefined Weak Reference
    _rand_init                                - Undefined Weak Reference
    _signal_finish                            - Undefined Weak Reference
    _signal_init                              - Undefined Weak Reference
    _terminate_alloc                          - Undefined Weak Reference
    _terminate_user_alloc                     - Undefined Weak Reference
    _terminateio                              - Undefined Weak Reference
    __Vectors_End                            0x0000026c   Data           0  startup_tm4c123.o(RESET)
    __Vectors_Size                           0x0000026c   Number         0  startup_tm4c123.o ABSOLUTE
    __main                                   0x0000026d   Thumb Code     8  __main.o(!!!main)
    __scatterload                            0x00000275   Thumb Code     0  __scatter.o(!!!scatter)
    __scatterload_rt2                        0x00000275   Thumb Code    44  __scatter.o(!!!scatter)
    __scatterload_rt2_thumb_only             0x00000275   Thumb Code     0  __scatter.o(!!!scatter)
    __scatterload_null                       0x00000283   Thumb Code     0  __scatter.o(!!!scatter)
    __decompress                             0x000002a9   Thumb Code    58  __dczerorl.o(!!dczerorl)
    __decompress0                            0x000002a9   Thumb Code     0  __dczerorl.o(!!dczerorl)
    __scatterload_zeroinit                   0x000002e5   Thumb Code    28  __scatter_zi.o(!!handler_zi)
    __rt_lib_init                            0x00000301   Thumb Code     0  libinit.o(.ARM.Collect$$libinit$$00000000)
    __rt_lib_init_fp_1                       0x00000303   Thumb Code     0  libinit2.o(.ARM.Collect$$libinit$$00000001)
    __rt_lib_init_alloca_1                   0x00000307   Thumb Code     0  libinit2.o(.ARM.Collect$$libinit$$0000002E)
    __rt_lib_init_argv_1                     0x00000307   Thumb Code     0  libinit2.o(.ARM.Collect$$libinit$$0000002C)
    __rt_lib_init_atexit_1                   0x00000307   Thumb Code     0  libinit2.o(.ARM.Collect$$libinit$$0000001B)
    __rt_lib_init_clock_1                    0x00000307   Thumb Code     0  libinit2.o(.ARM.Collect$$libinit$$00000021)
    __rt_lib_init_cpp_1                      0x00000307   Thumb Code     0  libinit2.o(.ARM.Collect$$libinit$$00000032)
    __rt_lib_init_exceptions_1               0x00000307   Thumb Code     0  libinit2.o(.ARM.Collect$$libinit$$00000030)
    __rt_lib_init_fp_trap_1                  0x00000307   Thumb Code     0  libinit2.o(.ARM.Collect$$libinit$$0000001F)
    __rt_lib_init_getenv_1                   0x00000307   Thumb Code     0  libinit2.o(.ARM.Collect$$libinit$$00000023)
    __rt_lib_init_heap_1                     0x00000307   Thumb Code     0  libinit2.o(.ARM.Collect$$libinit$$0000000A)
    __rt_lib_init_lc_collate_1               0x00000307   Thumb Code     0  libinit2.o(.ARM.Collect$$libinit$$00000011)
    __rt_lib_init_lc_ctype_1                 0x00000307   Thumb Code     0  libinit2.o(.ARM.Collect$$libinit$$00000013)
    __rt_lib_init_lc_monetary_1              0x00000307   Thumb Code     0  libinit2.o(.ARM.Collect$$libinit$$00000015)
    __rt_lib_init_lc_numeric_1               0x00000307   Thumb Code     0  libinit2.o(.ARM.Collect$$libinit$$00000017)
    __rt_lib_init_lc_time_1                  0x00000307   Thumb Code     0  libinit2.o(.ARM.Collect$$libinit$$00000019)
    __rt_lib_init_preinit_1                  0x00000307   Thumb Code     0  libinit2.o(.ARM.Collect$$libinit$$00000004)
    __rt_lib_init_rand_1                     0x00000307   Thumb Code     0  libinit2.o(.ARM.Collect$$libinit$$0000000E)
    __rt_lib_init_return                     0x00000307   Thumb Code     0  libinit2.o(.ARM.Collect$$libinit$$00000033)
    __rt_lib_init_signal_1                   0x00000307   Thumb Code     0  libinit2.o(.ARM.Collect$$libinit$$0000001D)
    __rt_lib_init_stdio_1                    0x00000307   Thumb Code     0  libinit2.o(.ARM.Collect$$libinit$$00000025)
    __rt_lib_init_user_alloc_1               0x00000307   Thumb Code     0  libinit2.o(.ARM.Collect$$libinit$$0000000C)
    __rt_lib_shutdown                        0x00000309   Thumb Code     0  libshutdown.o(.ARM.Collect$$libshutdown$$00000000)
    __rt_lib_shutdown_fp_trap_1              0x0000030b   Thumb Code     0  libshutdown2.o(.ARM.Collect$$libshutdown$$00000006)
    __rt_lib_shutdown_heap_1                 0x0000030b   Thumb Code     0  libshutdown2.o(.ARM.Collect$$libshutdown$$0000000E)
    __rt_lib_shutdown_return                 0x0000030b   Thumb Code     0  libshutdown2.o(.ARM.Collect$$libshutdown$$0000000F)
    __rt_lib_shutdown_signal_1               0x0000030b   Thumb Code     0  libshutdown2.o(.ARM.Collect$$libshutdown$$00000009)
    __rt_lib_shutdown_stdio_1                0x0000030b   Thumb Code     0  libshutdown2.o(.ARM.Collect$$libshutdown$$00000003)
    __rt_lib_shutdown_user_alloc_1           0x0000030b   Thumb Code     0  libshutdown2.o(.ARM.Collect$$libshutdown$$0000000B)
    __rt_entry                               0x0000030d   Thumb Code     0  __rtentry.o(.ARM.Collect$$rtentry$$00000000)
    __rt_entry_presh_1                       0x0000030d   Thumb Code     0  __rtentry2.o(.ARM.Collect$$rtentry$$00000002)
    __rt_entry_sh                            0x0000030d   Thumb Code     0  __rtentry4.o(.ARM.Collect$$rtentry$$00000004)
    __rt_entry_li                            0x00000313   Thumb Code     0  __rtentry2.o(.ARM.Collect$$rtentry$$0000000A)
    __rt_entry_postsh_1                      0x00000313   Thumb Code     0  __rtentry2.o(.ARM.Collect$$rtentry$$00000009)
    __rt_entry_main                          0x00000317   Thumb Code     0  __rtentry2.o(.ARM.Collect$$rtentry$$0000000D)
    __rt_entry_postli_1                      0x00000317   Thumb Code     0  __rtentry2.o(.ARM.Collect$$rtentry$$0000000C)
    __rt_exit                                0x0000031f   Thumb Code     0  rtexit.o(.ARM.Collect$$rtexit$$00000000)
    __rt_exit_ls                             0x00000321   Thumb Code     0  rtexit2.o(.ARM.Collect$$rtexit$$00000003)
    __rt_exit_prels_1                        0x00000321   Thumb Code     0  rtexit2.o(.ARM.Collect$$rtexit$$00000002)
    __rt_exit_exit                           0x00000325   Thumb Code     0  rtexit2.o(.ARM.Collect$$rtexit$$00000004)
    SysCtlDelay                              0x0000032d   Thumb Code     6  sysctl.o(.emb_text)
    CPUcpsid                                 0x00000335   Thumb Code     8  cpu.o(.emb_text)
    CPUprimask                               0x0000033d   Thumb Code     6  cpu.o(.emb_text)
    CPUcpsie                                 0x00000343   Thumb Code     8  cpu.o(.emb_text)
    CPUwfi                                   0x0000034b   Thumb Code     4  cpu.o(.emb_text)
    CPUbasepriSet                            0x0000034f   Thumb Code     6  cpu.o(.emb_text)
    CPUbasepriGet                            0x00000355   Thumb Code     6  cpu.o(.emb_text)
    UART1_Handler                            0x0000035d   Thumb Code  1516  main.o(.text)
    Sys_Clock_Set                            0x00000949   Thumb Code    30  main.o(.text)
    PWM_Setup                                0x00000967   Thumb Code    86  main.o(.text)
    UART1_Setup                              0x000009bd   Thumb Code   174  main.o(.text)
    QEI_Setup                                0x00000a6b   Thumb Code   146  main.o(.text)
    GPIO_Setup                               0x00000afd   Thumb Code    60  main.o(.text)
    dwell                                    0x00000b39   Thumb Code    58  main.o(.text)
    step                                     0x00000b73   Thumb Code   926  main.o(.text)
    burn                                     0x00000f11   Thumb Code    58  main.o(.text)
    laserKeyToggle                           0x00000f4b   Thumb Code    20  main.o(.text)
    engrave                                  0x00000f5f   Thumb Code   734  main.o(.text)
    testBenchPulse                           0x0000123d   Thumb Code   170  main.o(.text)
    testBenchDuration                        0x000012e7   Thumb Code   192  main.o(.text)
    testBenchIntensity                       0x000013a7   Thumb Code   554  main.o(.text)
    testBenchMotor                           0x000015d1   Thumb Code   306  main.o(.text)
    main                                     0x00001703   Thumb Code    42  main.o(.text)
    PWMGenConfigure                          0x00001769   Thumb Code    42  pwm.o(.text)
    PWMGenPeriodSet                          0x00001793   Thumb Code    22  pwm.o(.text)
    PWMGenPeriodGet                          0x000017a9   Thumb Code    24  pwm.o(.text)
    PWMGenEnable                             0x000017c1   Thumb Code    10  pwm.o(.text)
    PWMGenDisable                            0x000017cb   Thumb Code    10  pwm.o(.text)
    PWMPulseWidthSet                         0x000017d5   Thumb Code    38  pwm.o(.text)
    PWMPulseWidthGet                         0x000017fb   Thumb Code    40  pwm.o(.text)
    PWMDeadBandEnable                        0x00001823   Thumb Code    18  pwm.o(.text)
    PWMDeadBandDisable                       0x00001835   Thumb Code    14  pwm.o(.text)
    PWMSyncUpdate                            0x00001843   Thumb Code     4  pwm.o(.text)
    PWMSyncTimeBase                          0x00001847   Thumb Code     4  pwm.o(.text)
    PWMOutputState                           0x0000184b   Thumb Code    20  pwm.o(.text)
    PWMOutputInvert                          0x0000185f   Thumb Code    20  pwm.o(.text)
    PWMOutputFaultLevel                      0x00001873   Thumb Code    20  pwm.o(.text)
    PWMOutputFault                           0x00001887   Thumb Code    20  pwm.o(.text)
    PWMGenIntRegister                        0x00001993   Thumb Code    38  pwm.o(.text)
    PWMGenIntUnregister                      0x000019b9   Thumb Code    30  pwm.o(.text)
    PWMFaultIntRegister                      0x00001a15   Thumb Code    30  pwm.o(.text)
    PWMFaultIntUnregister                    0x00001a33   Thumb Code    26  pwm.o(.text)
    PWMGenIntTrigEnable                      0x00001a4d   Thumb Code    14  pwm.o(.text)
    PWMGenIntTrigDisable                     0x00001a5b   Thumb Code    14  pwm.o(.text)
    PWMGenIntStatus                          0x00001a69   Thumb Code    16  pwm.o(.text)
    PWMGenIntClear                           0x00001a79   Thumb Code     6  pwm.o(.text)
    PWMIntEnable                             0x00001a7f   Thumb Code     8  pwm.o(.text)
    PWMIntDisable                            0x00001a87   Thumb Code     8  pwm.o(.text)
    PWMFaultIntClear                         0x00001a8f   Thumb Code     8  pwm.o(.text)
    PWMIntStatus                             0x00001a97   Thumb Code    14  pwm.o(.text)
    PWMFaultIntClearExt                      0x00001aa5   Thumb Code     4  pwm.o(.text)
    PWMGenFaultConfigure                     0x00001aa9   Thumb Code    20  pwm.o(.text)
    PWMGenFaultTriggerSet                    0x00001abd   Thumb Code    16  pwm.o(.text)
    PWMGenFaultTriggerGet                    0x00001acd   Thumb Code    16  pwm.o(.text)
    PWMGenFaultStatus                        0x00001add   Thumb Code    38  pwm.o(.text)
    PWMGenFaultClear                         0x00001b03   Thumb Code    36  pwm.o(.text)
    PWMClockSet                              0x00001b27   Thumb Code    18  pwm.o(.text)
    PWMClockGet                              0x00001b39   Thumb Code    60  pwm.o(.text)
    PWMOutputUpdateMode                      0x00001b75   Thumb Code    82  pwm.o(.text)
    SysCtlSRAMSizeGet                        0x00001c4d   Thumb Code    12  sysctl.o(.text)
    SysCtlFlashSizeGet                       0x00001c59   Thumb Code    42  sysctl.o(.text)
    SysCtlFlashSectorSizeGet                 0x00001c83   Thumb Code    40  sysctl.o(.text)
    SysCtlPeripheralPresent                  0x00001cab   Thumb Code    52  sysctl.o(.text)
    SysCtlPeripheralReady                    0x00001cdf   Thumb Code    52  sysctl.o(.text)
    SysCtlPeripheralPowerOn                  0x00001d13   Thumb Code    46  sysctl.o(.text)
    SysCtlPeripheralPowerOff                 0x00001d41   Thumb Code    46  sysctl.o(.text)
    SysCtlPeripheralReset                    0x00001d6f   Thumb Code   106  sysctl.o(.text)
    SysCtlPeripheralEnable                   0x00001dd9   Thumb Code    46  sysctl.o(.text)
    SysCtlPeripheralDisable                  0x00001e07   Thumb Code    46  sysctl.o(.text)
    SysCtlPeripheralSleepEnable              0x00001e35   Thumb Code    46  sysctl.o(.text)
    SysCtlPeripheralSleepDisable             0x00001e63   Thumb Code    46  sysctl.o(.text)
    SysCtlPeripheralDeepSleepEnable          0x00001e91   Thumb Code    46  sysctl.o(.text)
    SysCtlPeripheralDeepSleepDisable         0x00001ebf   Thumb Code    46  sysctl.o(.text)
    SysCtlPeripheralClockGating              0x00001eed   Thumb Code    82  sysctl.o(.text)
    SysCtlIntRegister                        0x00001f3f   Thumb Code    20  sysctl.o(.text)
    SysCtlIntUnregister                      0x00001f53   Thumb Code    16  sysctl.o(.text)
    SysCtlIntEnable                          0x00001f63   Thumb Code    12  sysctl.o(.text)
    SysCtlIntDisable                         0x00001f6f   Thumb Code    12  sysctl.o(.text)
    SysCtlIntClear                           0x00001f7b   Thumb Code     6  sysctl.o(.text)
    SysCtlIntStatus                          0x00001f81   Thumb Code    16  sysctl.o(.text)
    SysCtlLDOSleepSet                        0x00001f91   Thumb Code     6  sysctl.o(.text)
    SysCtlLDOSleepGet                        0x00001f97   Thumb Code     6  sysctl.o(.text)
    SysCtlLDODeepSleepSet                    0x00001f9d   Thumb Code     8  sysctl.o(.text)
    SysCtlLDODeepSleepGet                    0x00001fa5   Thumb Code    60  sysctl.o(.text)
    SysCtlSleepPowerSet                      0x00001fe1   Thumb Code     6  sysctl.o(.text)
    SysCtlDeepSleepPowerSet                  0x00001fe7   Thumb Code     8  sysctl.o(.text)
    SysCtlReset                              0x00001fef   Thumb Code    10  sysctl.o(.text)
    SysCtlSleep                              0x00001ff9   Thumb Code     8  sysctl.o(.text)
    SysCtlDeepSleep                          0x00002001   Thumb Code    40  sysctl.o(.text)
    SysCtlResetCauseGet                      0x00002029   Thumb Code     6  sysctl.o(.text)
    SysCtlResetCauseClear                    0x0000202f   Thumb Code    12  sysctl.o(.text)
    SysCtlMOSCConfigSet                      0x0000203b   Thumb Code     6  sysctl.o(.text)
    SysCtlPIOSCCalibrate                     0x00002041   Thumb Code    82  sysctl.o(.text)
    SysCtlResetBehaviorSet                   0x00002093   Thumb Code     8  sysctl.o(.text)
    SysCtlResetBehaviorGet                   0x0000209b   Thumb Code     8  sysctl.o(.text)
    SysCtlClockFreqSet                       0x000020a3   Thumb Code   646  sysctl.o(.text)
    SysCtlClockSet                           0x00002329   Thumb Code   340  sysctl.o(.text)
    SysCtlClockGet                           0x0000247d   Thumb Code   326  sysctl.o(.text)
    SysCtlDeepSleepClockSet                  0x000025c3   Thumb Code     8  sysctl.o(.text)
    SysCtlDeepSleepClockConfigSet            0x000025cb   Thumb Code   110  sysctl.o(.text)
    SysCtlPWMClockSet                        0x00002639   Thumb Code    16  sysctl.o(.text)
    SysCtlPWMClockGet                        0x00002649   Thumb Code    24  sysctl.o(.text)
    SysCtlGPIOAHBEnable                      0x00002661   Thumb Code    20  sysctl.o(.text)
    SysCtlGPIOAHBDisable                     0x00002675   Thumb Code    20  sysctl.o(.text)
    SysCtlUSBPLLEnable                       0x00002689   Thumb Code    14  sysctl.o(.text)
    SysCtlUSBPLLDisable                      0x00002697   Thumb Code    14  sysctl.o(.text)
    SysCtlVoltageEventConfig                 0x000026a5   Thumb Code     6  sysctl.o(.text)
    SysCtlVoltageEventStatus                 0x000026ab   Thumb Code     6  sysctl.o(.text)
    SysCtlVoltageEventClear                  0x000026b1   Thumb Code    12  sysctl.o(.text)
    SysCtlNMIStatus                          0x000026bd   Thumb Code     6  sysctl.o(.text)
    SysCtlNMIClear                           0x000026c3   Thumb Code    12  sysctl.o(.text)
    SysCtlClockOutConfig                     0x000026cf   Thumb Code    14  sysctl.o(.text)
    SysCtlAltClkConfig                       0x000026dd   Thumb Code     8  sysctl.o(.text)
    UARTParityModeSet                        0x00002755   Thumb Code    12  uart.o(.text)
    UARTParityModeGet                        0x00002761   Thumb Code    10  uart.o(.text)
    UARTFIFOLevelSet                         0x0000276b   Thumb Code     8  uart.o(.text)
    UARTFIFOLevelGet                         0x00002773   Thumb Code    18  uart.o(.text)
    UARTEnable                               0x00002785   Thumb Code    20  uart.o(.text)
    UARTDisable                              0x00002799   Thumb Code    32  uart.o(.text)
    UARTConfigSetExpClk                      0x000027b9   Thumb Code    76  uart.o(.text)
    UARTConfigGetExpClk                      0x00002805   Thumb Code    44  uart.o(.text)
    UARTFIFOEnable                           0x00002831   Thumb Code    10  uart.o(.text)
    UARTFIFODisable                          0x0000283b   Thumb Code    10  uart.o(.text)
    UARTEnableSIR                            0x00002845   Thumb Code    22  uart.o(.text)
    UARTDisableSIR                           0x0000285b   Thumb Code    10  uart.o(.text)
    UARTSmartCardEnable                      0x00002865   Thumb Code    22  uart.o(.text)
    UARTSmartCardDisable                     0x0000287b   Thumb Code    10  uart.o(.text)
    UARTModemControlSet                      0x00002885   Thumb Code    12  uart.o(.text)
    UARTModemControlClear                    0x00002891   Thumb Code    12  uart.o(.text)
    UARTModemControlGet                      0x0000289d   Thumb Code    10  uart.o(.text)
    UARTModemStatusGet                       0x000028a7   Thumb Code    12  uart.o(.text)
    UARTFlowControlSet                       0x000028b3   Thumb Code    12  uart.o(.text)
    UARTFlowControlGet                       0x000028bf   Thumb Code    10  uart.o(.text)
    UARTTxIntModeSet                         0x000028c9   Thumb Code    12  uart.o(.text)
    UARTTxIntModeGet                         0x000028d5   Thumb Code    10  uart.o(.text)
    UARTCharsAvail                           0x000028df   Thumb Code    12  uart.o(.text)
    UARTSpaceAvail                           0x000028eb   Thumb Code    12  uart.o(.text)
    UARTCharGetNonBlocking                   0x000028f7   Thumb Code    20  uart.o(.text)
    UARTCharGet                              0x0000290b   Thumb Code    18  uart.o(.text)
    UARTCharPutNonBlocking                   0x0000291d   Thumb Code    20  uart.o(.text)
    UARTCharPut                              0x00002931   Thumb Code    16  uart.o(.text)
    UARTBreakCtl                             0x00002941   Thumb Code    20  uart.o(.text)
    UARTBusy                                 0x00002955   Thumb Code    10  uart.o(.text)
    UARTIntRegister                          0x0000295f   Thumb Code    30  uart.o(.text)
    UARTIntUnregister                        0x0000297d   Thumb Code    26  uart.o(.text)
    UARTIntEnable                            0x00002997   Thumb Code     8  uart.o(.text)
    UARTIntDisable                           0x0000299f   Thumb Code     8  uart.o(.text)
    UARTIntStatus                            0x000029a7   Thumb Code    12  uart.o(.text)
    UARTIntClear                             0x000029b3   Thumb Code     4  uart.o(.text)
    UARTDMAEnable                            0x000029b7   Thumb Code     8  uart.o(.text)
    UARTDMADisable                           0x000029bf   Thumb Code     8  uart.o(.text)
    UARTRxErrorGet                           0x000029c7   Thumb Code    10  uart.o(.text)
    UARTRxErrorClear                         0x000029d1   Thumb Code     6  uart.o(.text)
    UARTClockSourceSet                       0x000029d7   Thumb Code     6  uart.o(.text)
    UARTClockSourceGet                       0x000029dd   Thumb Code     8  uart.o(.text)
    UART9BitEnable                           0x000029e5   Thumb Code    14  uart.o(.text)
    UART9BitDisable                          0x000029f3   Thumb Code    14  uart.o(.text)
    UART9BitAddrSet                          0x00002a01   Thumb Code    10  uart.o(.text)
    UART9BitAddrSend                         0x00002a0b   Thumb Code    44  uart.o(.text)
    GPIODirModeSet                           0x00002a85   Thumb Code    50  gpio.o(.text)
    GPIODirModeGet                           0x00002ab7   Thumb Code    46  gpio.o(.text)
    GPIOIntTypeSet                           0x00002ae5   Thumb Code   102  gpio.o(.text)
    GPIOIntTypeGet                           0x00002b4b   Thumb Code    84  gpio.o(.text)
    GPIOPadConfigSet                         0x00002b9f   Thumb Code   342  gpio.o(.text)
    GPIOPadConfigGet                         0x00002cf5   Thumb Code   206  gpio.o(.text)
    GPIOIntEnable                            0x00002dc3   Thumb Code    12  gpio.o(.text)
    GPIOIntDisable                           0x00002dcf   Thumb Code    12  gpio.o(.text)
    GPIOIntStatus                            0x00002ddb   Thumb Code    16  gpio.o(.text)
    GPIOIntClear                             0x00002deb   Thumb Code     6  gpio.o(.text)
    GPIOIntRegister                          0x00002df1   Thumb Code    30  gpio.o(.text)
    GPIOIntUnregister                        0x00002e0f   Thumb Code    26  gpio.o(.text)
    GPIOPinRead                              0x00002e29   Thumb Code    32  gpio.o(.text)
    GPIOPinWrite                             0x00002e49   Thumb Code    10  gpio.o(.text)
    GPIOPinTypeADC                           0x00002e53   Thumb Code    30  gpio.o(.text)
    GPIOPinTypeCAN                           0x00002e71   Thumb Code    30  gpio.o(.text)
    GPIOPinTypeComparator                    0x00002e8f   Thumb Code    30  gpio.o(.text)
    GPIOPinTypeComparatorOutput              0x00002ead   Thumb Code    30  gpio.o(.text)
    GPIOPinTypeEPI                           0x00002ecb   Thumb Code    30  gpio.o(.text)
    GPIOPinTypeEthernetLED                   0x00002ee9   Thumb Code    30  gpio.o(.text)
    GPIOPinTypeEthernetMII                   0x00002f07   Thumb Code    30  gpio.o(.text)
    GPIOPinTypeGPIOInput                     0x00002f25   Thumb Code    30  gpio.o(.text)
    GPIOPinTypeGPIOOutput                    0x00002f43   Thumb Code    30  gpio.o(.text)
    GPIOPinTypeGPIOOutputOD                  0x00002f61   Thumb Code    30  gpio.o(.text)
    GPIOPinTypeI2C                           0x00002f7f   Thumb Code    30  gpio.o(.text)
    GPIOPinTypeI2CSCL                        0x00002f9d   Thumb Code    30  gpio.o(.text)
    GPIOPinTypeLCD                           0x00002fbb   Thumb Code    30  gpio.o(.text)
    GPIOPinTypeLPC                           0x00002fd9   Thumb Code    30  gpio.o(.text)
    GPIOPinTypePECIRx                        0x00002ff7   Thumb Code    30  gpio.o(.text)
    GPIOPinTypePECITx                        0x00003015   Thumb Code    30  gpio.o(.text)
    GPIOPinTypePWM                           0x00003033   Thumb Code    30  gpio.o(.text)
    GPIOPinTypeQEI                           0x00003051   Thumb Code    30  gpio.o(.text)
    GPIOPinTypeSSI                           0x0000306f   Thumb Code    30  gpio.o(.text)
    GPIOPinTypeTimer                         0x0000308d   Thumb Code    30  gpio.o(.text)
    GPIOPinTypeUART                          0x000030ab   Thumb Code    30  gpio.o(.text)
    GPIOPinTypeUSBAnalog                     0x000030c9   Thumb Code    30  gpio.o(.text)
    GPIOPinTypeUSBDigital                    0x000030e7   Thumb Code    30  gpio.o(.text)
    GPIOPinTypeWakeHigh                      0x00003105   Thumb Code    32  gpio.o(.text)
    GPIOPinTypeWakeLow                       0x00003125   Thumb Code    32  gpio.o(.text)
    GPIOPinTypeKBRow                         0x00003145   Thumb Code    30  gpio.o(.text)
    GPIOPinTypeKBColumn                      0x00003163   Thumb Code    30  gpio.o(.text)
    GPIOPinTypeLEDSeq                        0x00003181   Thumb Code    30  gpio.o(.text)
    GPIOPinTypeCIR                           0x0000319f   Thumb Code    30  gpio.o(.text)
    GPIOPinWakeStatus                        0x000031bd   Thumb Code     8  gpio.o(.text)
    GPIOPinConfigure                         0x000031c5   Thumb Code    70  gpio.o(.text)
    GPIODMATriggerEnable                     0x0000320b   Thumb Code    12  gpio.o(.text)
    GPIODMATriggerDisable                    0x00003217   Thumb Code    12  gpio.o(.text)
    GPIOADCTriggerEnable                     0x00003223   Thumb Code    12  gpio.o(.text)
    GPIOADCTriggerDisable                    0x0000322f   Thumb Code    12  gpio.o(.text)
    QEIEnable                                0x00003245   Thumb Code    10  qei.o(.text)
    QEIDisable                               0x0000324f   Thumb Code    10  qei.o(.text)
    QEIConfigure                             0x00003259   Thumb Code    14  qei.o(.text)
    QEIPositionGet                           0x00003267   Thumb Code     6  qei.o(.text)
    QEIPositionSet                           0x0000326d   Thumb Code     4  qei.o(.text)
    QEIDirectionGet                          0x00003271   Thumb Code    20  qei.o(.text)
    QEIErrorGet                              0x00003285   Thumb Code    10  qei.o(.text)
    QEIVelocityEnable                        0x0000328f   Thumb Code    10  qei.o(.text)
    QEIVelocityDisable                       0x00003299   Thumb Code    10  qei.o(.text)
    QEIVelocityConfigure                     0x000032a3   Thumb Code    16  qei.o(.text)
    QEIVelocityGet                           0x000032b3   Thumb Code     6  qei.o(.text)
    QEIIntRegister                           0x000032f7   Thumb Code    30  qei.o(.text)
    QEIIntUnregister                         0x00003315   Thumb Code    26  qei.o(.text)
    QEIIntEnable                             0x0000332f   Thumb Code     8  qei.o(.text)
    QEIIntDisable                            0x00003337   Thumb Code     8  qei.o(.text)
    QEIIntStatus                             0x0000333f   Thumb Code    12  qei.o(.text)
    QEIIntClear                              0x0000334b   Thumb Code     4  qei.o(.text)
    FPUEnable                                0x00003365   Thumb Code    14  fpu.o(.text)
    FPUDisable                               0x00003373   Thumb Code    14  fpu.o(.text)
    FPUStackingEnable                        0x00003381   Thumb Code    18  fpu.o(.text)
    FPULazyStackingEnable                    0x00003393   Thumb Code    14  fpu.o(.text)
    FPUStackingDisable                       0x000033a1   Thumb Code    14  fpu.o(.text)
    FPUHalfPrecisionModeSet                  0x000033af   Thumb Code    20  fpu.o(.text)
    FPUNaNModeSet                            0x000033c3   Thumb Code    20  fpu.o(.text)
    FPUFlushToZeroModeSet                    0x000033d7   Thumb Code    20  fpu.o(.text)
    FPURoundingModeSet                       0x000033eb   Thumb Code    20  fpu.o(.text)
    Reset_Handler                            0x00003409   Thumb Code     8  startup_tm4c123.o(.text)
    NMI_Handler                              0x00003411   Thumb Code     2  startup_tm4c123.o(.text)
    HardFault_Handler                        0x00003413   Thumb Code     2  startup_tm4c123.o(.text)
    MemManage_Handler                        0x00003415   Thumb Code     2  startup_tm4c123.o(.text)
    BusFault_Handler                         0x00003417   Thumb Code     2  startup_tm4c123.o(.text)
    UsageFault_Handler                       0x00003419   Thumb Code     2  startup_tm4c123.o(.text)
    SVC_Handler                              0x0000341b   Thumb Code     2  startup_tm4c123.o(.text)
    DebugMon_Handler                         0x0000341d   Thumb Code     2  startup_tm4c123.o(.text)
    PendSV_Handler                           0x0000341f   Thumb Code     2  startup_tm4c123.o(.text)
    SysTick_Handler                          0x00003421   Thumb Code     2  startup_tm4c123.o(.text)
    GPIOA_Handler                            0x00003423   Thumb Code     2  startup_tm4c123.o(.text)
    GPIOB_Handler                            0x00003425   Thumb Code     2  startup_tm4c123.o(.text)
    GPIOC_Handler                            0x00003427   Thumb Code     2  startup_tm4c123.o(.text)
    GPIOD_Handler                            0x00003429   Thumb Code     2  startup_tm4c123.o(.text)
    GPIOE_Handler                            0x0000342b   Thumb Code     2  startup_tm4c123.o(.text)
    UART0_Handler                            0x0000342d   Thumb Code     2  startup_tm4c123.o(.text)
    SSI0_Handler                             0x00003431   Thumb Code     2  startup_tm4c123.o(.text)
    I2C0_Handler                             0x00003433   Thumb Code     2  startup_tm4c123.o(.text)
    PMW0_FAULT_Handler                       0x00003435   Thumb Code     2  startup_tm4c123.o(.text)
    PWM0_0_Handler                           0x00003437   Thumb Code     2  startup_tm4c123.o(.text)
    PWM0_1_Handler                           0x00003439   Thumb Code     2  startup_tm4c123.o(.text)
    PWM0_2_Handler                           0x0000343b   Thumb Code     2  startup_tm4c123.o(.text)
    QEI0_Handler                             0x0000343d   Thumb Code     2  startup_tm4c123.o(.text)
    ADC0SS0_Handler                          0x0000343f   Thumb Code     2  startup_tm4c123.o(.text)
    ADC0SS1_Handler                          0x00003441   Thumb Code     2  startup_tm4c123.o(.text)
    ADC0SS2_Handler                          0x00003443   Thumb Code     2  startup_tm4c123.o(.text)
    ADC0SS3_Handler                          0x00003445   Thumb Code     2  startup_tm4c123.o(.text)
    WDT0_Handler                             0x00003447   Thumb Code     2  startup_tm4c123.o(.text)
    TIMER0A_Handler                          0x00003449   Thumb Code     2  startup_tm4c123.o(.text)
    TIMER0B_Handler                          0x0000344b   Thumb Code     2  startup_tm4c123.o(.text)
    TIMER1A_Handler                          0x0000344d   Thumb Code     2  startup_tm4c123.o(.text)
    TIMER1B_Handler                          0x0000344f   Thumb Code     2  startup_tm4c123.o(.text)
    TIMER2A_Handler                          0x00003451   Thumb Code     2  startup_tm4c123.o(.text)
    TIMER2B_Handler                          0x00003453   Thumb Code     2  startup_tm4c123.o(.text)
    COMP0_Handler                            0x00003455   Thumb Code     2  startup_tm4c123.o(.text)
    COMP1_Handler                            0x00003457   Thumb Code     2  startup_tm4c123.o(.text)
    COMP2_Handler                            0x00003459   Thumb Code     2  startup_tm4c123.o(.text)
    SYSCTL_Handler                           0x0000345b   Thumb Code     2  startup_tm4c123.o(.text)
    FLASH_Handler                            0x0000345d   Thumb Code     2  startup_tm4c123.o(.text)
    GPIOF_Handler                            0x0000345f   Thumb Code     2  startup_tm4c123.o(.text)
    GPIOG_Handler                            0x00003461   Thumb Code     2  startup_tm4c123.o(.text)
    GPIOH_Handler                            0x00003463   Thumb Code     2  startup_tm4c123.o(.text)
    UART2_Handler                            0x00003465   Thumb Code     2  startup_tm4c123.o(.text)
    SSI1_Handler                             0x00003467   Thumb Code     2  startup_tm4c123.o(.text)
    TIMER3A_Handler                          0x00003469   Thumb Code     2  startup_tm4c123.o(.text)
    TIMER3B_Handler                          0x0000346b   Thumb Code     2  startup_tm4c123.o(.text)
    I2C1_Handler                             0x0000346d   Thumb Code     2  startup_tm4c123.o(.text)
    QEI1_Handler                             0x0000346f   Thumb Code     2  startup_tm4c123.o(.text)
    CAN0_Handler                             0x00003471   Thumb Code     2  startup_tm4c123.o(.text)
    CAN1_Handler                             0x00003473   Thumb Code     2  startup_tm4c123.o(.text)
    CAN2_Handler                             0x00003475   Thumb Code     2  startup_tm4c123.o(.text)
    HIB_Handler                              0x00003477   Thumb Code     2  startup_tm4c123.o(.text)
    USB0_Handler                             0x00003479   Thumb Code     2  startup_tm4c123.o(.text)
    PWM0_3_Handler                           0x0000347b   Thumb Code     2  startup_tm4c123.o(.text)
    UDMA_Handler                             0x0000347d   Thumb Code     2  startup_tm4c123.o(.text)
    UDMAERR_Handler                          0x0000347f   Thumb Code     2  startup_tm4c123.o(.text)
    ADC1SS0_Handler                          0x00003481   Thumb Code     2  startup_tm4c123.o(.text)
    ADC1SS1_Handler                          0x00003483   Thumb Code     2  startup_tm4c123.o(.text)
    ADC1SS2_Handler                          0x00003485   Thumb Code     2  startup_tm4c123.o(.text)
    ADC1SS3_Handler                          0x00003487   Thumb Code     2  startup_tm4c123.o(.text)
    GPIOJ_Handler                            0x00003489   Thumb Code     2  startup_tm4c123.o(.text)
    GPIOK_Handler                            0x0000348b   Thumb Code     2  startup_tm4c123.o(.text)
    GPIOL_Handler                            0x0000348d   Thumb Code     2  startup_tm4c123.o(.text)
    SSI2_Handler                             0x0000348f   Thumb Code     2  startup_tm4c123.o(.text)
    SSI3_Handler                             0x00003491   Thumb Code     2  startup_tm4c123.o(.text)
    UART3_Handler                            0x00003493   Thumb Code     2  startup_tm4c123.o(.text)
    UART4_Handler                            0x00003495   Thumb Code     2  startup_tm4c123.o(.text)
    UART5_Handler                            0x00003497   Thumb Code     2  startup_tm4c123.o(.text)
    UART6_Handler                            0x00003499   Thumb Code     2  startup_tm4c123.o(.text)
    UART7_Handler                            0x0000349b   Thumb Code     2  startup_tm4c123.o(.text)
    I2C2_Handler                             0x0000349d   Thumb Code     2  startup_tm4c123.o(.text)
    I2C3_Handler                             0x0000349f   Thumb Code     2  startup_tm4c123.o(.text)
    TIMER4A_Handler                          0x000034a1   Thumb Code     2  startup_tm4c123.o(.text)
    TIMER4B_Handler                          0x000034a3   Thumb Code     2  startup_tm4c123.o(.text)
    TIMER5A_Handler                          0x000034a5   Thumb Code     2  startup_tm4c123.o(.text)
    TIMER5B_Handler                          0x000034a7   Thumb Code     2  startup_tm4c123.o(.text)
    WTIMER0A_Handler                         0x000034a9   Thumb Code     2  startup_tm4c123.o(.text)
    WTIMER0B_Handler                         0x000034ab   Thumb Code     2  startup_tm4c123.o(.text)
    WTIMER1A_Handler                         0x000034ad   Thumb Code     2  startup_tm4c123.o(.text)
    WTIMER1B_Handler                         0x000034af   Thumb Code     2  startup_tm4c123.o(.text)
    WTIMER2A_Handler                         0x000034b1   Thumb Code     2  startup_tm4c123.o(.text)
    WTIMER2B_Handler                         0x000034b3   Thumb Code     2  startup_tm4c123.o(.text)
    WTIMER3A_Handler                         0x000034b5   Thumb Code     2  startup_tm4c123.o(.text)
    WTIMER3B_Handler                         0x000034b7   Thumb Code     2  startup_tm4c123.o(.text)
    WTIMER4A_Handler                         0x000034b9   Thumb Code     2  startup_tm4c123.o(.text)
    WTIMER4B_Handler                         0x000034bb   Thumb Code     2  startup_tm4c123.o(.text)
    WTIMER5A_Handler                         0x000034bd   Thumb Code     2  startup_tm4c123.o(.text)
    WTIMER5B_Handler                         0x000034bf   Thumb Code     2  startup_tm4c123.o(.text)
    FPU_Handler                              0x000034c1   Thumb Code     2  startup_tm4c123.o(.text)
    I2C4_Handler                             0x000034c3   Thumb Code     2  startup_tm4c123.o(.text)
    I2C5_Handler                             0x000034c5   Thumb Code     2  startup_tm4c123.o(.text)
    GPIOM_Handler                            0x000034c7   Thumb Code     2  startup_tm4c123.o(.text)
    GPION_Handler                            0x000034c9   Thumb Code     2  startup_tm4c123.o(.text)
    QEI2_Handler                             0x000034cb   Thumb Code     2  startup_tm4c123.o(.text)
    GPIOP0_Handler                           0x000034cd   Thumb Code     2  startup_tm4c123.o(.text)
    GPIOP1_Handler                           0x000034cf   Thumb Code     2  startup_tm4c123.o(.text)
    GPIOP2_Handler                           0x000034d1   Thumb Code     2  startup_tm4c123.o(.text)
    GPIOP3_Handler                           0x000034d3   Thumb Code     2  startup_tm4c123.o(.text)
    GPIOP4_Handler                           0x000034d5   Thumb Code     2  startup_tm4c123.o(.text)
    GPIOP5_Handler                           0x000034d7   Thumb Code     2  startup_tm4c123.o(.text)
    GPIOP6_Handler                           0x000034d9   Thumb Code     2  startup_tm4c123.o(.text)
    GPIOP7_Handler                           0x000034db   Thumb Code     2  startup_tm4c123.o(.text)
    GPIOQ0_Handler                           0x000034dd   Thumb Code     2  startup_tm4c123.o(.text)
    GPIOQ1_Handler                           0x000034df   Thumb Code     2  startup_tm4c123.o(.text)
    GPIOQ2_Handler                           0x000034e1   Thumb Code     2  startup_tm4c123.o(.text)
    GPIOQ3_Handler                           0x000034e3   Thumb Code     2  startup_tm4c123.o(.text)
    GPIOQ4_Handler                           0x000034e5   Thumb Code     2  startup_tm4c123.o(.text)
    GPIOQ5_Handler                           0x000034e7   Thumb Code     2  startup_tm4c123.o(.text)
    GPIOQ6_Handler                           0x000034e9   Thumb Code     2  startup_tm4c123.o(.text)
    GPIOQ7_Handler                           0x000034eb   Thumb Code     2  startup_tm4c123.o(.text)
    GPIOR_Handler                            0x000034ed   Thumb Code     2  startup_tm4c123.o(.text)
    GPIOS_Handler                            0x000034ef   Thumb Code     2  startup_tm4c123.o(.text)
    PMW1_0_Handler                           0x000034f1   Thumb Code     2  startup_tm4c123.o(.text)
    PWM1_1_Handler                           0x000034f3   Thumb Code     2  startup_tm4c123.o(.text)
    PWM1_2_Handler                           0x000034f5   Thumb Code     2  startup_tm4c123.o(.text)
    PWM1_3_Handler                           0x000034f7   Thumb Code     2  startup_tm4c123.o(.text)
    PWM1_FAULT_Handler                       0x000034f9   Thumb Code     2  startup_tm4c123.o(.text)
    __user_initial_stackheap                 0x000034fd   Thumb Code     0  startup_tm4c123.o(.text)
    SystemCoreClockUpdate                    0x000035d3   Thumb Code   184  system_tm4c123.o(.text)
    SystemInit                               0x0000368b   Thumb Code   112  system_tm4c123.o(.text)
    __use_two_region_memory                  0x0000376d   Thumb Code     2  heapauxi.o(.text)
    __rt_heap_escrow$2region                 0x0000376f   Thumb Code     2  heapauxi.o(.text)
    __rt_heap_expand$2region                 0x00003771   Thumb Code     2  heapauxi.o(.text)
    __user_setup_stackheap                   0x00003773   Thumb Code    74  sys_stackheap_outer.o(.text)
    exit                                     0x000037bd   Thumb Code    12  exit.o(.text)
    __user_libspace                          0x000037c9   Thumb Code     8  libspace.o(.text)
    __user_perproc_libspace                  0x000037c9   Thumb Code     0  libspace.o(.text)
    __user_perthread_libspace                0x000037c9   Thumb Code     0  libspace.o(.text)
    _sys_exit                                0x000037d1   Thumb Code     8  sys_exit.o(.text)
    __I$use$semihosting                      0x000037dd   Thumb Code     0  use_no_semi.o(.text)
    __use_no_semihosting_swi                 0x000037dd   Thumb Code     2  use_no_semi.o(.text)
    __semihosting_library_function           0x000037df   Thumb Code     0  indicate_semi.o(.text)
    IntDisable                               0x000037e1   Thumb Code    92  interrupt.o(i.IntDisable)
    IntEnable                                0x00003845   Thumb Code    92  interrupt.o(i.IntEnable)
    IntMasterEnable                          0x000038a9   Thumb Code    14  interrupt.o(i.IntMasterEnable)
    IntRegister                              0x000038b9   Thumb Code    44  interrupt.o(i.IntRegister)
    IntUnregister                            0x000038ed   Thumb Code    10  interrupt.o(i.IntUnregister)
    __aeabi_ddiv                             0x00003905   Thumb Code     0  ddiv.o(x$fpl$ddiv)
    _ddiv                                    0x00003905   Thumb Code   552  ddiv.o(x$fpl$ddiv)
    __aeabi_d2iz                             0x00003bb5   Thumb Code     0  dfix.o(x$fpl$dfix)
    _dfix                                    0x00003bb5   Thumb Code    94  dfix.o(x$fpl$dfix)
    __aeabi_i2d                              0x00003c13   Thumb Code     0  dflt_clz.o(x$fpl$dflt)
    _dflt                                    0x00003c13   Thumb Code    46  dflt_clz.o(x$fpl$dflt)
    __aeabi_ui2d                             0x00003c41   Thumb Code     0  dflt_clz.o(x$fpl$dfltu)
    _dfltu                                   0x00003c41   Thumb Code    38  dflt_clz.o(x$fpl$dfltu)
    __aeabi_dmul                             0x00003c69   Thumb Code     0  dmul.o(x$fpl$dmul)
    _dmul                                    0x00003c69   Thumb Code   332  dmul.o(x$fpl$dmul)
    __fpl_dnaninf                            0x00003dbd   Thumb Code   156  dnaninf.o(x$fpl$dnaninf)
    __fpl_dretinf                            0x00003e59   Thumb Code    12  dretinf.o(x$fpl$dretinf)
    _fp_init                                 0x00003e65   Thumb Code    10  fpinit.o(x$fpl$fpinit)
    __fplib_config_fpu_vfp                   0x00003e6d   Thumb Code     0  fpinit.o(x$fpl$fpinit)
    __fplib_config_pureend_doubles           0x00003e6d   Thumb Code     0  fpinit.o(x$fpl$fpinit)
    __I$use$fp                               0x00003e6e   Number         0  usenofp.o(x$fpl$usenofp)
    Region$$Table$$Base                      0x000043d0   Number         0  anon$$obj.o(Region$$Table)
    Region$$Table$$Limit                     0x000043f0   Number         0  anon$$obj.o(Region$$Table)
    UART1                                    0x20000000   Data           4  main.o(.data)
    timeEngrave                              0x20000004   Data           4  main.o(.data)
    laserKey                                 0x20000008   Data           1  main.o(.data)
    positiveXPixels                          0x2000000a   Data           2  main.o(.data)
    positiveYPixels                          0x2000000c   Data           2  main.o(.data)
    encoderPositionX                         0x20000010   Data           4  main.o(.data)
    encoderPositionY                         0x20000014   Data           4  main.o(.data)
    engraveReady                             0x20000018   Data           1  main.o(.data)
    identifier                               0x20000019   Data           2  main.o(.data)
    tempPosition                             0x2000001c   Data           4  main.o(.data)
    moveX                                    0x20000020   Data           2  main.o(.data)
    moveY                                    0x20000022   Data           2  main.o(.data)
    dwellTime                                0x20000024   Data           2  main.o(.data)
    numberOfRows                             0x20000026   Data           1  main.o(.data)
    firstRun                                 0x20000027   Data           1  main.o(.data)
    commandIndex                             0x20000028   Data           4  main.o(.data)
    size                                     0x2000002c   Data           4  main.o(.data)
    sizeColumns                              0x20000030   Data           2  main.o(.data)
    sizeRows                                 0x20000032   Data           2  main.o(.data)
    i                                        0x20000034   Data           4  main.o(.data)
    j                                        0x20000038   Data           4  main.o(.data)
    stop                                     0x2000003c   Data           5  main.o(.data)
    go                                       0x20000041   Data           3  main.o(.data)
    done                                     0x20000044   Data           1  main.o(.data)
    start                                    0x20000045   Data           1  main.o(.data)
    readyToGo                                0x20000046   Data           1  main.o(.data)
    temp                                     0x20000047   Data           1  main.o(.data)
    wellShit                                 0x20000048   Data           1  main.o(.data)
    ui32Status                               0x2000004c   Data           4  main.o(.data)
    s                                        0x20000050   Data           4  main.o(.data)
    mytest                                   0x20000054   Data           4  main.o(.data)
    positionX                                0x20000058   Data           4  main.o(.data)
    positionY                                0x2000005c   Data           4  main.o(.data)
    xCommandsEnd                             0x20000060   Data           4  main.o(.data)
    xCommandsIndex                           0x20000064   Data           4  main.o(.data)
    yCommandsEnd                             0x20000068   Data           4  main.o(.data)
    yCommandsIndex                           0x2000006c   Data           4  main.o(.data)
    gCodeEnd                                 0x20000070   Data           4  main.o(.data)
    gCodeIndex                               0x20000074   Data           4  main.o(.data)
    pauseValuesEnd                           0x20000078   Data           4  main.o(.data)
    pauseValuesIndex                         0x2000007c   Data           4  main.o(.data)
    burnDurVal                               0x20000080   Data           2  main.o(.data)
    SystemCoreClock                          0x20000084   Data           4  system_tm4c123.o(.data)
    command                                  0x2000066c   Data          10  main.o(.bss)
    xCommands                                0x20000676   Data        3224  main.o(.bss)
    yCommands                                0x2000130e   Data        3224  main.o(.bss)
    gCode                                    0x20001fa6   Data       16012  main.o(.bss)
    pauseValues                              0x20005e32   Data        3224  main.o(.bss)
    __libspace_start                         0x20006acc   Data          96  libspace.o(.bss)
    __temporary_stack_top$libspace           0x20006b2c   Data           0  libspace.o(.bss)



==============================================================================

Memory Map of the image

  Image Entry point : 0x00003409

  Load Region LR_1 (Base: 0x00000000, Size: 0x00004a5c, Max: 0xffffffff, ABSOLUTE, COMPRESSED[0x00004414])

    Execution Region ER_RO (Base: 0x00000000, Size: 0x000043f0, Max: 0xffffffff, ABSOLUTE)

    Base Addr    Size         Type   Attr      Idx    E Section Name        Object

    0x00000000   0x0000026c   Data   RO          216    RESET               startup_tm4c123.o
    0x0000026c   0x00000008   Code   RO          421  * !!!main             c_w.l(__main.o)
    0x00000274   0x00000034   Code   RO          600    !!!scatter          c_w.l(__scatter.o)
    0x000002a8   0x0000003a   Code   RO          598    !!dczerorl          c_w.l(__dczerorl.o)
    0x000002e2   0x00000002   PAD
    0x000002e4   0x0000001c   Code   RO          602    !!handler_zi        c_w.l(__scatter_zi.o)
    0x00000300   0x00000002   Code   RO          469    .ARM.Collect$$libinit$$00000000  c_w.l(libinit.o)
    0x00000302   0x00000004   Code   RO          475    .ARM.Collect$$libinit$$00000001  c_w.l(libinit2.o)
    0x00000306   0x00000000   Code   RO          478    .ARM.Collect$$libinit$$00000004  c_w.l(libinit2.o)
    0x00000306   0x00000000   Code   RO          481    .ARM.Collect$$libinit$$0000000A  c_w.l(libinit2.o)
    0x00000306   0x00000000   Code   RO          483    .ARM.Collect$$libinit$$0000000C  c_w.l(libinit2.o)
    0x00000306   0x00000000   Code   RO          485    .ARM.Collect$$libinit$$0000000E  c_w.l(libinit2.o)
    0x00000306   0x00000000   Code   RO          488    .ARM.Collect$$libinit$$00000011  c_w.l(libinit2.o)
    0x00000306   0x00000000   Code   RO          490    .ARM.Collect$$libinit$$00000013  c_w.l(libinit2.o)
    0x00000306   0x00000000   Code   RO          492    .ARM.Collect$$libinit$$00000015  c_w.l(libinit2.o)
    0x00000306   0x00000000   Code   RO          494    .ARM.Collect$$libinit$$00000017  c_w.l(libinit2.o)
    0x00000306   0x00000000   Code   RO          496    .ARM.Collect$$libinit$$00000019  c_w.l(libinit2.o)
    0x00000306   0x00000000   Code   RO          498    .ARM.Collect$$libinit$$0000001B  c_w.l(libinit2.o)
    0x00000306   0x00000000   Code   RO          500    .ARM.Collect$$libinit$$0000001D  c_w.l(libinit2.o)
    0x00000306   0x00000000   Code   RO          502    .ARM.Collect$$libinit$$0000001F  c_w.l(libinit2.o)
    0x00000306   0x00000000   Code   RO          504    .ARM.Collect$$libinit$$00000021  c_w.l(libinit2.o)
    0x00000306   0x00000000   Code   RO          506    .ARM.Collect$$libinit$$00000023  c_w.l(libinit2.o)
    0x00000306   0x00000000   Code   RO          508    .ARM.Collect$$libinit$$00000025  c_w.l(libinit2.o)
    0x00000306   0x00000000   Code   RO          512    .ARM.Collect$$libinit$$0000002C  c_w.l(libinit2.o)
    0x00000306   0x00000000   Code   RO          514    .ARM.Collect$$libinit$$0000002E  c_w.l(libinit2.o)
    0x00000306   0x00000000   Code   RO          516    .ARM.Collect$$libinit$$00000030  c_w.l(libinit2.o)
    0x00000306   0x00000000   Code   RO          518    .ARM.Collect$$libinit$$00000032  c_w.l(libinit2.o)
    0x00000306   0x00000002   Code   RO          519    .ARM.Collect$$libinit$$00000033  c_w.l(libinit2.o)
    0x00000308   0x00000002   Code   RO          539    .ARM.Collect$$libshutdown$$00000000  c_w.l(libshutdown.o)
    0x0000030a   0x00000000   Code   RO          553    .ARM.Collect$$libshutdown$$00000003  c_w.l(libshutdown2.o)
    0x0000030a   0x00000000   Code   RO          556    .ARM.Collect$$libshutdown$$00000006  c_w.l(libshutdown2.o)
    0x0000030a   0x00000000   Code   RO          559    .ARM.Collect$$libshutdown$$00000009  c_w.l(libshutdown2.o)
    0x0000030a   0x00000000   Code   RO          561    .ARM.Collect$$libshutdown$$0000000B  c_w.l(libshutdown2.o)
    0x0000030a   0x00000000   Code   RO          564    .ARM.Collect$$libshutdown$$0000000E  c_w.l(libshutdown2.o)
    0x0000030a   0x00000002   Code   RO          565    .ARM.Collect$$libshutdown$$0000000F  c_w.l(libshutdown2.o)
    0x0000030c   0x00000000   Code   RO          439    .ARM.Collect$$rtentry$$00000000  c_w.l(__rtentry.o)
    0x0000030c   0x00000000   Code   RO          446    .ARM.Collect$$rtentry$$00000002  c_w.l(__rtentry2.o)
    0x0000030c   0x00000006   Code   RO          458    .ARM.Collect$$rtentry$$00000004  c_w.l(__rtentry4.o)
    0x00000312   0x00000000   Code   RO          448    .ARM.Collect$$rtentry$$00000009  c_w.l(__rtentry2.o)
    0x00000312   0x00000004   Code   RO          449    .ARM.Collect$$rtentry$$0000000A  c_w.l(__rtentry2.o)
    0x00000316   0x00000000   Code   RO          451    .ARM.Collect$$rtentry$$0000000C  c_w.l(__rtentry2.o)
    0x00000316   0x00000008   Code   RO          452    .ARM.Collect$$rtentry$$0000000D  c_w.l(__rtentry2.o)
    0x0000031e   0x00000002   Code   RO          473    .ARM.Collect$$rtexit$$00000000  c_w.l(rtexit.o)
    0x00000320   0x00000000   Code   RO          521    .ARM.Collect$$rtexit$$00000002  c_w.l(rtexit2.o)
    0x00000320   0x00000004   Code   RO          522    .ARM.Collect$$rtexit$$00000003  c_w.l(rtexit2.o)
    0x00000324   0x00000006   Code   RO          523    .ARM.Collect$$rtexit$$00000004  c_w.l(rtexit2.o)
    0x0000032a   0x00000002   PAD
    0x0000032c   0x00000006   Code   RO          110    .emb_text           sysctl.o
    0x00000332   0x00000002   PAD
    0x00000334   0x00000026   Code   RO          273    .emb_text           driverlib.lib(cpu.o)
    0x0000035a   0x00000002   PAD
    0x0000035c   0x0000140c   Code   RO            1    .text               main.o
    0x00001768   0x0000045e   Code   RO           74    .text               pwm.o
    0x00001bc6   0x00000002   PAD
    0x00001bc8   0x00000b54   Code   RO          111    .text               sysctl.o
    0x0000271c   0x00000330   Code   RO          141    .text               uart.o
    0x00002a4c   0x000007f8   Code   RO          161    .text               gpio.o
    0x00003244   0x00000120   Code   RO          181    .text               qei.o
    0x00003364   0x000000a4   Code   RO          199    .text               fpu.o
    0x00003408   0x00000114   Code   RO          217  * .text               startup_tm4c123.o
    0x0000351c   0x00000250   Code   RO          224    .text               system_tm4c123.o
    0x0000376c   0x00000006   Code   RO          419    .text               c_w.l(heapauxi.o)
    0x00003772   0x0000004a   Code   RO          460    .text               c_w.l(sys_stackheap_outer.o)
    0x000037bc   0x0000000c   Code   RO          462    .text               c_w.l(exit.o)
    0x000037c8   0x00000008   Code   RO          470    .text               c_w.l(libspace.o)
    0x000037d0   0x0000000c   Code   RO          531    .text               c_w.l(sys_exit.o)
    0x000037dc   0x00000002   Code   RO          542    .text               c_w.l(use_no_semi.o)
    0x000037de   0x00000000   Code   RO          544    .text               c_w.l(indicate_semi.o)
    0x000037de   0x00000002   PAD
    0x000037e0   0x00000064   Code   RO          289    i.IntDisable        driverlib.lib(interrupt.o)
    0x00003844   0x00000064   Code   RO          290    i.IntEnable         driverlib.lib(interrupt.o)
    0x000038a8   0x0000000e   Code   RO          293    i.IntMasterEnable   driverlib.lib(interrupt.o)
    0x000038b6   0x00000002   PAD
    0x000038b8   0x00000034   Code   RO          302    i.IntRegister       driverlib.lib(interrupt.o)
    0x000038ec   0x00000014   Code   RO          304    i.IntUnregister     driverlib.lib(interrupt.o)
    0x00003900   0x00000002   Code   RO          305    i._IntDefaultHandler  driverlib.lib(interrupt.o)
    0x00003902   0x00000002   PAD
    0x00003904   0x000002b0   Code   RO          424    x$fpl$ddiv          fz_wm.l(ddiv.o)
    0x00003bb4   0x0000005e   Code   RO          427    x$fpl$dfix          fz_wm.l(dfix.o)
    0x00003c12   0x0000002e   Code   RO          432    x$fpl$dflt          fz_wm.l(dflt_clz.o)
    0x00003c40   0x00000026   Code   RO          431    x$fpl$dfltu         fz_wm.l(dflt_clz.o)
    0x00003c66   0x00000002   PAD
    0x00003c68   0x00000154   Code   RO          437    x$fpl$dmul          fz_wm.l(dmul.o)
    0x00003dbc   0x0000009c   Code   RO          440    x$fpl$dnaninf       fz_wm.l(dnaninf.o)
    0x00003e58   0x0000000c   Code   RO          442    x$fpl$dretinf       fz_wm.l(dretinf.o)
    0x00003e64   0x0000000a   Code   RO          529    x$fpl$fpinit        fz_wm.l(fpinit.o)
    0x00003e6e   0x00000000   Code   RO          444    x$fpl$usenofp       fz_wm.l(usenofp.o)
    0x00003e6e   0x00000002   PAD
    0x00003e70   0x000001c4   Data   RO          112    .constdata          sysctl.o
    0x00004034   0x00000080   Data   RO          142    .constdata          uart.o
    0x000040b4   0x00000210   Data   RO          162    .constdata          gpio.o
    0x000042c4   0x0000010c   Data   RO          306    .constdata          driverlib.lib(interrupt.o)
    0x000043d0   0x00000020   Data   RO          596    Region$$Table       anon$$obj.o


    Execution Region ER_RW (Base: 0x20000000, Size: 0x0000066c, Max: 0xffffffff, ABSOLUTE, COMPRESSED[0x00000024])

    Base Addr    Size         Type   Attr      Idx    E Section Name        Object

    0x20000000   0x00000082   Data   RW            3    .data               main.o
    0x20000082   0x00000002   PAD
    0x20000084   0x00000004   Data   RW          225    .data               system_tm4c123.o
    0x20000088   0x00000378   PAD
    0x20000400   0x0000026c   Data   RW          307    vtable              driverlib.lib(interrupt.o)


    Execution Region ER_ZI (Base: 0x2000066c, Size: 0x000066c4, Max: 0xffffffff, ABSOLUTE)

    Base Addr    Size         Type   Attr      Idx    E Section Name        Object

    0x2000066c   0x0000645e   Zero   RW            2    .bss                main.o
    0x20006aca   0x00000002   PAD
    0x20006acc   0x00000060   Zero   RW          471    .bss                c_w.l(libspace.o)
    0x20006b2c   0x00000004   PAD
    0x20006b30   0x00000000   Zero   RW          215    HEAP                startup_tm4c123.o
    0x20006b30   0x00000200   Zero   RW          214    STACK               startup_tm4c123.o


==============================================================================

Image component sizes


      Code (inc. data)   RO Data    RW Data    ZI Data      Debug   Object Name

       164         10          0          0          0       1561   fpu.o
      2040         30        528          0          0      13453   gpio.o
      5132        492          0        130      25694      12327   main.o
      1118         32          0          0          0      10073   pwm.o
       288         22          0          0          0       3951   qei.o
       276         24        620          0        512       5448   startup_tm4c123.o
      2906        168        452          0          0      14049   sysctl.o
       592        138          0          4          0       1517   system_tm4c123.o
       816         22        128          0          0      10696   uart.o

    ----------------------------------------------------------------------
     13336        938       1760       1024      26208      73075   Object Totals
         0          0         32          0          0          0   (incl. Generated)
         4          0          0        890          2          0   (incl. Padding)

    ----------------------------------------------------------------------

      Code (inc. data)   RO Data    RW Data    ZI Data      Debug   Library Member Name

        58          0          0          0          0          0   __dczerorl.o
         8          0          0          0          0         68   __main.o
         0          0          0          0          0          0   __rtentry.o
        12          0          0          0          0          0   __rtentry2.o
         6          0          0          0          0          0   __rtentry4.o
        52          8          0          0          0          0   __scatter.o
        28          0          0          0          0          0   __scatter_zi.o
        12          0          0          0          0         72   exit.o
         6          0          0          0          0        152   heapauxi.o
         0          0          0          0          0          0   indicate_semi.o
         2          0          0          0          0          0   libinit.o
         6          0          0          0          0          0   libinit2.o
         2          0          0          0          0          0   libshutdown.o
         2          0          0          0          0          0   libshutdown2.o
         8          4          0          0         96         68   libspace.o
         2          0          0          0          0          0   rtexit.o
        10          0          0          0          0          0   rtexit2.o
        12          4          0          0          0         68   sys_exit.o
        74          0          0          0          0         80   sys_stackheap_outer.o
         2          0          0          0          0         68   use_no_semi.o
        38          0          0          0          0       3320   cpu.o
       288         34        268        620          0       3961   interrupt.o
       688        140          0          0          0        256   ddiv.o
        94          4          0          0          0        140   dfix.o
        84          0          0          0          0        232   dflt_clz.o
       340         12          0          0          0        152   dmul.o
       156          4          0          0          0        140   dnaninf.o
        12          0          0          0          0        116   dretinf.o
        10          0          0          0          0        116   fpinit.o
         0          0          0          0          0          0   usenofp.o

    ----------------------------------------------------------------------
      2028        210        268        620        100       9009   Library Totals
        16          0          0          0          4          0   (incl. Padding)

    ----------------------------------------------------------------------

      Code (inc. data)   RO Data    RW Data    ZI Data      Debug   Library Name

       302         16          0          0         96        576   c_w.l
       326         34        268        620          0       7281   driverlib.lib
      1384        160          0          0          0       1152   fz_wm.l

    ----------------------------------------------------------------------
      2028        210        268        620        100       9009   Library Totals

    ----------------------------------------------------------------------

==============================================================================


      Code (inc. data)   RO Data    RW Data    ZI Data      Debug   

     15364       1148       2028       1644      26308      78328   Grand Totals
     15364       1148       2028         36      26308      78328   ELF Image Totals (compressed)
     15364       1148       2028         36          0          0   ROM Totals

==============================================================================

    Total RO  Size (Code + RO Data)                17392 (  16.98kB)
    Total RW  Size (RW Data + ZI Data)             27952 (  27.30kB)
    Total ROM Size (Code + RO Data + RW Data)      17428 (  17.02kB)

==============================================================================

